C:/MyFolder/01_GitRepoProject/01_Release Candidate/02_GitHub/STM32CubeFunctionPack_ALLMEMS1_V4.2.0/Middlewares/ST/STM32_MetaDataManager/MetaDataManager.c:505:13:PrintOut_MDM_LicenseStatus	0	static
C:/MyFolder/01_GitRepoProject/01_Release Candidate/02_GitHub/STM32CubeFunctionPack_ALLMEMS1_V4.2.0/Middlewares/ST/STM32_MetaDataManager/MetaDataManager.c:373:17:ReCallMetaDataManager	32	static
C:/MyFolder/01_GitRepoProject/01_Release Candidate/02_GitHub/STM32CubeFunctionPack_ALLMEMS1_V4.2.0/Middlewares/ST/STM32_MetaDataManager/MetaDataManager.c:524:13:PrintOut_MDM_GMDStatus	16	static
C:/MyFolder/01_GitRepoProject/01_Release Candidate/02_GitHub/STM32CubeFunctionPack_ALLMEMS1_V4.2.0/Middlewares/ST/STM32_MetaDataManager/MetaDataManager.c:450:6:ReseMetaDataManager	0	static
C:/MyFolder/01_GitRepoProject/01_Release Candidate/02_GitHub/STM32CubeFunctionPack_ALLMEMS1_V4.2.0/Middlewares/ST/STM32_MetaDataManager/MetaDataManager.c:476:10:EraseMetaDataManager	16	static
C:/MyFolder/01_GitRepoProject/01_Release Candidate/02_GitHub/STM32CubeFunctionPack_ALLMEMS1_V4.2.0/Middlewares/ST/STM32_MetaDataManager/MetaDataManager.c:489:6:SaveMetaDataManager	16	static
C:/MyFolder/01_GitRepoProject/01_Release Candidate/02_GitHub/STM32CubeFunctionPack_ALLMEMS1_V4.2.0/Middlewares/ST/STM32_MetaDataManager/MetaDataManager.c:96:6:InitMetaDataManager	64	static
C:/MyFolder/01_GitRepoProject/01_Release Candidate/02_GitHub/STM32CubeFunctionPack_ALLMEMS1_V4.2.0/Middlewares/ST/STM32_MetaDataManager/MetaDataManager.c:543:9:MDM_LicenseParsing	24	static
C:/MyFolder/01_GitRepoProject/01_Release Candidate/02_GitHub/STM32CubeFunctionPack_ALLMEMS1_V4.2.0/Middlewares/ST/STM32_MetaDataManager/MetaDataManager.c:612:10:MetaDataLicenseStatus	0	static
C:/MyFolder/01_GitRepoProject/01_Release Candidate/02_GitHub/STM32CubeFunctionPack_ALLMEMS1_V4.2.0/Middlewares/ST/STM32_MetaDataManager/MetaDataManager.c:623:10:MDM_SaveGMD	16	static
C:/MyFolder/01_GitRepoProject/01_Release Candidate/02_GitHub/STM32CubeFunctionPack_ALLMEMS1_V4.2.0/Middlewares/ST/STM32_MetaDataManager/MetaDataManager.c:644:10:MDM_ReCallGMD	16	static
