C:/MyFolder/01_GitRepoProject/01_Release Candidate/02_GitHub/STM32CubeFunctionPack_ALLMEMS1_V4.2.0/Middlewares/ST/BlueNRG-2/utils/ble_list.c:29:6:list_init_head	0	static
C:/MyFolder/01_GitRepoProject/01_Release Candidate/02_GitHub/STM32CubeFunctionPack_ALLMEMS1_V4.2.0/Middlewares/ST/BlueNRG-2/utils/ble_list.c:35:9:list_is_empty	0	static,ignoring_inline_asm
C:/MyFolder/01_GitRepoProject/01_Release Candidate/02_GitHub/STM32CubeFunctionPack_ALLMEMS1_V4.2.0/Middlewares/ST/BlueNRG-2/utils/ble_list.c:57:6:list_insert_head	0	static,ignoring_inline_asm
C:/MyFolder/01_GitRepoProject/01_Release Candidate/02_GitHub/STM32CubeFunctionPack_ALLMEMS1_V4.2.0/Middlewares/ST/BlueNRG-2/utils/ble_list.c:71:6:list_insert_tail	0	static,ignoring_inline_asm
C:/MyFolder/01_GitRepoProject/01_Release Candidate/02_GitHub/STM32CubeFunctionPack_ALLMEMS1_V4.2.0/Middlewares/ST/BlueNRG-2/utils/ble_list.c:85:6:list_remove_node	0	static,ignoring_inline_asm
C:/MyFolder/01_GitRepoProject/01_Release Candidate/02_GitHub/STM32CubeFunctionPack_ALLMEMS1_V4.2.0/Middlewares/ST/BlueNRG-2/utils/ble_list.c:97:6:list_remove_head	16	static,ignoring_inline_asm
C:/MyFolder/01_GitRepoProject/01_Release Candidate/02_GitHub/STM32CubeFunctionPack_ALLMEMS1_V4.2.0/Middlewares/ST/BlueNRG-2/utils/ble_list.c:111:6:list_remove_tail	16	static,ignoring_inline_asm
C:/MyFolder/01_GitRepoProject/01_Release Candidate/02_GitHub/STM32CubeFunctionPack_ALLMEMS1_V4.2.0/Middlewares/ST/BlueNRG-2/utils/ble_list.c:125:6:list_insert_node_after	0	static,ignoring_inline_asm
C:/MyFolder/01_GitRepoProject/01_Release Candidate/02_GitHub/STM32CubeFunctionPack_ALLMEMS1_V4.2.0/Middlewares/ST/BlueNRG-2/utils/ble_list.c:139:6:list_insert_node_before	0	static,ignoring_inline_asm
C:/MyFolder/01_GitRepoProject/01_Release Candidate/02_GitHub/STM32CubeFunctionPack_ALLMEMS1_V4.2.0/Middlewares/ST/BlueNRG-2/utils/ble_list.c:153:5:list_get_size	0	static,ignoring_inline_asm
C:/MyFolder/01_GitRepoProject/01_Release Candidate/02_GitHub/STM32CubeFunctionPack_ALLMEMS1_V4.2.0/Middlewares/ST/BlueNRG-2/utils/ble_list.c:174:6:list_get_next_node	0	static,ignoring_inline_asm
C:/MyFolder/01_GitRepoProject/01_Release Candidate/02_GitHub/STM32CubeFunctionPack_ALLMEMS1_V4.2.0/Middlewares/ST/BlueNRG-2/utils/ble_list.c:185:6:list_get_prev_node	0	static,ignoring_inline_asm
