C:/MyFolder/01_GitRepoProject/01_Release Candidate/02_GitHub/STM32CubeFunctionPack_ALLMEMS1_V4.2.0/Drivers/STM32L4xx_HAL_Driver/Src/stm32l4xx_hal_i2c_ex.c:97:19:HAL_I2CEx_ConfigAnalogFilter	0	static
C:/MyFolder/01_GitRepoProject/01_Release Candidate/02_GitHub/STM32CubeFunctionPack_ALLMEMS1_V4.2.0/Drivers/STM32L4xx_HAL_Driver/Src/stm32l4xx_hal_i2c_ex.c:141:19:HAL_I2CEx_ConfigDigitalFilter	0	static
C:/MyFolder/01_GitRepoProject/01_Release Candidate/02_GitHub/STM32CubeFunctionPack_ALLMEMS1_V4.2.0/Drivers/STM32L4xx_HAL_Driver/Src/stm32l4xx_hal_i2c_ex.c:192:19:HAL_I2CEx_EnableWakeUp	0	static
C:/MyFolder/01_GitRepoProject/01_Release Candidate/02_GitHub/STM32CubeFunctionPack_ALLMEMS1_V4.2.0/Drivers/STM32L4xx_HAL_Driver/Src/stm32l4xx_hal_i2c_ex.c:231:19:HAL_I2CEx_DisableWakeUp	0	static
C:/MyFolder/01_GitRepoProject/01_Release Candidate/02_GitHub/STM32CubeFunctionPack_ALLMEMS1_V4.2.0/Drivers/STM32L4xx_HAL_Driver/Src/stm32l4xx_hal_i2c_ex.c:281:6:HAL_I2CEx_EnableFastModePlus	8	static
C:/MyFolder/01_GitRepoProject/01_Release Candidate/02_GitHub/STM32CubeFunctionPack_ALLMEMS1_V4.2.0/Drivers/STM32L4xx_HAL_Driver/Src/stm32l4xx_hal_i2c_ex.c:310:6:HAL_I2CEx_DisableFastModePlus	8	static
