C:/MyFolder/01_GitRepoProject/01_Release Candidate/02_GitHub/STM32CubeFunctionPack_ALLMEMS1_V4.2.0/Drivers/STM32L4xx_HAL_Driver/Src/stm32l4xx_hal_flash.c:698:13:FLASH_Program_DoubleWord	4	static,ignoring_inline_asm
C:/MyFolder/01_GitRepoProject/01_Release Candidate/02_GitHub/STM32CubeFunctionPack_ALLMEMS1_V4.2.0/Drivers/STM32L4xx_HAL_Driver/Src/stm32l4xx_hal_flash.c:723:13:FLASH_Program_Fast	0	static,ignoring_inline_asm
C:/MyFolder/01_GitRepoProject/01_Release Candidate/02_GitHub/STM32CubeFunctionPack_ALLMEMS1_V4.2.0/Drivers/STM32L4xx_HAL_Driver/Src/stm32l4xx_hal_flash.c:253:19:HAL_FLASH_Program_IT	16	static
C:/MyFolder/01_GitRepoProject/01_Release Candidate/02_GitHub/STM32CubeFunctionPack_ALLMEMS1_V4.2.0/Drivers/STM32L4xx_HAL_Driver/Src/stm32l4xx_hal_flash.c:456:13:HAL_FLASH_EndOfOperationCallback	0	static
C:/MyFolder/01_GitRepoProject/01_Release Candidate/02_GitHub/STM32CubeFunctionPack_ALLMEMS1_V4.2.0/Drivers/STM32L4xx_HAL_Driver/Src/stm32l4xx_hal_flash.c:474:13:HAL_FLASH_OperationErrorCallback	0	static
C:/MyFolder/01_GitRepoProject/01_Release Candidate/02_GitHub/STM32CubeFunctionPack_ALLMEMS1_V4.2.0/Drivers/STM32L4xx_HAL_Driver/Src/stm32l4xx_hal_flash.c:313:6:HAL_FLASH_IRQHandler	8	static
C:/MyFolder/01_GitRepoProject/01_Release Candidate/02_GitHub/STM32CubeFunctionPack_ALLMEMS1_V4.2.0/Drivers/STM32L4xx_HAL_Driver/Src/stm32l4xx_hal_flash.c:507:19:HAL_FLASH_Unlock	0	static
C:/MyFolder/01_GitRepoProject/01_Release Candidate/02_GitHub/STM32CubeFunctionPack_ALLMEMS1_V4.2.0/Drivers/STM32L4xx_HAL_Driver/Src/stm32l4xx_hal_flash.c:531:19:HAL_FLASH_Lock	0	static
C:/MyFolder/01_GitRepoProject/01_Release Candidate/02_GitHub/STM32CubeFunctionPack_ALLMEMS1_V4.2.0/Drivers/STM32L4xx_HAL_Driver/Src/stm32l4xx_hal_flash.c:543:19:HAL_FLASH_OB_Unlock	0	static
C:/MyFolder/01_GitRepoProject/01_Release Candidate/02_GitHub/STM32CubeFunctionPack_ALLMEMS1_V4.2.0/Drivers/STM32L4xx_HAL_Driver/Src/stm32l4xx_hal_flash.c:563:19:HAL_FLASH_OB_Lock	0	static
C:/MyFolder/01_GitRepoProject/01_Release Candidate/02_GitHub/STM32CubeFunctionPack_ALLMEMS1_V4.2.0/Drivers/STM32L4xx_HAL_Driver/Src/stm32l4xx_hal_flash.c:624:10:HAL_FLASH_GetError	0	static
C:/MyFolder/01_GitRepoProject/01_Release Candidate/02_GitHub/STM32CubeFunctionPack_ALLMEMS1_V4.2.0/Drivers/STM32L4xx_HAL_Driver/Src/stm32l4xx_hal_flash.c:648:19:FLASH_WaitForLastOperation	16	static
C:/MyFolder/01_GitRepoProject/01_Release Candidate/02_GitHub/STM32CubeFunctionPack_ALLMEMS1_V4.2.0/Drivers/STM32L4xx_HAL_Driver/Src/stm32l4xx_hal_flash.c:171:19:HAL_FLASH_Program	24	static
C:/MyFolder/01_GitRepoProject/01_Release Candidate/02_GitHub/STM32CubeFunctionPack_ALLMEMS1_V4.2.0/Drivers/STM32L4xx_HAL_Driver/Src/stm32l4xx_hal_flash.c:575:19:HAL_FLASH_OB_Launch	8	static
