C:/MyFolder/01_GitRepoProject/01_Release Candidate/02_GitHub/STM32CubeFunctionPack_ALLMEMS1_V4.2.0/Drivers/STM32L4xx_HAL_Driver/Src/stm32l4xx_ll_usb.c:1164:26:USB_CoreReset	0	static
C:/MyFolder/01_GitRepoProject/01_Release Candidate/02_GitHub/STM32CubeFunctionPack_ALLMEMS1_V4.2.0/Drivers/STM32L4xx_HAL_Driver/Src/stm32l4xx_ll_usb.c:82:19:USB_CoreInit	8	static
C:/MyFolder/01_GitRepoProject/01_Release Candidate/02_GitHub/STM32CubeFunctionPack_ALLMEMS1_V4.2.0/Drivers/STM32L4xx_HAL_Driver/Src/stm32l4xx_ll_usb.c:114:19:USB_SetTurnaroundTime	0	static
C:/MyFolder/01_GitRepoProject/01_Release Candidate/02_GitHub/STM32CubeFunctionPack_ALLMEMS1_V4.2.0/Drivers/STM32L4xx_HAL_Driver/Src/stm32l4xx_ll_usb.c:193:19:USB_EnableGlobalInt	0	static
C:/MyFolder/01_GitRepoProject/01_Release Candidate/02_GitHub/STM32CubeFunctionPack_ALLMEMS1_V4.2.0/Drivers/STM32L4xx_HAL_Driver/Src/stm32l4xx_ll_usb.c:205:19:USB_DisableGlobalInt	0	static
C:/MyFolder/01_GitRepoProject/01_Release Candidate/02_GitHub/STM32CubeFunctionPack_ALLMEMS1_V4.2.0/Drivers/STM32L4xx_HAL_Driver/Src/stm32l4xx_ll_usb.c:220:19:USB_SetCurrentMode	8	static
C:/MyFolder/01_GitRepoProject/01_Release Candidate/02_GitHub/STM32CubeFunctionPack_ALLMEMS1_V4.2.0/Drivers/STM32L4xx_HAL_Driver/Src/stm32l4xx_ll_usb.c:385:19:USB_FlushTxFifo	0	static
C:/MyFolder/01_GitRepoProject/01_Release Candidate/02_GitHub/STM32CubeFunctionPack_ALLMEMS1_V4.2.0/Drivers/STM32L4xx_HAL_Driver/Src/stm32l4xx_ll_usb.c:407:19:USB_FlushRxFifo	0	static
C:/MyFolder/01_GitRepoProject/01_Release Candidate/02_GitHub/STM32CubeFunctionPack_ALLMEMS1_V4.2.0/Drivers/STM32L4xx_HAL_Driver/Src/stm32l4xx_ll_usb.c:433:19:USB_SetDevSpeed	0	static
C:/MyFolder/01_GitRepoProject/01_Release Candidate/02_GitHub/STM32CubeFunctionPack_ALLMEMS1_V4.2.0/Drivers/STM32L4xx_HAL_Driver/Src/stm32l4xx_ll_usb.c:249:19:USB_DevInit	24	static
C:/MyFolder/01_GitRepoProject/01_Release Candidate/02_GitHub/STM32CubeFunctionPack_ALLMEMS1_V4.2.0/Drivers/STM32L4xx_HAL_Driver/Src/stm32l4xx_ll_usb.c:448:9:USB_GetDevSpeed	0	static
C:/MyFolder/01_GitRepoProject/01_Release Candidate/02_GitHub/STM32CubeFunctionPack_ALLMEMS1_V4.2.0/Drivers/STM32L4xx_HAL_Driver/Src/stm32l4xx_ll_usb.c:473:19:USB_ActivateEndpoint	8	static
C:/MyFolder/01_GitRepoProject/01_Release Candidate/02_GitHub/STM32CubeFunctionPack_ALLMEMS1_V4.2.0/Drivers/STM32L4xx_HAL_Driver/Src/stm32l4xx_ll_usb.c:511:19:USB_ActivateDedicatedEndpoint	8	static
C:/MyFolder/01_GitRepoProject/01_Release Candidate/02_GitHub/STM32CubeFunctionPack_ALLMEMS1_V4.2.0/Drivers/STM32L4xx_HAL_Driver/Src/stm32l4xx_ll_usb.c:550:19:USB_DeactivateEndpoint	8	static
C:/MyFolder/01_GitRepoProject/01_Release Candidate/02_GitHub/STM32CubeFunctionPack_ALLMEMS1_V4.2.0/Drivers/STM32L4xx_HAL_Driver/Src/stm32l4xx_ll_usb.c:597:19:USB_DeactivateDedicatedEndpoint	0	static
C:/MyFolder/01_GitRepoProject/01_Release Candidate/02_GitHub/STM32CubeFunctionPack_ALLMEMS1_V4.2.0/Drivers/STM32L4xx_HAL_Driver/Src/stm32l4xx_ll_usb.c:739:19:USB_EP0StartXfer	8	static
C:/MyFolder/01_GitRepoProject/01_Release Candidate/02_GitHub/STM32CubeFunctionPack_ALLMEMS1_V4.2.0/Drivers/STM32L4xx_HAL_Driver/Src/stm32l4xx_ll_usb.c:814:19:USB_WritePacket	8	static
C:/MyFolder/01_GitRepoProject/01_Release Candidate/02_GitHub/STM32CubeFunctionPack_ALLMEMS1_V4.2.0/Drivers/STM32L4xx_HAL_Driver/Src/stm32l4xx_ll_usb.c:635:19:USB_EPStartXfer	16	static
C:/MyFolder/01_GitRepoProject/01_Release Candidate/02_GitHub/STM32CubeFunctionPack_ALLMEMS1_V4.2.0/Drivers/STM32L4xx_HAL_Driver/Src/stm32l4xx_ll_usb.c:838:7:USB_ReadPacket	0	static
C:/MyFolder/01_GitRepoProject/01_Release Candidate/02_GitHub/STM32CubeFunctionPack_ALLMEMS1_V4.2.0/Drivers/STM32L4xx_HAL_Driver/Src/stm32l4xx_ll_usb.c:860:19:USB_EPSetStall	0	static
C:/MyFolder/01_GitRepoProject/01_Release Candidate/02_GitHub/STM32CubeFunctionPack_ALLMEMS1_V4.2.0/Drivers/STM32L4xx_HAL_Driver/Src/stm32l4xx_ll_usb.c:891:19:USB_EPClearStall	0	static
C:/MyFolder/01_GitRepoProject/01_Release Candidate/02_GitHub/STM32CubeFunctionPack_ALLMEMS1_V4.2.0/Drivers/STM32L4xx_HAL_Driver/Src/stm32l4xx_ll_usb.c:920:19:USB_StopDevice	8	static
C:/MyFolder/01_GitRepoProject/01_Release Candidate/02_GitHub/STM32CubeFunctionPack_ALLMEMS1_V4.2.0/Drivers/STM32L4xx_HAL_Driver/Src/stm32l4xx_ll_usb.c:961:20:USB_SetDevAddress	0	static
C:/MyFolder/01_GitRepoProject/01_Release Candidate/02_GitHub/STM32CubeFunctionPack_ALLMEMS1_V4.2.0/Drivers/STM32L4xx_HAL_Driver/Src/stm32l4xx_ll_usb.c:976:20:USB_DevConnect	0	static
C:/MyFolder/01_GitRepoProject/01_Release Candidate/02_GitHub/STM32CubeFunctionPack_ALLMEMS1_V4.2.0/Drivers/STM32L4xx_HAL_Driver/Src/stm32l4xx_ll_usb.c:993:20:USB_DevDisconnect	0	static
C:/MyFolder/01_GitRepoProject/01_Release Candidate/02_GitHub/STM32CubeFunctionPack_ALLMEMS1_V4.2.0/Drivers/STM32L4xx_HAL_Driver/Src/stm32l4xx_ll_usb.c:1010:11:USB_ReadInterrupts	0	static
C:/MyFolder/01_GitRepoProject/01_Release Candidate/02_GitHub/STM32CubeFunctionPack_ALLMEMS1_V4.2.0/Drivers/STM32L4xx_HAL_Driver/Src/stm32l4xx_ll_usb.c:1025:10:USB_ReadDevAllOutEpInterrupt	0	static
C:/MyFolder/01_GitRepoProject/01_Release Candidate/02_GitHub/STM32CubeFunctionPack_ALLMEMS1_V4.2.0/Drivers/STM32L4xx_HAL_Driver/Src/stm32l4xx_ll_usb.c:1041:10:USB_ReadDevAllInEpInterrupt	0	static
C:/MyFolder/01_GitRepoProject/01_Release Candidate/02_GitHub/STM32CubeFunctionPack_ALLMEMS1_V4.2.0/Drivers/STM32L4xx_HAL_Driver/Src/stm32l4xx_ll_usb.c:1059:10:USB_ReadDevOutEPInterrupt	0	static
C:/MyFolder/01_GitRepoProject/01_Release Candidate/02_GitHub/STM32CubeFunctionPack_ALLMEMS1_V4.2.0/Drivers/STM32L4xx_HAL_Driver/Src/stm32l4xx_ll_usb.c:1077:10:USB_ReadDevInEPInterrupt	4	static
C:/MyFolder/01_GitRepoProject/01_Release Candidate/02_GitHub/STM32CubeFunctionPack_ALLMEMS1_V4.2.0/Drivers/STM32L4xx_HAL_Driver/Src/stm32l4xx_ll_usb.c:1096:7:USB_ClearInterrupts	0	static
C:/MyFolder/01_GitRepoProject/01_Release Candidate/02_GitHub/STM32CubeFunctionPack_ALLMEMS1_V4.2.0/Drivers/STM32L4xx_HAL_Driver/Src/stm32l4xx_ll_usb.c:1109:10:USB_GetMode	0	static
C:/MyFolder/01_GitRepoProject/01_Release Candidate/02_GitHub/STM32CubeFunctionPack_ALLMEMS1_V4.2.0/Drivers/STM32L4xx_HAL_Driver/Src/stm32l4xx_ll_usb.c:1119:20:USB_ActivateSetup	0	static
C:/MyFolder/01_GitRepoProject/01_Release Candidate/02_GitHub/STM32CubeFunctionPack_ALLMEMS1_V4.2.0/Drivers/STM32L4xx_HAL_Driver/Src/stm32l4xx_ll_usb.c:1137:19:USB_EP0_OutStart	0	static
C:/MyFolder/01_GitRepoProject/01_Release Candidate/02_GitHub/STM32CubeFunctionPack_ALLMEMS1_V4.2.0/Drivers/STM32L4xx_HAL_Driver/Src/stm32l4xx_ll_usb.c:1264:19:USB_InitFSLSPClkSel	0	static
C:/MyFolder/01_GitRepoProject/01_Release Candidate/02_GitHub/STM32CubeFunctionPack_ALLMEMS1_V4.2.0/Drivers/STM32L4xx_HAL_Driver/Src/stm32l4xx_ll_usb.c:1294:19:USB_ResetPort	24	static
C:/MyFolder/01_GitRepoProject/01_Release Candidate/02_GitHub/STM32CubeFunctionPack_ALLMEMS1_V4.2.0/Drivers/STM32L4xx_HAL_Driver/Src/stm32l4xx_ll_usb.c:1321:19:USB_DriveVbus	8	static
C:/MyFolder/01_GitRepoProject/01_Release Candidate/02_GitHub/STM32CubeFunctionPack_ALLMEMS1_V4.2.0/Drivers/STM32L4xx_HAL_Driver/Src/stm32l4xx_ll_usb.c:1200:19:USB_HostInit	16	static
C:/MyFolder/01_GitRepoProject/01_Release Candidate/02_GitHub/STM32CubeFunctionPack_ALLMEMS1_V4.2.0/Drivers/STM32L4xx_HAL_Driver/Src/stm32l4xx_ll_usb.c:1350:10:USB_GetHostSpeed	8	static
C:/MyFolder/01_GitRepoProject/01_Release Candidate/02_GitHub/STM32CubeFunctionPack_ALLMEMS1_V4.2.0/Drivers/STM32L4xx_HAL_Driver/Src/stm32l4xx_ll_usb.c:1364:10:USB_GetCurrentFrame	0	static
C:/MyFolder/01_GitRepoProject/01_Release Candidate/02_GitHub/STM32CubeFunctionPack_ALLMEMS1_V4.2.0/Drivers/STM32L4xx_HAL_Driver/Src/stm32l4xx_ll_usb.c:1394:19:USB_HC_Init	32	static
C:/MyFolder/01_GitRepoProject/01_Release Candidate/02_GitHub/STM32CubeFunctionPack_ALLMEMS1_V4.2.0/Drivers/STM32L4xx_HAL_Driver/Src/stm32l4xx_ll_usb.c:1504:19:USB_HC_StartXfer	16	static
C:/MyFolder/01_GitRepoProject/01_Release Candidate/02_GitHub/STM32CubeFunctionPack_ALLMEMS1_V4.2.0/Drivers/STM32L4xx_HAL_Driver/Src/stm32l4xx_ll_usb.c:1614:10:USB_HC_ReadInterrupt	0	static
C:/MyFolder/01_GitRepoProject/01_Release Candidate/02_GitHub/STM32CubeFunctionPack_ALLMEMS1_V4.2.0/Drivers/STM32L4xx_HAL_Driver/Src/stm32l4xx_ll_usb.c:1628:19:USB_HC_Halt	8	static
C:/MyFolder/01_GitRepoProject/01_Release Candidate/02_GitHub/STM32CubeFunctionPack_ALLMEMS1_V4.2.0/Drivers/STM32L4xx_HAL_Driver/Src/stm32l4xx_ll_usb.c:1701:19:USB_DoPing	0	static
C:/MyFolder/01_GitRepoProject/01_Release Candidate/02_GitHub/STM32CubeFunctionPack_ALLMEMS1_V4.2.0/Drivers/STM32L4xx_HAL_Driver/Src/stm32l4xx_ll_usb.c:1725:19:USB_StopHost	8	static
C:/MyFolder/01_GitRepoProject/01_Release Candidate/02_GitHub/STM32CubeFunctionPack_ALLMEMS1_V4.2.0/Drivers/STM32L4xx_HAL_Driver/Src/stm32l4xx_ll_usb.c:1780:19:USB_ActivateRemoteWakeup	0	static
C:/MyFolder/01_GitRepoProject/01_Release Candidate/02_GitHub/STM32CubeFunctionPack_ALLMEMS1_V4.2.0/Drivers/STM32L4xx_HAL_Driver/Src/stm32l4xx_ll_usb.c:1798:19:USB_DeActivateRemoteWakeup	0	static
