C:/MyFolder/01_GitRepoProject/01_Release Candidate/02_GitHub/STM32CubeFunctionPack_ALLMEMS1_V4.2.0/Drivers/STM32L4xx_HAL_Driver/Src/stm32l4xx_ll_sdmmc.c:1629:17:SDMMC_GetCmdError	0	static
C:/MyFolder/01_GitRepoProject/01_Release Candidate/02_GitHub/STM32CubeFunctionPack_ALLMEMS1_V4.2.0/Drivers/STM32L4xx_HAL_Driver/Src/stm32l4xx_ll_sdmmc.c:215:19:SDMMC_Init	0	static
C:/MyFolder/01_GitRepoProject/01_Release Candidate/02_GitHub/STM32CubeFunctionPack_ALLMEMS1_V4.2.0/Drivers/STM32L4xx_HAL_Driver/Src/stm32l4xx_ll_sdmmc.c:272:10:SDMMC_ReadFIFO	0	static
C:/MyFolder/01_GitRepoProject/01_Release Candidate/02_GitHub/STM32CubeFunctionPack_ALLMEMS1_V4.2.0/Drivers/STM32L4xx_HAL_Driver/Src/stm32l4xx_ll_sdmmc.c:284:19:SDMMC_WriteFIFO	0	static
C:/MyFolder/01_GitRepoProject/01_Release Candidate/02_GitHub/STM32CubeFunctionPack_ALLMEMS1_V4.2.0/Drivers/STM32L4xx_HAL_Driver/Src/stm32l4xx_ll_sdmmc.c:316:19:SDMMC_PowerState_ON	8	static
C:/MyFolder/01_GitRepoProject/01_Release Candidate/02_GitHub/STM32CubeFunctionPack_ALLMEMS1_V4.2.0/Drivers/STM32L4xx_HAL_Driver/Src/stm32l4xx_ll_sdmmc.c:338:19:SDMMC_PowerState_Cycle	0	static
C:/MyFolder/01_GitRepoProject/01_Release Candidate/02_GitHub/STM32CubeFunctionPack_ALLMEMS1_V4.2.0/Drivers/STM32L4xx_HAL_Driver/Src/stm32l4xx_ll_sdmmc.c:352:19:SDMMC_PowerState_OFF	0	static
C:/MyFolder/01_GitRepoProject/01_Release Candidate/02_GitHub/STM32CubeFunctionPack_ALLMEMS1_V4.2.0/Drivers/STM32L4xx_HAL_Driver/Src/stm32l4xx_ll_sdmmc.c:373:10:SDMMC_GetPowerState	0	static
C:/MyFolder/01_GitRepoProject/01_Release Candidate/02_GitHub/STM32CubeFunctionPack_ALLMEMS1_V4.2.0/Drivers/STM32L4xx_HAL_Driver/Src/stm32l4xx_ll_sdmmc.c:386:19:SDMMC_SendCommand	0	static
C:/MyFolder/01_GitRepoProject/01_Release Candidate/02_GitHub/STM32CubeFunctionPack_ALLMEMS1_V4.2.0/Drivers/STM32L4xx_HAL_Driver/Src/stm32l4xx_ll_sdmmc.c:416:9:SDMMC_GetCommandResponse	0	static
C:/MyFolder/01_GitRepoProject/01_Release Candidate/02_GitHub/STM32CubeFunctionPack_ALLMEMS1_V4.2.0/Drivers/STM32L4xx_HAL_Driver/Src/stm32l4xx_ll_sdmmc.c:433:10:SDMMC_GetResponse	0	static
C:/MyFolder/01_GitRepoProject/01_Release Candidate/02_GitHub/STM32CubeFunctionPack_ALLMEMS1_V4.2.0/Drivers/STM32L4xx_HAL_Driver/Src/stm32l4xx_ll_sdmmc.c:454:19:SDMMC_ConfigData	0	static
C:/MyFolder/01_GitRepoProject/01_Release Candidate/02_GitHub/STM32CubeFunctionPack_ALLMEMS1_V4.2.0/Drivers/STM32L4xx_HAL_Driver/Src/stm32l4xx_ll_sdmmc.c:489:10:SDMMC_GetDataCounter	0	static
C:/MyFolder/01_GitRepoProject/01_Release Candidate/02_GitHub/STM32CubeFunctionPack_ALLMEMS1_V4.2.0/Drivers/STM32L4xx_HAL_Driver/Src/stm32l4xx_ll_sdmmc.c:499:10:SDMMC_GetFIFOCount	0	static
C:/MyFolder/01_GitRepoProject/01_Release Candidate/02_GitHub/STM32CubeFunctionPack_ALLMEMS1_V4.2.0/Drivers/STM32L4xx_HAL_Driver/Src/stm32l4xx_ll_sdmmc.c:513:19:SDMMC_SetSDMMCReadWaitMode	0	static
C:/MyFolder/01_GitRepoProject/01_Release Candidate/02_GitHub/STM32CubeFunctionPack_ALLMEMS1_V4.2.0/Drivers/STM32L4xx_HAL_Driver/Src/stm32l4xx_ll_sdmmc.c:848:10:SDMMC_CmdGoIdleState	32	static
C:/MyFolder/01_GitRepoProject/01_Release Candidate/02_GitHub/STM32CubeFunctionPack_ALLMEMS1_V4.2.0/Drivers/STM32L4xx_HAL_Driver/Src/stm32l4xx_ll_sdmmc.c:1271:10:SDMMC_GetCmdResp1	16	static
C:/MyFolder/01_GitRepoProject/01_Release Candidate/02_GitHub/STM32CubeFunctionPack_ALLMEMS1_V4.2.0/Drivers/STM32L4xx_HAL_Driver/Src/stm32l4xx_ll_sdmmc.c:548:10:SDMMC_CmdBlockLength	40	static
C:/MyFolder/01_GitRepoProject/01_Release Candidate/02_GitHub/STM32CubeFunctionPack_ALLMEMS1_V4.2.0/Drivers/STM32L4xx_HAL_Driver/Src/stm32l4xx_ll_sdmmc.c:572:10:SDMMC_CmdReadSingleBlock	40	static
C:/MyFolder/01_GitRepoProject/01_Release Candidate/02_GitHub/STM32CubeFunctionPack_ALLMEMS1_V4.2.0/Drivers/STM32L4xx_HAL_Driver/Src/stm32l4xx_ll_sdmmc.c:596:10:SDMMC_CmdReadMultiBlock	40	static
C:/MyFolder/01_GitRepoProject/01_Release Candidate/02_GitHub/STM32CubeFunctionPack_ALLMEMS1_V4.2.0/Drivers/STM32L4xx_HAL_Driver/Src/stm32l4xx_ll_sdmmc.c:620:10:SDMMC_CmdWriteSingleBlock	40	static
C:/MyFolder/01_GitRepoProject/01_Release Candidate/02_GitHub/STM32CubeFunctionPack_ALLMEMS1_V4.2.0/Drivers/STM32L4xx_HAL_Driver/Src/stm32l4xx_ll_sdmmc.c:644:10:SDMMC_CmdWriteMultiBlock	40	static
C:/MyFolder/01_GitRepoProject/01_Release Candidate/02_GitHub/STM32CubeFunctionPack_ALLMEMS1_V4.2.0/Drivers/STM32L4xx_HAL_Driver/Src/stm32l4xx_ll_sdmmc.c:668:10:SDMMC_CmdSDEraseStartAdd	40	static
C:/MyFolder/01_GitRepoProject/01_Release Candidate/02_GitHub/STM32CubeFunctionPack_ALLMEMS1_V4.2.0/Drivers/STM32L4xx_HAL_Driver/Src/stm32l4xx_ll_sdmmc.c:692:10:SDMMC_CmdSDEraseEndAdd	40	static
C:/MyFolder/01_GitRepoProject/01_Release Candidate/02_GitHub/STM32CubeFunctionPack_ALLMEMS1_V4.2.0/Drivers/STM32L4xx_HAL_Driver/Src/stm32l4xx_ll_sdmmc.c:716:10:SDMMC_CmdEraseStartAdd	40	static
C:/MyFolder/01_GitRepoProject/01_Release Candidate/02_GitHub/STM32CubeFunctionPack_ALLMEMS1_V4.2.0/Drivers/STM32L4xx_HAL_Driver/Src/stm32l4xx_ll_sdmmc.c:740:10:SDMMC_CmdEraseEndAdd	40	static
C:/MyFolder/01_GitRepoProject/01_Release Candidate/02_GitHub/STM32CubeFunctionPack_ALLMEMS1_V4.2.0/Drivers/STM32L4xx_HAL_Driver/Src/stm32l4xx_ll_sdmmc.c:765:10:SDMMC_CmdErase	40	static
C:/MyFolder/01_GitRepoProject/01_Release Candidate/02_GitHub/STM32CubeFunctionPack_ALLMEMS1_V4.2.0/Drivers/STM32L4xx_HAL_Driver/Src/stm32l4xx_ll_sdmmc.c:789:10:SDMMC_CmdStopTransfer	40	static
C:/MyFolder/01_GitRepoProject/01_Release Candidate/02_GitHub/STM32CubeFunctionPack_ALLMEMS1_V4.2.0/Drivers/STM32L4xx_HAL_Driver/Src/stm32l4xx_ll_sdmmc.c:824:10:SDMMC_CmdSelDesel	40	static
C:/MyFolder/01_GitRepoProject/01_Release Candidate/02_GitHub/STM32CubeFunctionPack_ALLMEMS1_V4.2.0/Drivers/STM32L4xx_HAL_Driver/Src/stm32l4xx_ll_sdmmc.c:902:10:SDMMC_CmdAppCommand	40	static
C:/MyFolder/01_GitRepoProject/01_Release Candidate/02_GitHub/STM32CubeFunctionPack_ALLMEMS1_V4.2.0/Drivers/STM32L4xx_HAL_Driver/Src/stm32l4xx_ll_sdmmc.c:958:10:SDMMC_CmdBusWidth	40	static
C:/MyFolder/01_GitRepoProject/01_Release Candidate/02_GitHub/STM32CubeFunctionPack_ALLMEMS1_V4.2.0/Drivers/STM32L4xx_HAL_Driver/Src/stm32l4xx_ll_sdmmc.c:981:10:SDMMC_CmdSendSCR	40	static
C:/MyFolder/01_GitRepoProject/01_Release Candidate/02_GitHub/STM32CubeFunctionPack_ALLMEMS1_V4.2.0/Drivers/STM32L4xx_HAL_Driver/Src/stm32l4xx_ll_sdmmc.c:1080:10:SDMMC_CmdSetRelAddMmc	40	static
C:/MyFolder/01_GitRepoProject/01_Release Candidate/02_GitHub/STM32CubeFunctionPack_ALLMEMS1_V4.2.0/Drivers/STM32L4xx_HAL_Driver/Src/stm32l4xx_ll_sdmmc.c:1105:10:SDMMC_CmdSendStatus	40	static
C:/MyFolder/01_GitRepoProject/01_Release Candidate/02_GitHub/STM32CubeFunctionPack_ALLMEMS1_V4.2.0/Drivers/STM32L4xx_HAL_Driver/Src/stm32l4xx_ll_sdmmc.c:1128:10:SDMMC_CmdStatusRegister	40	static
C:/MyFolder/01_GitRepoProject/01_Release Candidate/02_GitHub/STM32CubeFunctionPack_ALLMEMS1_V4.2.0/Drivers/STM32L4xx_HAL_Driver/Src/stm32l4xx_ll_sdmmc.c:1177:10:SDMMC_CmdSwitch	40	static
C:/MyFolder/01_GitRepoProject/01_Release Candidate/02_GitHub/STM32CubeFunctionPack_ALLMEMS1_V4.2.0/Drivers/STM32L4xx_HAL_Driver/Src/stm32l4xx_ll_sdmmc.c:1204:10:SDMMC_CmdVoltageSwitch	40	static
C:/MyFolder/01_GitRepoProject/01_Release Candidate/02_GitHub/STM32CubeFunctionPack_ALLMEMS1_V4.2.0/Drivers/STM32L4xx_HAL_Driver/Src/stm32l4xx_ll_sdmmc.c:1229:10:SDMMC_CmdSendEXTCSD	40	static
C:/MyFolder/01_GitRepoProject/01_Release Candidate/02_GitHub/STM32CubeFunctionPack_ALLMEMS1_V4.2.0/Drivers/STM32L4xx_HAL_Driver/Src/stm32l4xx_ll_sdmmc.c:1411:10:SDMMC_GetCmdResp2	0	static
C:/MyFolder/01_GitRepoProject/01_Release Candidate/02_GitHub/STM32CubeFunctionPack_ALLMEMS1_V4.2.0/Drivers/STM32L4xx_HAL_Driver/Src/stm32l4xx_ll_sdmmc.c:1005:10:SDMMC_CmdSendCID	32	static
C:/MyFolder/01_GitRepoProject/01_Release Candidate/02_GitHub/STM32CubeFunctionPack_ALLMEMS1_V4.2.0/Drivers/STM32L4xx_HAL_Driver/Src/stm32l4xx_ll_sdmmc.c:1030:10:SDMMC_CmdSendCSD	32	static
C:/MyFolder/01_GitRepoProject/01_Release Candidate/02_GitHub/STM32CubeFunctionPack_ALLMEMS1_V4.2.0/Drivers/STM32L4xx_HAL_Driver/Src/stm32l4xx_ll_sdmmc.c:1455:10:SDMMC_GetCmdResp3	0	static
C:/MyFolder/01_GitRepoProject/01_Release Candidate/02_GitHub/STM32CubeFunctionPack_ALLMEMS1_V4.2.0/Drivers/STM32L4xx_HAL_Driver/Src/stm32l4xx_ll_sdmmc.c:930:10:SDMMC_CmdAppOperCommand	32	static
C:/MyFolder/01_GitRepoProject/01_Release Candidate/02_GitHub/STM32CubeFunctionPack_ALLMEMS1_V4.2.0/Drivers/STM32L4xx_HAL_Driver/Src/stm32l4xx_ll_sdmmc.c:1153:10:SDMMC_CmdOpCondition	32	static
C:/MyFolder/01_GitRepoProject/01_Release Candidate/02_GitHub/STM32CubeFunctionPack_ALLMEMS1_V4.2.0/Drivers/STM32L4xx_HAL_Driver/Src/stm32l4xx_ll_sdmmc.c:1495:10:SDMMC_GetCmdResp6	24	static
C:/MyFolder/01_GitRepoProject/01_Release Candidate/02_GitHub/STM32CubeFunctionPack_ALLMEMS1_V4.2.0/Drivers/STM32L4xx_HAL_Driver/Src/stm32l4xx_ll_sdmmc.c:1055:10:SDMMC_CmdSetRelAdd	40	static
C:/MyFolder/01_GitRepoProject/01_Release Candidate/02_GitHub/STM32CubeFunctionPack_ALLMEMS1_V4.2.0/Drivers/STM32L4xx_HAL_Driver/Src/stm32l4xx_ll_sdmmc.c:1568:10:SDMMC_GetCmdResp7	0	static
C:/MyFolder/01_GitRepoProject/01_Release Candidate/02_GitHub/STM32CubeFunctionPack_ALLMEMS1_V4.2.0/Drivers/STM32L4xx_HAL_Driver/Src/stm32l4xx_ll_sdmmc.c:871:10:SDMMC_CmdOperCond	32	static
