C:/MyFolder/01_GitRepoProject/01_Release Candidate/02_GitHub/STM32CubeFunctionPack_ALLMEMS1_V4.2.0/Drivers/STM32L4xx_HAL_Driver/Src/stm32l4xx_hal_rtc.c:695:13:HAL_RTC_MspInit	0	static
C:/MyFolder/01_GitRepoProject/01_Release Candidate/02_GitHub/STM32CubeFunctionPack_ALLMEMS1_V4.2.0/Drivers/STM32L4xx_HAL_Driver/Src/stm32l4xx_hal_rtc.c:710:13:HAL_RTC_MspDeInit	0	static
C:/MyFolder/01_GitRepoProject/01_Release Candidate/02_GitHub/STM32CubeFunctionPack_ALLMEMS1_V4.2.0/Drivers/STM32L4xx_HAL_Driver/Src/stm32l4xx_hal_rtc.c:2111:19:HAL_RTC_DeactivateAlarm	16	static
C:/MyFolder/01_GitRepoProject/01_Release Candidate/02_GitHub/STM32CubeFunctionPack_ALLMEMS1_V4.2.0/Drivers/STM32L4xx_HAL_Driver/Src/stm32l4xx_hal_rtc.c:2275:6:HAL_RTC_DST_Add1Hour	0	static
C:/MyFolder/01_GitRepoProject/01_Release Candidate/02_GitHub/STM32CubeFunctionPack_ALLMEMS1_V4.2.0/Drivers/STM32L4xx_HAL_Driver/Src/stm32l4xx_hal_rtc.c:2289:6:HAL_RTC_DST_Sub1Hour	0	static
C:/MyFolder/01_GitRepoProject/01_Release Candidate/02_GitHub/STM32CubeFunctionPack_ALLMEMS1_V4.2.0/Drivers/STM32L4xx_HAL_Driver/Src/stm32l4xx_hal_rtc.c:2303:6:HAL_RTC_DST_SetStoreOperation	0	static
C:/MyFolder/01_GitRepoProject/01_Release Candidate/02_GitHub/STM32CubeFunctionPack_ALLMEMS1_V4.2.0/Drivers/STM32L4xx_HAL_Driver/Src/stm32l4xx_hal_rtc.c:2316:6:HAL_RTC_DST_ClearStoreOperation	0	static
C:/MyFolder/01_GitRepoProject/01_Release Candidate/02_GitHub/STM32CubeFunctionPack_ALLMEMS1_V4.2.0/Drivers/STM32L4xx_HAL_Driver/Src/stm32l4xx_hal_rtc.c:2329:10:HAL_RTC_DST_ReadStoreOperation	0	static
C:/MyFolder/01_GitRepoProject/01_Release Candidate/02_GitHub/STM32CubeFunctionPack_ALLMEMS1_V4.2.0/Drivers/STM32L4xx_HAL_Driver/Src/stm32l4xx_hal_rtc.c:2421:13:HAL_RTC_AlarmAEventCallback	0	static
C:/MyFolder/01_GitRepoProject/01_Release Candidate/02_GitHub/STM32CubeFunctionPack_ALLMEMS1_V4.2.0/Drivers/STM32L4xx_HAL_Driver/Src/stm32l4xx_hal_rtc.c:2340:6:HAL_RTC_AlarmIRQHandler	8	static
C:/MyFolder/01_GitRepoProject/01_Release Candidate/02_GitHub/STM32CubeFunctionPack_ALLMEMS1_V4.2.0/Drivers/STM32L4xx_HAL_Driver/Src/stm32l4xx_hal_rtc.c:2437:19:HAL_RTC_PollForAlarmAEvent	16	static
C:/MyFolder/01_GitRepoProject/01_Release Candidate/02_GitHub/STM32CubeFunctionPack_ALLMEMS1_V4.2.0/Drivers/STM32L4xx_HAL_Driver/Src/stm32l4xx_hal_rtc.c:2496:19:HAL_RTC_WaitForSynchro	16	static
C:/MyFolder/01_GitRepoProject/01_Release Candidate/02_GitHub/STM32CubeFunctionPack_ALLMEMS1_V4.2.0/Drivers/STM32L4xx_HAL_Driver/Src/stm32l4xx_hal_rtc.c:2548:21:HAL_RTC_GetState	0	static
C:/MyFolder/01_GitRepoProject/01_Release Candidate/02_GitHub/STM32CubeFunctionPack_ALLMEMS1_V4.2.0/Drivers/STM32L4xx_HAL_Driver/Src/stm32l4xx_hal_rtc.c:2572:19:RTC_EnterInitMode	16	static
C:/MyFolder/01_GitRepoProject/01_Release Candidate/02_GitHub/STM32CubeFunctionPack_ALLMEMS1_V4.2.0/Drivers/STM32L4xx_HAL_Driver/Src/stm32l4xx_hal_rtc.c:2622:19:RTC_ExitInitMode	8	static
C:/MyFolder/01_GitRepoProject/01_Release Candidate/02_GitHub/STM32CubeFunctionPack_ALLMEMS1_V4.2.0/Drivers/STM32L4xx_HAL_Driver/Src/stm32l4xx_hal_rtc.c:246:19:HAL_RTC_Init	16	static
C:/MyFolder/01_GitRepoProject/01_Release Candidate/02_GitHub/STM32CubeFunctionPack_ALLMEMS1_V4.2.0/Drivers/STM32L4xx_HAL_Driver/Src/stm32l4xx_hal_rtc.c:379:19:HAL_RTC_DeInit	16	static
C:/MyFolder/01_GitRepoProject/01_Release Candidate/02_GitHub/STM32CubeFunctionPack_ALLMEMS1_V4.2.0/Drivers/STM32L4xx_HAL_Driver/Src/stm32l4xx_hal_rtc.c:2666:9:RTC_ByteToBcd2	0	static
C:/MyFolder/01_GitRepoProject/01_Release Candidate/02_GitHub/STM32CubeFunctionPack_ALLMEMS1_V4.2.0/Drivers/STM32L4xx_HAL_Driver/Src/stm32l4xx_hal_rtc.c:1442:19:HAL_RTC_SetTime	16	static
C:/MyFolder/01_GitRepoProject/01_Release Candidate/02_GitHub/STM32CubeFunctionPack_ALLMEMS1_V4.2.0/Drivers/STM32L4xx_HAL_Driver/Src/stm32l4xx_hal_rtc.c:1596:19:HAL_RTC_SetDate	16	static
C:/MyFolder/01_GitRepoProject/01_Release Candidate/02_GitHub/STM32CubeFunctionPack_ALLMEMS1_V4.2.0/Drivers/STM32L4xx_HAL_Driver/Src/stm32l4xx_hal_rtc.c:1734:19:HAL_RTC_SetAlarm	24	static
C:/MyFolder/01_GitRepoProject/01_Release Candidate/02_GitHub/STM32CubeFunctionPack_ALLMEMS1_V4.2.0/Drivers/STM32L4xx_HAL_Driver/Src/stm32l4xx_hal_rtc.c:1921:19:HAL_RTC_SetAlarm_IT	24	static
C:/MyFolder/01_GitRepoProject/01_Release Candidate/02_GitHub/STM32CubeFunctionPack_ALLMEMS1_V4.2.0/Drivers/STM32L4xx_HAL_Driver/Src/stm32l4xx_hal_rtc.c:2685:9:RTC_Bcd2ToByte	0	static
C:/MyFolder/01_GitRepoProject/01_Release Candidate/02_GitHub/STM32CubeFunctionPack_ALLMEMS1_V4.2.0/Drivers/STM32L4xx_HAL_Driver/Src/stm32l4xx_hal_rtc.c:1552:19:HAL_RTC_GetTime	16	static
C:/MyFolder/01_GitRepoProject/01_Release Candidate/02_GitHub/STM32CubeFunctionPack_ALLMEMS1_V4.2.0/Drivers/STM32L4xx_HAL_Driver/Src/stm32l4xx_hal_rtc.c:1680:19:HAL_RTC_GetDate	16	static
C:/MyFolder/01_GitRepoProject/01_Release Candidate/02_GitHub/STM32CubeFunctionPack_ALLMEMS1_V4.2.0/Drivers/STM32L4xx_HAL_Driver/Src/stm32l4xx_hal_rtc.c:2213:19:HAL_RTC_GetAlarm	8	static
