C:/MyFolder/01_GitRepoProject/01_Release Candidate/02_GitHub/STM32CubeFunctionPack_ALLMEMS1_V4.2.0/Middlewares/ST/STM32_BLE_Manager/Src/BLE_FitnessActivities.c:129:13:AttrMod_Request_FitnessActivities	0	static
C:/MyFolder/01_GitRepoProject/01_Release Candidate/02_GitHub/STM32CubeFunctionPack_ALLMEMS1_V4.2.0/Middlewares/ST/STM32_BLE_Manager/Src/BLE_FitnessActivities.c:153:13:Write_Request_FitnessActivities	8	static
C:/MyFolder/01_GitRepoProject/01_Release Candidate/02_GitHub/STM32CubeFunctionPack_ALLMEMS1_V4.2.0/Middlewares/ST/STM32_BLE_Manager/Src/BLE_FitnessActivities.c:49:17:BLE_InitFitnessActivitiesService	16	static
C:/MyFolder/01_GitRepoProject/01_Release Candidate/02_GitHub/STM32CubeFunctionPack_ALLMEMS1_V4.2.0/Middlewares/ST/STM32_BLE_Manager/Src/BLE_FitnessActivities.c:94:12:BLE_FitnessActivitiesUpdate	32	static
