C:/MyFolder/01_GitRepoProject/01_Release Candidate/02_GitHub/STM32CubeFunctionPack_ALLMEMS1_V4.2.0/Middlewares/ST/STM32_BLE_Manager/Src/BLE_MotionAlgorithms.c:135:13:AttrMod_Request_MotionAlgorithms	0	static
C:/MyFolder/01_GitRepoProject/01_Release Candidate/02_GitHub/STM32CubeFunctionPack_ALLMEMS1_V4.2.0/Middlewares/ST/STM32_BLE_Manager/Src/BLE_MotionAlgorithms.c:197:13:Write_Request_MotionAlgorithms	8	static
C:/MyFolder/01_GitRepoProject/01_Release Candidate/02_GitHub/STM32CubeFunctionPack_ALLMEMS1_V4.2.0/Middlewares/ST/STM32_BLE_Manager/Src/BLE_MotionAlgorithms.c:53:17:BLE_InitMotionAlgorithmsService	16	static
C:/MyFolder/01_GitRepoProject/01_Release Candidate/02_GitHub/STM32CubeFunctionPack_ALLMEMS1_V4.2.0/Middlewares/ST/STM32_BLE_Manager/Src/BLE_MotionAlgorithms.c:98:12:BLE_MotionAlgorithmsUpdate	32	static
