C:/MyFolder/01_GitRepoProject/01_Release Candidate/02_GitHub/STM32CubeFunctionPack_ALLMEMS1_V4.2.0/Middlewares/ST/STM32_BLE_Manager/Src/BLE_Manager.c:668:13:AttrMod_Request_Config	8	static
C:/MyFolder/01_GitRepoProject/01_Release Candidate/02_GitHub/STM32CubeFunctionPack_ALLMEMS1_V4.2.0/Middlewares/ST/STM32_BLE_Manager/Src/BLE_Manager.c:702:13:Write_Request_Config	8	static
C:/MyFolder/01_GitRepoProject/01_Release Candidate/02_GitHub/STM32CubeFunctionPack_ALLMEMS1_V4.2.0/Middlewares/ST/STM32_BLE_Manager/Src/BLE_Manager.c:723:13:AttrMod_Request_StdErr	0	static
C:/MyFolder/01_GitRepoProject/01_Release Candidate/02_GitHub/STM32CubeFunctionPack_ALLMEMS1_V4.2.0/Middlewares/ST/STM32_BLE_Manager/Src/BLE_Manager.c:745:13:AttrMod_Request_Term	0	static
C:/MyFolder/01_GitRepoProject/01_Release Candidate/02_GitHub/STM32CubeFunctionPack_ALLMEMS1_V4.2.0/Middlewares/ST/STM32_BLE_Manager/Src/BLE_Manager.c:767:13:AttrMod_Request_ExtConfig	0	static
C:/MyFolder/01_GitRepoProject/01_Release Candidate/02_GitHub/STM32CubeFunctionPack_ALLMEMS1_V4.2.0/Middlewares/ST/STM32_BLE_Manager/Src/BLE_Manager.c:2423:13:ResetBleManagerCallbackFunctionPointer	0	static
C:/MyFolder/01_GitRepoProject/01_Release Candidate/02_GitHub/STM32CubeFunctionPack_ALLMEMS1_V4.2.0/Middlewares/ST/STM32_BLE_Manager/Src/BLE_Manager.c:2826:13:APP_UserEvtRx	16	static
C:/MyFolder/01_GitRepoProject/01_Release Candidate/02_GitHub/STM32CubeFunctionPack_ALLMEMS1_V4.2.0/Middlewares/ST/STM32_BLE_Manager/Src/BLE_Manager.c:1503:13:ClearSingleCommand	8	static
C:/MyFolder/01_GitRepoProject/01_Release Candidate/02_GitHub/STM32CubeFunctionPack_ALLMEMS1_V4.2.0/Middlewares/ST/STM32_BLE_Manager/Src/BLE_Manager.c:835:13:create_JSON_SubSensorDescriptor	24	static
C:/MyFolder/01_GitRepoProject/01_Release Candidate/02_GitHub/STM32CubeFunctionPack_ALLMEMS1_V4.2.0/Middlewares/ST/STM32_BLE_Manager/Src/BLE_Manager.c:777:13:create_JSON_SensorDescriptor	24	static
C:/MyFolder/01_GitRepoProject/01_Release Candidate/02_GitHub/STM32CubeFunctionPack_ALLMEMS1_V4.2.0/Middlewares/ST/STM32_BLE_Manager/Src/BLE_Manager.c:815:13:create_JSON_SubSensorStatus	16	static
C:/MyFolder/01_GitRepoProject/01_Release Candidate/02_GitHub/STM32CubeFunctionPack_ALLMEMS1_V4.2.0/Middlewares/ST/STM32_BLE_Manager/Src/BLE_Manager.c:795:13:create_JSON_SensorStatus	1096	static
C:/MyFolder/01_GitRepoProject/01_Release Candidate/02_GitHub/STM32CubeFunctionPack_ALLMEMS1_V4.2.0/Middlewares/ST/STM32_BLE_Manager/Src/BLE_Manager.c:1881:33:BLE_ExtConfig_ExtractCommandType	24	static
C:/MyFolder/01_GitRepoProject/01_Release Candidate/02_GitHub/STM32CubeFunctionPack_ALLMEMS1_V4.2.0/Middlewares/ST/STM32_BLE_Manager/Src/BLE_Manager.c:345:19:BLE_Manager_AddConfigService	80	static
C:/MyFolder/01_GitRepoProject/01_Release Candidate/02_GitHub/STM32CubeFunctionPack_ALLMEMS1_V4.2.0/Middlewares/ST/STM32_BLE_Manager/Src/BLE_Manager.c:406:19:BLE_Manager_AddConsoleService	80	static
C:/MyFolder/01_GitRepoProject/01_Release Candidate/02_GitHub/STM32CubeFunctionPack_ALLMEMS1_V4.2.0/Middlewares/ST/STM32_BLE_Manager/Src/BLE_Manager.c:1771:19:BLE_Manager_AddFeaturesService	96	static
C:/MyFolder/01_GitRepoProject/01_Release Candidate/02_GitHub/STM32CubeFunctionPack_ALLMEMS1_V4.2.0/Middlewares/ST/STM32_BLE_Manager/Src/BLE_Manager.c:4264:13:UpdateWhiteList	32	static
C:/MyFolder/01_GitRepoProject/01_Release Candidate/02_GitHub/STM32CubeFunctionPack_ALLMEMS1_V4.2.0/Middlewares/ST/STM32_BLE_Manager/Src/BLE_Manager.c:1488:6:ClearCustomCommandsList	8	static
C:/MyFolder/01_GitRepoProject/01_Release Candidate/02_GitHub/STM32CubeFunctionPack_ALLMEMS1_V4.2.0/Middlewares/ST/STM32_BLE_Manager/Src/BLE_Manager.c:1526:9:AddCustomCommand	40	static
C:/MyFolder/01_GitRepoProject/01_Release Candidate/02_GitHub/STM32CubeFunctionPack_ALLMEMS1_V4.2.0/Middlewares/ST/STM32_BLE_Manager/Src/BLE_Manager.c:1720:6:create_JSON_Sensor	24	static
C:/MyFolder/01_GitRepoProject/01_Release Candidate/02_GitHub/STM32CubeFunctionPack_ALLMEMS1_V4.2.0/Middlewares/ST/STM32_BLE_Manager/Src/BLE_Manager.c:1847:12:safe_aci_gatt_update_char_value	16	static
C:/MyFolder/01_GitRepoProject/01_Release Candidate/02_GitHub/STM32CubeFunctionPack_ALLMEMS1_V4.2.0/Middlewares/ST/STM32_BLE_Manager/Src/BLE_Manager.c:512:19:UpdateTermStdErr	16	static
C:/MyFolder/01_GitRepoProject/01_Release Candidate/02_GitHub/STM32CubeFunctionPack_ALLMEMS1_V4.2.0/Middlewares/ST/STM32_BLE_Manager/Src/BLE_Manager.c:497:19:UpdateTermStdOut	16	static
C:/MyFolder/01_GitRepoProject/01_Release Candidate/02_GitHub/STM32CubeFunctionPack_ALLMEMS1_V4.2.0/Middlewares/ST/STM32_BLE_Manager/Src/BLE_Manager.c:527:19:Stderr_Update_AfterRead	8	static
C:/MyFolder/01_GitRepoProject/01_Release Candidate/02_GitHub/STM32CubeFunctionPack_ALLMEMS1_V4.2.0/Middlewares/ST/STM32_BLE_Manager/Src/BLE_Manager.c:577:13:Read_Request_StdErr	8	static
C:/MyFolder/01_GitRepoProject/01_Release Candidate/02_GitHub/STM32CubeFunctionPack_ALLMEMS1_V4.2.0/Middlewares/ST/STM32_BLE_Manager/Src/BLE_Manager.c:1981:6:aci_gatt_tx_pool_available_event	8	static
C:/MyFolder/01_GitRepoProject/01_Release Candidate/02_GitHub/STM32CubeFunctionPack_ALLMEMS1_V4.2.0/Middlewares/ST/STM32_BLE_Manager/Src/BLE_Manager.c:2004:12:aci_gatt_update_char_value_wrapper	16	static
C:/MyFolder/01_GitRepoProject/01_Release Candidate/02_GitHub/STM32CubeFunctionPack_ALLMEMS1_V4.2.0/Middlewares/ST/STM32_BLE_Manager/Src/BLE_Manager.c:2030:12:Stderr_Update	32	static
C:/MyFolder/01_GitRepoProject/01_Release Candidate/02_GitHub/STM32CubeFunctionPack_ALLMEMS1_V4.2.0/Middlewares/ST/STM32_BLE_Manager/Src/BLE_Manager.c:1910:19:BLE_UpdateExtConf	24	static
C:/MyFolder/01_GitRepoProject/01_Release Candidate/02_GitHub/STM32CubeFunctionPack_ALLMEMS1_V4.2.0/Middlewares/ST/STM32_BLE_Manager/Src/BLE_Manager.c:539:19:Term_Update_AfterRead	24	static
C:/MyFolder/01_GitRepoProject/01_Release Candidate/02_GitHub/STM32CubeFunctionPack_ALLMEMS1_V4.2.0/Middlewares/ST/STM32_BLE_Manager/Src/BLE_Manager.c:560:13:Read_Request_Term	8	static
C:/MyFolder/01_GitRepoProject/01_Release Candidate/02_GitHub/STM32CubeFunctionPack_ALLMEMS1_V4.2.0/Middlewares/ST/STM32_BLE_Manager/Src/BLE_Manager.c:2072:12:BLE_StdOutSendBuffer	16	static
C:/MyFolder/01_GitRepoProject/01_Release Candidate/02_GitHub/STM32CubeFunctionPack_ALLMEMS1_V4.2.0/Middlewares/ST/STM32_BLE_Manager/Src/BLE_Manager.c:2091:12:Term_Update	32	static
C:/MyFolder/01_GitRepoProject/01_Release Candidate/02_GitHub/STM32CubeFunctionPack_ALLMEMS1_V4.2.0/Middlewares/ST/STM32_BLE_Manager/Src/BLE_Manager.c:1750:13:Write_Request_Term	16	static
C:/MyFolder/01_GitRepoProject/01_Release Candidate/02_GitHub/STM32CubeFunctionPack_ALLMEMS1_V4.2.0/Middlewares/ST/STM32_BLE_Manager/Src/BLE_Manager.c:2135:12:Config_Update	24	static
C:/MyFolder/01_GitRepoProject/01_Release Candidate/02_GitHub/STM32CubeFunctionPack_ALLMEMS1_V4.2.0/Middlewares/ST/STM32_BLE_Manager/Src/BLE_Manager.c:2158:12:Config_Update_32	32	static
C:/MyFolder/01_GitRepoProject/01_Release Candidate/02_GitHub/STM32CubeFunctionPack_ALLMEMS1_V4.2.0/Middlewares/ST/STM32_BLE_Manager/Src/BLE_Manager.c:2183:6:setConnectable	64	static
C:/MyFolder/01_GitRepoProject/01_Release Candidate/02_GitHub/STM32CubeFunctionPack_ALLMEMS1_V4.2.0/Middlewares/ST/STM32_BLE_Manager/Src/BLE_Manager.c:2378:6:setNotConnectable	8	static
C:/MyFolder/01_GitRepoProject/01_Release Candidate/02_GitHub/STM32CubeFunctionPack_ALLMEMS1_V4.2.0/Middlewares/ST/STM32_BLE_Manager/Src/BLE_Manager.c:2389:9:BleManagerAddChar	0	static
C:/MyFolder/01_GitRepoProject/01_Release Candidate/02_GitHub/STM32CubeFunctionPack_ALLMEMS1_V4.2.0/Middlewares/ST/STM32_BLE_Manager/Src/BLE_Manager.c:3173:19:InitBleManagerServices	40	static
C:/MyFolder/01_GitRepoProject/01_Release Candidate/02_GitHub/STM32CubeFunctionPack_ALLMEMS1_V4.2.0/Middlewares/ST/STM32_BLE_Manager/Src/BLE_Manager.c:2409:6:ResetBleManager	16	static
C:/MyFolder/01_GitRepoProject/01_Release Candidate/02_GitHub/STM32CubeFunctionPack_ALLMEMS1_V4.2.0/Middlewares/ST/STM32_BLE_Manager/Src/BLE_Manager.c:3149:9:getBlueNRGVersion	32	static
C:/MyFolder/01_GitRepoProject/01_Release Candidate/02_GitHub/STM32CubeFunctionPack_ALLMEMS1_V4.2.0/Middlewares/ST/STM32_BLE_Manager/Src/BLE_Manager.c:2933:19:InitBleManager_BlueNRG_Stack	72	static
C:/MyFolder/01_GitRepoProject/01_Release Candidate/02_GitHub/STM32CubeFunctionPack_ALLMEMS1_V4.2.0/Middlewares/ST/STM32_BLE_Manager/Src/BLE_Manager.c:2487:12:InitBleManager	8	static
C:/MyFolder/01_GitRepoProject/01_Release Candidate/02_GitHub/STM32CubeFunctionPack_ALLMEMS1_V4.2.0/Middlewares/ST/STM32_BLE_Manager/Src/BLE_Manager.c:3291:10:BLE_Command_TP_Parse	32	static
C:/MyFolder/01_GitRepoProject/01_Release Candidate/02_GitHub/STM32CubeFunctionPack_ALLMEMS1_V4.2.0/Middlewares/ST/STM32_BLE_Manager/Src/BLE_Manager.c:3400:10:BLE_Command_TP_Encapsulate	32	static
C:/MyFolder/01_GitRepoProject/01_Release Candidate/02_GitHub/STM32CubeFunctionPack_ALLMEMS1_V4.2.0/Middlewares/ST/STM32_BLE_Manager/Src/BLE_Manager.c:1936:12:BLE_ExtConfiguration_Update	32	static
C:/MyFolder/01_GitRepoProject/01_Release Candidate/02_GitHub/STM32CubeFunctionPack_ALLMEMS1_V4.2.0/Middlewares/ST/STM32_BLE_Manager/Src/BLE_Manager.c:1657:6:SendNewCustomCommandList	24	static
C:/MyFolder/01_GitRepoProject/01_Release Candidate/02_GitHub/STM32CubeFunctionPack_ALLMEMS1_V4.2.0/Middlewares/ST/STM32_BLE_Manager/Src/BLE_Manager.c:1682:13:SendError	24	static
C:/MyFolder/01_GitRepoProject/01_Release Candidate/02_GitHub/STM32CubeFunctionPack_ALLMEMS1_V4.2.0/Middlewares/ST/STM32_BLE_Manager/Src/BLE_Manager.c:1701:6:SendInfo	24	static
C:/MyFolder/01_GitRepoProject/01_Release Candidate/02_GitHub/STM32CubeFunctionPack_ALLMEMS1_V4.2.0/Middlewares/ST/STM32_BLE_Manager/Src/BLE_Manager.c:954:13:Write_Request_ExtConfig	2136	static
C:/MyFolder/01_GitRepoProject/01_Release Candidate/02_GitHub/STM32CubeFunctionPack_ALLMEMS1_V4.2.0/Middlewares/ST/STM32_BLE_Manager/Src/BLE_Manager.c:3469:6:hci_le_connection_complete_event	40	static
C:/MyFolder/01_GitRepoProject/01_Release Candidate/02_GitHub/STM32CubeFunctionPack_ALLMEMS1_V4.2.0/Middlewares/ST/STM32_BLE_Manager/Src/BLE_Manager.c:3530:6:hci_disconnection_complete_event	16	static
C:/MyFolder/01_GitRepoProject/01_Release Candidate/02_GitHub/STM32CubeFunctionPack_ALLMEMS1_V4.2.0/Middlewares/ST/STM32_BLE_Manager/Src/BLE_Manager.c:3557:6:aci_gatt_read_permit_req_event	16	static
C:/MyFolder/01_GitRepoProject/01_Release Candidate/02_GitHub/STM32CubeFunctionPack_ALLMEMS1_V4.2.0/Middlewares/ST/STM32_BLE_Manager/Src/BLE_Manager.c:3608:6:aci_gatt_attribute_modified_event	48	static
C:/MyFolder/01_GitRepoProject/01_Release Candidate/02_GitHub/STM32CubeFunctionPack_ALLMEMS1_V4.2.0/Middlewares/ST/STM32_BLE_Manager/Src/BLE_Manager.c:3731:6:aci_att_exchange_mtu_resp_event	0	static
C:/MyFolder/01_GitRepoProject/01_Release Candidate/02_GitHub/STM32CubeFunctionPack_ALLMEMS1_V4.2.0/Middlewares/ST/STM32_BLE_Manager/Src/BLE_Manager.c:3747:6:aci_gap_pass_key_req_event	8	static
C:/MyFolder/01_GitRepoProject/01_Release Candidate/02_GitHub/STM32CubeFunctionPack_ALLMEMS1_V4.2.0/Middlewares/ST/STM32_BLE_Manager/Src/BLE_Manager.c:3772:6:aci_gap_pairing_complete_event	96	static
C:/MyFolder/01_GitRepoProject/01_Release Candidate/02_GitHub/STM32CubeFunctionPack_ALLMEMS1_V4.2.0/Middlewares/ST/STM32_BLE_Manager/Src/BLE_Manager.c:3851:6:aci_l2cap_connection_update_resp_event	0	static
C:/MyFolder/01_GitRepoProject/01_Release Candidate/02_GitHub/STM32CubeFunctionPack_ALLMEMS1_V4.2.0/Middlewares/ST/STM32_BLE_Manager/Src/BLE_Manager.c:3866:6:hci_le_connection_update_complete_event	0	static
C:/MyFolder/01_GitRepoProject/01_Release Candidate/02_GitHub/STM32CubeFunctionPack_ALLMEMS1_V4.2.0/Middlewares/ST/STM32_BLE_Manager/Src/BLE_Manager.c:3889:6:aci_gatt_proc_complete_event	8	static
C:/MyFolder/01_GitRepoProject/01_Release Candidate/02_GitHub/STM32CubeFunctionPack_ALLMEMS1_V4.2.0/Middlewares/ST/STM32_BLE_Manager/Src/BLE_Manager.c:3910:6:hci_le_data_length_change_event	8	static
C:/MyFolder/01_GitRepoProject/01_Release Candidate/02_GitHub/STM32CubeFunctionPack_ALLMEMS1_V4.2.0/Middlewares/ST/STM32_BLE_Manager/Src/BLE_Manager.c:4092:6:aci_gatt_indication_event	16	static
C:/MyFolder/01_GitRepoProject/01_Release Candidate/02_GitHub/STM32CubeFunctionPack_ALLMEMS1_V4.2.0/Middlewares/ST/STM32_BLE_Manager/Src/BLE_Manager.c:4196:6:aci_gatt_proc_timeout_event	24	static
C:/MyFolder/01_GitRepoProject/01_Release Candidate/02_GitHub/STM32CubeFunctionPack_ALLMEMS1_V4.2.0/Middlewares/ST/STM32_BLE_Manager/Src/BLE_Manager.c:4228:6:hci_hardware_error_event	24	static
C:/MyFolder/01_GitRepoProject/01_Release Candidate/02_GitHub/STM32CubeFunctionPack_ALLMEMS1_V4.2.0/Middlewares/ST/STM32_BLE_Manager/Src/BLE_Manager.c:4252:6:aci_gap_bond_lost_event	8	static
C:/MyFolder/01_GitRepoProject/01_Release Candidate/02_GitHub/STM32CubeFunctionPack_ALLMEMS1_V4.2.0/Middlewares/ST/STM32_BLE_Manager/Src/BLE_Manager.c:4306:6:aci_gap_numeric_comparison_value_event	8	static
C:/MyFolder/01_GitRepoProject/01_Release Candidate/02_GitHub/STM32CubeFunctionPack_ALLMEMS1_V4.2.0/Middlewares/ST/STM32_BLE_Manager/Src/BLE_Manager.c:4324:6:hci_encryption_change_event	0	static
