C:/MyFolder/01_GitRepoProject/01_Release Candidate/02_GitHub/STM32CubeFunctionPack_ALLMEMS1_V4.2.0/Projects/STM32L4R9ZI-SensorTile.box/Applications/ALLMEMS1/Src/main.c:2582:13:AccCalibTest	16	static
C:/MyFolder/01_GitRepoProject/01_Release Candidate/02_GitHub/STM32CubeFunctionPack_ALLMEMS1_V4.2.0/Projects/STM32L4R9ZI-SensorTile.box/Applications/ALLMEMS1/Src/main.c:2264:6:SystemClock_Config	256	static
C:/MyFolder/01_GitRepoProject/01_Release Candidate/02_GitHub/STM32CubeFunctionPack_ALLMEMS1_V4.2.0/Projects/STM32L4R9ZI-SensorTile.box/Applications/ALLMEMS1/Src/main.c:2819:22:ReCallNodeNameFromMemory	16	static
C:/MyFolder/01_GitRepoProject/01_Release Candidate/02_GitHub/STM32CubeFunctionPack_ALLMEMS1_V4.2.0/Projects/STM32L4R9ZI-SensorTile.box/Applications/ALLMEMS1/Src/main.c:3073:13:AccEnv_StartStop	8	static
C:/MyFolder/01_GitRepoProject/01_Release Candidate/02_GitHub/STM32CubeFunctionPack_ALLMEMS1_V4.2.0/Projects/STM32L4R9ZI-SensorTile.box/Applications/ALLMEMS1/Src/main.c:1050:13:MEMSCallback	16	static
C:/MyFolder/01_GitRepoProject/01_Release Candidate/02_GitHub/STM32CubeFunctionPack_ALLMEMS1_V4.2.0/Projects/STM32L4R9ZI-SensorTile.box/Applications/ALLMEMS1/Src/main.c:959:13:ButtonCallback	16	static
C:/MyFolder/01_GitRepoProject/01_Release Candidate/02_GitHub/STM32CubeFunctionPack_ALLMEMS1_V4.2.0/Projects/STM32L4R9ZI-SensorTile.box/Applications/ALLMEMS1/Src/main.c:2791:22:ResetMagnetoCalibrationInMemory	16	static
C:/MyFolder/01_GitRepoProject/01_Release Candidate/02_GitHub/STM32CubeFunctionPack_ALLMEMS1_V4.2.0/Projects/STM32L4R9ZI-SensorTile.box/Applications/ALLMEMS1/Src/main.c:1010:13:ReCalibration	32	static
C:/MyFolder/01_GitRepoProject/01_Release Candidate/02_GitHub/STM32CubeFunctionPack_ALLMEMS1_V4.2.0/Projects/STM32L4R9ZI-SensorTile.box/Applications/ALLMEMS1/Src/main.c:1780:13:SendAudioLevelData	32	static
C:/MyFolder/01_GitRepoProject/01_Release Candidate/02_GitHub/STM32CubeFunctionPack_ALLMEMS1_V4.2.0/Projects/STM32L4R9ZI-SensorTile.box/Applications/ALLMEMS1/Src/main.c:1928:13:SendBatteryInfoData	72	static
C:/MyFolder/01_GitRepoProject/01_Release Candidate/02_GitHub/STM32CubeFunctionPack_ALLMEMS1_V4.2.0/Projects/STM32L4R9ZI-SensorTile.box/Applications/ALLMEMS1/Src/main.c:1131:13:SendMotionData	80	static
C:/MyFolder/01_GitRepoProject/01_Release Candidate/02_GitHub/STM32CubeFunctionPack_ALLMEMS1_V4.2.0/Projects/STM32L4R9ZI-SensorTile.box/Applications/ALLMEMS1/Src/main.c:1171:13:ComputeMotionAR	16	static
C:/MyFolder/01_GitRepoProject/01_Release Candidate/02_GitHub/STM32CubeFunctionPack_ALLMEMS1_V4.2.0/Projects/STM32L4R9ZI-SensorTile.box/Applications/ALLMEMS1/Src/main.c:1205:13:ComputeMotionCP	16	static
C:/MyFolder/01_GitRepoProject/01_Release Candidate/02_GitHub/STM32CubeFunctionPack_ALLMEMS1_V4.2.0/Projects/STM32L4R9ZI-SensorTile.box/Applications/ALLMEMS1/Src/main.c:1237:13:ComputeMotionFA	72	static
C:/MyFolder/01_GitRepoProject/01_Release Candidate/02_GitHub/STM32CubeFunctionPack_ALLMEMS1_V4.2.0/Projects/STM32L4R9ZI-SensorTile.box/Applications/ALLMEMS1/Src/main.c:1439:13:ComputeMotionGR	16	static
C:/MyFolder/01_GitRepoProject/01_Release Candidate/02_GitHub/STM32CubeFunctionPack_ALLMEMS1_V4.2.0/Projects/STM32L4R9ZI-SensorTile.box/Applications/ALLMEMS1/Src/main.c:1470:13:ComputeMotionID	16	static
C:/MyFolder/01_GitRepoProject/01_Release Candidate/02_GitHub/STM32CubeFunctionPack_ALLMEMS1_V4.2.0/Projects/STM32L4R9ZI-SensorTile.box/Applications/ALLMEMS1/Src/main.c:1499:13:ComputeMotionPE	32	static
C:/MyFolder/01_GitRepoProject/01_Release Candidate/02_GitHub/STM32CubeFunctionPack_ALLMEMS1_V4.2.0/Projects/STM32L4R9ZI-SensorTile.box/Applications/ALLMEMS1/Src/main.c:1539:13:ComputeMotionSD	40	static
C:/MyFolder/01_GitRepoProject/01_Release Candidate/02_GitHub/STM32CubeFunctionPack_ALLMEMS1_V4.2.0/Projects/STM32L4R9ZI-SensorTile.box/Applications/ALLMEMS1/Src/main.c:1581:13:ComputeMotionTL	56	static
C:/MyFolder/01_GitRepoProject/01_Release Candidate/02_GitHub/STM32CubeFunctionPack_ALLMEMS1_V4.2.0/Projects/STM32L4R9ZI-SensorTile.box/Applications/ALLMEMS1/Src/main.c:1698:13:ComputeMotionVC	40	static
C:/MyFolder/01_GitRepoProject/01_Release Candidate/02_GitHub/STM32CubeFunctionPack_ALLMEMS1_V4.2.0/Projects/STM32L4R9ZI-SensorTile.box/Applications/ALLMEMS1/Src/main.c:801:6:Set2GAccelerometerFullScale	8	static
C:/MyFolder/01_GitRepoProject/01_Release Candidate/02_GitHub/STM32CubeFunctionPack_ALLMEMS1_V4.2.0/Projects/STM32L4R9ZI-SensorTile.box/Applications/ALLMEMS1/Src/main.c:816:6:Set4GAccelerometerFullScale	8	static
C:/MyFolder/01_GitRepoProject/01_Release Candidate/02_GitHub/STM32CubeFunctionPack_ALLMEMS1_V4.2.0/Projects/STM32L4R9ZI-SensorTile.box/Applications/ALLMEMS1/Src/main.c:831:6:HAL_TIM_OC_DelayElapsedCallback	8	static
C:/MyFolder/01_GitRepoProject/01_Release Candidate/02_GitHub/STM32CubeFunctionPack_ALLMEMS1_V4.2.0/Projects/STM32L4R9ZI-SensorTile.box/Applications/ALLMEMS1/Src/main.c:930:6:HAL_TIM_PeriodElapsedCallback	8	static
C:/MyFolder/01_GitRepoProject/01_Release Candidate/02_GitHub/STM32CubeFunctionPack_ALLMEMS1_V4.2.0/Projects/STM32L4R9ZI-SensorTile.box/Applications/ALLMEMS1/Src/main.c:1641:9:CollectData	40	static
C:/MyFolder/01_GitRepoProject/01_Release Candidate/02_GitHub/STM32CubeFunctionPack_ALLMEMS1_V4.2.0/Projects/STM32L4R9ZI-SensorTile.box/Applications/ALLMEMS1/Src/main.c:1681:6:GetEstimatedMeasTime	24	static
C:/MyFolder/01_GitRepoProject/01_Release Candidate/02_GitHub/STM32CubeFunctionPack_ALLMEMS1_V4.2.0/Projects/STM32L4R9ZI-SensorTile.box/Applications/ALLMEMS1/Src/main.c:1761:6:AudioProcess_DB_Noise	0	static
C:/MyFolder/01_GitRepoProject/01_Release Candidate/02_GitHub/STM32CubeFunctionPack_ALLMEMS1_V4.2.0/Projects/STM32L4R9ZI-SensorTile.box/Applications/ALLMEMS1/Src/main.c:1745:6:AudioProcess	8	static
C:/MyFolder/01_GitRepoProject/01_Release Candidate/02_GitHub/STM32CubeFunctionPack_ALLMEMS1_V4.2.0/Projects/STM32L4R9ZI-SensorTile.box/Applications/ALLMEMS1/Src/main.c:1804:6:BSP_AUDIO_IN_HalfTransfer_CallBack	8	static
C:/MyFolder/01_GitRepoProject/01_Release Candidate/02_GitHub/STM32CubeFunctionPack_ALLMEMS1_V4.2.0/Projects/STM32L4R9ZI-SensorTile.box/Applications/ALLMEMS1/Src/main.c:1814:6:BSP_AUDIO_IN_TransferComplete_CallBack	8	static
C:/MyFolder/01_GitRepoProject/01_Release Candidate/02_GitHub/STM32CubeFunctionPack_ALLMEMS1_V4.2.0/Projects/STM32L4R9ZI-SensorTile.box/Applications/ALLMEMS1/Src/main.c:1827:6:ReadEnvironmentalData	40	static
C:/MyFolder/01_GitRepoProject/01_Release Candidate/02_GitHub/STM32CubeFunctionPack_ALLMEMS1_V4.2.0/Projects/STM32L4R9ZI-SensorTile.box/Applications/ALLMEMS1/Src/main.c:1862:13:SendEnvironmentalData	32	static
C:/MyFolder/01_GitRepoProject/01_Release Candidate/02_GitHub/STM32CubeFunctionPack_ALLMEMS1_V4.2.0/Projects/STM32L4R9ZI-SensorTile.box/Applications/ALLMEMS1/Src/main.c:2200:9:getBlueNRG2_Version	72	static
C:/MyFolder/01_GitRepoProject/01_Release Candidate/02_GitHub/STM32CubeFunctionPack_ALLMEMS1_V4.2.0/Projects/STM32L4R9ZI-SensorTile.box/Applications/ALLMEMS1/Src/main.c:2507:6:HAL_Delay	16	static,ignoring_inline_asm
C:/MyFolder/01_GitRepoProject/01_Release Candidate/02_GitHub/STM32CubeFunctionPack_ALLMEMS1_V4.2.0/Projects/STM32L4R9ZI-SensorTile.box/Applications/ALLMEMS1/Src/main.c:2521:6:Error_Handler	0	static
C:/MyFolder/01_GitRepoProject/01_Release Candidate/02_GitHub/STM32CubeFunctionPack_ALLMEMS1_V4.2.0/Projects/STM32L4R9ZI-SensorTile.box/Applications/ALLMEMS1/Src/main.c:1986:13:MX_CRC_Init	8	static
C:/MyFolder/01_GitRepoProject/01_Release Candidate/02_GitHub/STM32CubeFunctionPack_ALLMEMS1_V4.2.0/Projects/STM32L4R9ZI-SensorTile.box/Applications/ALLMEMS1/Src/main.c:2002:13:InitTimers	48	static
C:/MyFolder/01_GitRepoProject/01_Release Candidate/02_GitHub/STM32CubeFunctionPack_ALLMEMS1_V4.2.0/Projects/STM32L4R9ZI-SensorTile.box/Applications/ALLMEMS1/Src/main.c:3010:13:Environmental_StartStopTimer	8	static
C:/MyFolder/01_GitRepoProject/01_Release Candidate/02_GitHub/STM32CubeFunctionPack_ALLMEMS1_V4.2.0/Projects/STM32L4R9ZI-SensorTile.box/Applications/ALLMEMS1/Src/main.c:3041:13:Battery_StartStopTimer	8	static
C:/MyFolder/01_GitRepoProject/01_Release Candidate/02_GitHub/STM32CubeFunctionPack_ALLMEMS1_V4.2.0/Projects/STM32L4R9ZI-SensorTile.box/Applications/ALLMEMS1/Src/main.c:2979:13:Inertial_StartStopTimer	8	static
C:/MyFolder/01_GitRepoProject/01_Release Candidate/02_GitHub/STM32CubeFunctionPack_ALLMEMS1_V4.2.0/Projects/STM32L4R9ZI-SensorTile.box/Applications/ALLMEMS1/Src/main.c:3096:13:AudioLevel_StartStopTimer	8	static
C:/MyFolder/01_GitRepoProject/01_Release Candidate/02_GitHub/STM32CubeFunctionPack_ALLMEMS1_V4.2.0/Projects/STM32L4R9ZI-SensorTile.box/Applications/ALLMEMS1/Src/main.c:3137:13:TIM1_CHANNEL_1_StartStop	8	static
C:/MyFolder/01_GitRepoProject/01_Release Candidate/02_GitHub/STM32CubeFunctionPack_ALLMEMS1_V4.2.0/Projects/STM32L4R9ZI-SensorTile.box/Applications/ALLMEMS1/Src/main.c:3195:13:TIM1_CHANNEL_2_StartStop	8	static
C:/MyFolder/01_GitRepoProject/01_Release Candidate/02_GitHub/STM32CubeFunctionPack_ALLMEMS1_V4.2.0/Projects/STM32L4R9ZI-SensorTile.box/Applications/ALLMEMS1/Src/main.c:3277:13:TIM1_CHANNEL_3_StartStop	8	static
C:/MyFolder/01_GitRepoProject/01_Release Candidate/02_GitHub/STM32CubeFunctionPack_ALLMEMS1_V4.2.0/Projects/STM32L4R9ZI-SensorTile.box/Applications/ALLMEMS1/Src/main.c:3347:13:TIM1_CHANNEL_4_StartStop	8	static
C:/MyFolder/01_GitRepoProject/01_Release Candidate/02_GitHub/STM32CubeFunctionPack_ALLMEMS1_V4.2.0/Projects/STM32L4R9ZI-SensorTile.box/Applications/ALLMEMS1/Src/main.c:2856:13:EnableDisableFeatures	8	static
C:/MyFolder/01_GitRepoProject/01_Release Candidate/02_GitHub/STM32CubeFunctionPack_ALLMEMS1_V4.2.0/Projects/STM32L4R9ZI-SensorTile.box/Applications/ALLMEMS1/Src/main.c:2533:6:HAL_GPIO_EXTI_Callback	8	static
C:/MyFolder/01_GitRepoProject/01_Release Candidate/02_GitHub/STM32CubeFunctionPack_ALLMEMS1_V4.2.0/Projects/STM32L4R9ZI-SensorTile.box/Applications/ALLMEMS1/Src/main.c:2616:15:ReCallAccellerometerCalibrationFromMemory	16	static
C:/MyFolder/01_GitRepoProject/01_Release Candidate/02_GitHub/STM32CubeFunctionPack_ALLMEMS1_V4.2.0/Projects/STM32L4R9ZI-SensorTile.box/Applications/ALLMEMS1/Src/main.c:2643:15:SaveAccellerometerCalibrationToMemory	16	static
C:/MyFolder/01_GitRepoProject/01_Release Candidate/02_GitHub/STM32CubeFunctionPack_ALLMEMS1_V4.2.0/Projects/STM32L4R9ZI-SensorTile.box/Applications/ALLMEMS1/Src/main.c:2679:15:ResetAccellerometerCalibrationInMemory	16	static
C:/MyFolder/01_GitRepoProject/01_Release Candidate/02_GitHub/STM32CubeFunctionPack_ALLMEMS1_V4.2.0/Projects/STM32L4R9ZI-SensorTile.box/Applications/ALLMEMS1/Src/main.c:2744:15:ReCallMagnetoCalibrationFromMemory	8	static
C:/MyFolder/01_GitRepoProject/01_Release Candidate/02_GitHub/STM32CubeFunctionPack_ALLMEMS1_V4.2.0/Projects/STM32L4R9ZI-SensorTile.box/Applications/ALLMEMS1/Src/main.c:2706:13:MagCalibTest	16	static
C:/MyFolder/01_GitRepoProject/01_Release Candidate/02_GitHub/STM32CubeFunctionPack_ALLMEMS1_V4.2.0/Projects/STM32L4R9ZI-SensorTile.box/Applications/ALLMEMS1/Src/main.c:2761:15:SaveMagnetoCalibrationToMemory	16	static
C:/MyFolder/01_GitRepoProject/01_Release Candidate/02_GitHub/STM32CubeFunctionPack_ALLMEMS1_V4.2.0/Projects/STM32L4R9ZI-SensorTile.box/Applications/ALLMEMS1/Src/main.c:1295:13:ComputeQuaternions	176	static
C:/MyFolder/01_GitRepoProject/01_Release Candidate/02_GitHub/STM32CubeFunctionPack_ALLMEMS1_V4.2.0/Projects/STM32L4R9ZI-SensorTile.box/Applications/ALLMEMS1/Src/main.c:457:5:main	64	static,ignoring_inline_asm
