C:/MyFolder/01_GitRepoProject/01_Release Candidate/02_GitHub/STM32CubeFunctionPack_ALLMEMS1_V4.2.0/Projects/STM32L4R9ZI-SensorTile.box/Applications/ALLMEMS1/Src/MotionFA_Manager.c:43:6:MotionFA_manager_init	56	static
C:/MyFolder/01_GitRepoProject/01_Release Candidate/02_GitHub/STM32CubeFunctionPack_ALLMEMS1_V4.2.0/Projects/STM32L4R9ZI-SensorTile.box/Applications/ALLMEMS1/Src/MotionFA_Manager.c:73:6:MotionFA_manager_run	8	static
C:/MyFolder/01_GitRepoProject/01_Release Candidate/02_GitHub/STM32CubeFunctionPack_ALLMEMS1_V4.2.0/Projects/STM32L4R9ZI-SensorTile.box/Applications/ALLMEMS1/Src/MotionFA_Manager.c:100:6:MotionFA_manager_get_version	8	static
C:/MyFolder/01_GitRepoProject/01_Release Candidate/02_GitHub/STM32CubeFunctionPack_ALLMEMS1_V4.2.0/Projects/STM32L4R9ZI-SensorTile.box/Applications/ALLMEMS1/Src/MotionFA_Manager.c:110:6:MotionFA_manager_reset_counter	8	static
C:/MyFolder/01_GitRepoProject/01_Release Candidate/02_GitHub/STM32CubeFunctionPack_ALLMEMS1_V4.2.0/Projects/STM32L4R9ZI-SensorTile.box/Applications/ALLMEMS1/Src/MotionFA_Manager.c:136:6:MotionFA_manager_set_activity	0	static
C:/MyFolder/01_GitRepoProject/01_Release Candidate/02_GitHub/STM32CubeFunctionPack_ALLMEMS1_V4.2.0/Projects/STM32L4R9ZI-SensorTile.box/Applications/ALLMEMS1/Src/MotionFA_Manager.c:146:6:MotionFA_manager_get_activity	0	static
