C:/MyFolder/01_GitRepoProject/01_Release Candidate/02_GitHub/STM32CubeFunctionPack_ALLMEMS1_V4.2.0/Projects/STM32L4R9ZI-SensorTile.box/Applications/ALLMEMS1/Src/usbd_desc.c:120:10:USBD_VCP_DeviceDescriptor	0	static
C:/MyFolder/01_GitRepoProject/01_Release Candidate/02_GitHub/STM32CubeFunctionPack_ALLMEMS1_V4.2.0/Projects/STM32L4R9ZI-SensorTile.box/Applications/ALLMEMS1/Src/usbd_desc.c:132:10:USBD_VCP_LangIDStrDescriptor	0	static
C:/MyFolder/01_GitRepoProject/01_Release Candidate/02_GitHub/STM32CubeFunctionPack_ALLMEMS1_V4.2.0/Projects/STM32L4R9ZI-SensorTile.box/Applications/ALLMEMS1/Src/usbd_desc.c:231:13:IntToUnicode	4	static
C:/MyFolder/01_GitRepoProject/01_Release Candidate/02_GitHub/STM32CubeFunctionPack_ALLMEMS1_V4.2.0/Projects/STM32L4R9ZI-SensorTile.box/Applications/ALLMEMS1/Src/usbd_desc.c:207:13:Get_SerialNum	16	static
C:/MyFolder/01_GitRepoProject/01_Release Candidate/02_GitHub/STM32CubeFunctionPack_ALLMEMS1_V4.2.0/Projects/STM32L4R9ZI-SensorTile.box/Applications/ALLMEMS1/Src/usbd_desc.c:168:10:USBD_VCP_SerialStrDescriptor	8	static
C:/MyFolder/01_GitRepoProject/01_Release Candidate/02_GitHub/STM32CubeFunctionPack_ALLMEMS1_V4.2.0/Projects/STM32L4R9ZI-SensorTile.box/Applications/ALLMEMS1/Src/usbd_desc.c:144:10:USBD_VCP_ProductStrDescriptor	8	static
C:/MyFolder/01_GitRepoProject/01_Release Candidate/02_GitHub/STM32CubeFunctionPack_ALLMEMS1_V4.2.0/Projects/STM32L4R9ZI-SensorTile.box/Applications/ALLMEMS1/Src/usbd_desc.c:156:10:USBD_VCP_ManufacturerStrDescriptor	8	static
C:/MyFolder/01_GitRepoProject/01_Release Candidate/02_GitHub/STM32CubeFunctionPack_ALLMEMS1_V4.2.0/Projects/STM32L4R9ZI-SensorTile.box/Applications/ALLMEMS1/Src/usbd_desc.c:184:10:USBD_VCP_ConfigStrDescriptor	8	static
C:/MyFolder/01_GitRepoProject/01_Release Candidate/02_GitHub/STM32CubeFunctionPack_ALLMEMS1_V4.2.0/Projects/STM32L4R9ZI-SensorTile.box/Applications/ALLMEMS1/Src/usbd_desc.c:196:10:USBD_VCP_InterfaceStrDescriptor	8	static
