C:/MyFolder/01_GitRepoProject/01_Release Candidate/02_GitHub/STM32CubeFunctionPack_ALLMEMS1_V4.2.0/Middlewares/ST/STM32_USB_Device_Library/Class/CDC/Src/usbd_cdc.c:757:16:USBD_CDC_EP0_RxReady	8	static
C:/MyFolder/01_GitRepoProject/01_Release Candidate/02_GitHub/STM32CubeFunctionPack_ALLMEMS1_V4.2.0/Middlewares/ST/STM32_USB_Device_Library/Class/CDC/Src/usbd_cdc.c:784:17:USBD_CDC_GetFSCfgDesc	0	static
C:/MyFolder/01_GitRepoProject/01_Release Candidate/02_GitHub/STM32CubeFunctionPack_ALLMEMS1_V4.2.0/Middlewares/ST/STM32_USB_Device_Library/Class/CDC/Src/usbd_cdc.c:798:17:USBD_CDC_GetHSCfgDesc	0	static
C:/MyFolder/01_GitRepoProject/01_Release Candidate/02_GitHub/STM32CubeFunctionPack_ALLMEMS1_V4.2.0/Middlewares/ST/STM32_USB_Device_Library/Class/CDC/Src/usbd_cdc.c:812:17:USBD_CDC_GetOtherSpeedCfgDesc	0	static
C:/MyFolder/01_GitRepoProject/01_Release Candidate/02_GitHub/STM32CubeFunctionPack_ALLMEMS1_V4.2.0/Middlewares/ST/STM32_USB_Device_Library/Class/CDC/Src/usbd_cdc.c:825:10:USBD_CDC_GetDeviceQualifierDescriptor	0	static
C:/MyFolder/01_GitRepoProject/01_Release Candidate/02_GitHub/STM32CubeFunctionPack_ALLMEMS1_V4.2.0/Middlewares/ST/STM32_USB_Device_Library/Class/CDC/Src/usbd_cdc.c:731:16:USBD_CDC_DataOut	16	static
C:/MyFolder/01_GitRepoProject/01_Release Candidate/02_GitHub/STM32CubeFunctionPack_ALLMEMS1_V4.2.0/Middlewares/ST/STM32_USB_Device_Library/Class/CDC/Src/usbd_cdc.c:690:16:USBD_CDC_DataIn	8	static
C:/MyFolder/01_GitRepoProject/01_Release Candidate/02_GitHub/STM32CubeFunctionPack_ALLMEMS1_V4.2.0/Middlewares/ST/STM32_USB_Device_Library/Class/CDC/Src/usbd_cdc.c:586:16:USBD_CDC_Setup	32	static
C:/MyFolder/01_GitRepoProject/01_Release Candidate/02_GitHub/STM32CubeFunctionPack_ALLMEMS1_V4.2.0/Middlewares/ST/STM32_USB_Device_Library/Class/CDC/Src/usbd_cdc.c:551:16:USBD_CDC_DeInit	16	static
C:/MyFolder/01_GitRepoProject/01_Release Candidate/02_GitHub/STM32CubeFunctionPack_ALLMEMS1_V4.2.0/Middlewares/ST/STM32_USB_Device_Library/Class/CDC/Src/usbd_cdc.c:467:16:USBD_CDC_Init	16	static
C:/MyFolder/01_GitRepoProject/01_Release Candidate/02_GitHub/STM32CubeFunctionPack_ALLMEMS1_V4.2.0/Middlewares/ST/STM32_USB_Device_Library/Class/CDC/Src/usbd_cdc.c:838:9:USBD_CDC_RegisterInterface	0	static
C:/MyFolder/01_GitRepoProject/01_Release Candidate/02_GitHub/STM32CubeFunctionPack_ALLMEMS1_V4.2.0/Middlewares/ST/STM32_USB_Device_Library/Class/CDC/Src/usbd_cdc.c:857:9:USBD_CDC_SetTxBuffer	0	static
C:/MyFolder/01_GitRepoProject/01_Release Candidate/02_GitHub/STM32CubeFunctionPack_ALLMEMS1_V4.2.0/Middlewares/ST/STM32_USB_Device_Library/Class/CDC/Src/usbd_cdc.c:879:9:USBD_CDC_SetRxBuffer	0	static
C:/MyFolder/01_GitRepoProject/01_Release Candidate/02_GitHub/STM32CubeFunctionPack_ALLMEMS1_V4.2.0/Middlewares/ST/STM32_USB_Device_Library/Class/CDC/Src/usbd_cdc.c:899:9:USBD_CDC_TransmitPacket	8	static
C:/MyFolder/01_GitRepoProject/01_Release Candidate/02_GitHub/STM32CubeFunctionPack_ALLMEMS1_V4.2.0/Middlewares/ST/STM32_USB_Device_Library/Class/CDC/Src/usbd_cdc.c:932:9:USBD_CDC_ReceivePacket	8	static
