C:/MyFolder/01_GitRepoProject/01_Release Candidate/02_GitHub/STM32CubeFunctionPack_ALLMEMS1_V4.2.0/Middlewares/ST/BlueNRG-2/hci/controller/bluenrg1_gap_aci.c:22:12:aci_gap_set_non_discoverable	40	static
C:/MyFolder/01_GitRepoProject/01_Release Candidate/02_GitHub/STM32CubeFunctionPack_ALLMEMS1_V4.2.0/Middlewares/ST/BlueNRG-2/hci/controller/bluenrg1_gap_aci.c:38:12:aci_gap_set_limited_discoverable	336	static
C:/MyFolder/01_GitRepoProject/01_Release Candidate/02_GitHub/STM32CubeFunctionPack_ALLMEMS1_V4.2.0/Middlewares/ST/BlueNRG-2/hci/controller/bluenrg1_gap_aci.c:103:12:aci_gap_set_discoverable	336	static
C:/MyFolder/01_GitRepoProject/01_Release Candidate/02_GitHub/STM32CubeFunctionPack_ALLMEMS1_V4.2.0/Middlewares/ST/BlueNRG-2/hci/controller/bluenrg1_gap_aci.c:167:12:aci_gap_set_direct_connectable	304	static
C:/MyFolder/01_GitRepoProject/01_Release Candidate/02_GitHub/STM32CubeFunctionPack_ALLMEMS1_V4.2.0/Middlewares/ST/BlueNRG-2/hci/controller/bluenrg1_gap_aci.c:205:12:aci_gap_set_io_capability	296	static
C:/MyFolder/01_GitRepoProject/01_Release Candidate/02_GitHub/STM32CubeFunctionPack_ALLMEMS1_V4.2.0/Middlewares/ST/BlueNRG-2/hci/controller/bluenrg1_gap_aci.c:228:12:aci_gap_set_authentication_requirement	304	static
C:/MyFolder/01_GitRepoProject/01_Release Candidate/02_GitHub/STM32CubeFunctionPack_ALLMEMS1_V4.2.0/Middlewares/ST/BlueNRG-2/hci/controller/bluenrg1_gap_aci.c:275:12:aci_gap_set_authorization_requirement	296	static
C:/MyFolder/01_GitRepoProject/01_Release Candidate/02_GitHub/STM32CubeFunctionPack_ALLMEMS1_V4.2.0/Middlewares/ST/BlueNRG-2/hci/controller/bluenrg1_gap_aci.c:301:12:aci_gap_pass_key_resp	296	static
C:/MyFolder/01_GitRepoProject/01_Release Candidate/02_GitHub/STM32CubeFunctionPack_ALLMEMS1_V4.2.0/Middlewares/ST/BlueNRG-2/hci/controller/bluenrg1_gap_aci.c:327:12:aci_gap_authorization_resp	296	static
C:/MyFolder/01_GitRepoProject/01_Release Candidate/02_GitHub/STM32CubeFunctionPack_ALLMEMS1_V4.2.0/Middlewares/ST/BlueNRG-2/hci/controller/bluenrg1_gap_aci.c:353:12:aci_gap_init	312	static
C:/MyFolder/01_GitRepoProject/01_Release Candidate/02_GitHub/STM32CubeFunctionPack_ALLMEMS1_V4.2.0/Middlewares/ST/BlueNRG-2/hci/controller/bluenrg1_gap_aci.c:389:12:aci_gap_set_non_connectable	296	static
C:/MyFolder/01_GitRepoProject/01_Release Candidate/02_GitHub/STM32CubeFunctionPack_ALLMEMS1_V4.2.0/Middlewares/ST/BlueNRG-2/hci/controller/bluenrg1_gap_aci.c:415:12:aci_gap_set_undirected_connectable	304	static
C:/MyFolder/01_GitRepoProject/01_Release Candidate/02_GitHub/STM32CubeFunctionPack_ALLMEMS1_V4.2.0/Middlewares/ST/BlueNRG-2/hci/controller/bluenrg1_gap_aci.c:447:12:aci_gap_slave_security_req	296	static
C:/MyFolder/01_GitRepoProject/01_Release Candidate/02_GitHub/STM32CubeFunctionPack_ALLMEMS1_V4.2.0/Middlewares/ST/BlueNRG-2/hci/controller/bluenrg1_gap_aci.c:471:12:aci_gap_update_adv_data	312	static
C:/MyFolder/01_GitRepoProject/01_Release Candidate/02_GitHub/STM32CubeFunctionPack_ALLMEMS1_V4.2.0/Middlewares/ST/BlueNRG-2/hci/controller/bluenrg1_gap_aci.c:500:12:aci_gap_delete_ad_type	296	static
C:/MyFolder/01_GitRepoProject/01_Release Candidate/02_GitHub/STM32CubeFunctionPack_ALLMEMS1_V4.2.0/Middlewares/ST/BlueNRG-2/hci/controller/bluenrg1_gap_aci.c:523:12:aci_gap_get_security_level	304	static
C:/MyFolder/01_GitRepoProject/01_Release Candidate/02_GitHub/STM32CubeFunctionPack_ALLMEMS1_V4.2.0/Middlewares/ST/BlueNRG-2/hci/controller/bluenrg1_gap_aci.c:551:12:aci_gap_set_event_mask	296	static
C:/MyFolder/01_GitRepoProject/01_Release Candidate/02_GitHub/STM32CubeFunctionPack_ALLMEMS1_V4.2.0/Middlewares/ST/BlueNRG-2/hci/controller/bluenrg1_gap_aci.c:574:12:aci_gap_configure_whitelist	40	static
C:/MyFolder/01_GitRepoProject/01_Release Candidate/02_GitHub/STM32CubeFunctionPack_ALLMEMS1_V4.2.0/Middlewares/ST/BlueNRG-2/hci/controller/bluenrg1_gap_aci.c:590:12:aci_gap_terminate	296	static
C:/MyFolder/01_GitRepoProject/01_Release Candidate/02_GitHub/STM32CubeFunctionPack_ALLMEMS1_V4.2.0/Middlewares/ST/BlueNRG-2/hci/controller/bluenrg1_gap_aci.c:617:12:aci_gap_clear_security_db	40	static
C:/MyFolder/01_GitRepoProject/01_Release Candidate/02_GitHub/STM32CubeFunctionPack_ALLMEMS1_V4.2.0/Middlewares/ST/BlueNRG-2/hci/controller/bluenrg1_gap_aci.c:633:12:aci_gap_allow_rebond	296	static
C:/MyFolder/01_GitRepoProject/01_Release Candidate/02_GitHub/STM32CubeFunctionPack_ALLMEMS1_V4.2.0/Middlewares/ST/BlueNRG-2/hci/controller/bluenrg1_gap_aci.c:656:12:aci_gap_start_limited_discovery_proc	304	static
C:/MyFolder/01_GitRepoProject/01_Release Candidate/02_GitHub/STM32CubeFunctionPack_ALLMEMS1_V4.2.0/Middlewares/ST/BlueNRG-2/hci/controller/bluenrg1_gap_aci.c:689:12:aci_gap_start_general_discovery_proc	304	static
C:/MyFolder/01_GitRepoProject/01_Release Candidate/02_GitHub/STM32CubeFunctionPack_ALLMEMS1_V4.2.0/Middlewares/ST/BlueNRG-2/hci/controller/bluenrg1_gap_aci.c:722:12:aci_gap_start_name_discovery_proc	304	static
C:/MyFolder/01_GitRepoProject/01_Release Candidate/02_GitHub/STM32CubeFunctionPack_ALLMEMS1_V4.2.0/Middlewares/ST/BlueNRG-2/hci/controller/bluenrg1_gap_aci.c:776:12:aci_gap_start_auto_connection_establish_proc	296	static
C:/MyFolder/01_GitRepoProject/01_Release Candidate/02_GitHub/STM32CubeFunctionPack_ALLMEMS1_V4.2.0/Middlewares/ST/BlueNRG-2/hci/controller/bluenrg1_gap_aci.c:836:12:aci_gap_start_general_connection_establish_proc	304	static
C:/MyFolder/01_GitRepoProject/01_Release Candidate/02_GitHub/STM32CubeFunctionPack_ALLMEMS1_V4.2.0/Middlewares/ST/BlueNRG-2/hci/controller/bluenrg1_gap_aci.c:875:12:aci_gap_start_selective_connection_establish_proc	296	static
C:/MyFolder/01_GitRepoProject/01_Release Candidate/02_GitHub/STM32CubeFunctionPack_ALLMEMS1_V4.2.0/Middlewares/ST/BlueNRG-2/hci/controller/bluenrg1_gap_aci.c:926:12:aci_gap_create_connection	304	static
C:/MyFolder/01_GitRepoProject/01_Release Candidate/02_GitHub/STM32CubeFunctionPack_ALLMEMS1_V4.2.0/Middlewares/ST/BlueNRG-2/hci/controller/bluenrg1_gap_aci.c:980:12:aci_gap_terminate_gap_proc	296	static
C:/MyFolder/01_GitRepoProject/01_Release Candidate/02_GitHub/STM32CubeFunctionPack_ALLMEMS1_V4.2.0/Middlewares/ST/BlueNRG-2/hci/controller/bluenrg1_gap_aci.c:1003:12:aci_gap_start_connection_update	304	static
C:/MyFolder/01_GitRepoProject/01_Release Candidate/02_GitHub/STM32CubeFunctionPack_ALLMEMS1_V4.2.0/Middlewares/ST/BlueNRG-2/hci/controller/bluenrg1_gap_aci.c:1045:12:aci_gap_send_pairing_req	296	static
C:/MyFolder/01_GitRepoProject/01_Release Candidate/02_GitHub/STM32CubeFunctionPack_ALLMEMS1_V4.2.0/Middlewares/ST/BlueNRG-2/hci/controller/bluenrg1_gap_aci.c:1072:12:aci_gap_resolve_private_addr	312	static
C:/MyFolder/01_GitRepoProject/01_Release Candidate/02_GitHub/STM32CubeFunctionPack_ALLMEMS1_V4.2.0/Middlewares/ST/BlueNRG-2/hci/controller/bluenrg1_gap_aci.c:1098:12:aci_gap_set_broadcast_mode	320	static
C:/MyFolder/01_GitRepoProject/01_Release Candidate/02_GitHub/STM32CubeFunctionPack_ALLMEMS1_V4.2.0/Middlewares/ST/BlueNRG-2/hci/controller/bluenrg1_gap_aci.c:1151:12:aci_gap_start_observation_proc	304	static
C:/MyFolder/01_GitRepoProject/01_Release Candidate/02_GitHub/STM32CubeFunctionPack_ALLMEMS1_V4.2.0/Middlewares/ST/BlueNRG-2/hci/controller/bluenrg1_gap_aci.c:1190:12:aci_gap_get_bonded_devices	296	static
C:/MyFolder/01_GitRepoProject/01_Release Candidate/02_GitHub/STM32CubeFunctionPack_ALLMEMS1_V4.2.0/Middlewares/ST/BlueNRG-2/hci/controller/bluenrg1_gap_aci.c:1210:12:aci_gap_is_device_bonded	296	static
C:/MyFolder/01_GitRepoProject/01_Release Candidate/02_GitHub/STM32CubeFunctionPack_ALLMEMS1_V4.2.0/Middlewares/ST/BlueNRG-2/hci/controller/bluenrg1_gap_aci.c:1236:12:aci_gap_numeric_comparison_value_confirm_yesno	296	static
C:/MyFolder/01_GitRepoProject/01_Release Candidate/02_GitHub/STM32CubeFunctionPack_ALLMEMS1_V4.2.0/Middlewares/ST/BlueNRG-2/hci/controller/bluenrg1_gap_aci.c:1262:12:aci_gap_passkey_input	296	static
C:/MyFolder/01_GitRepoProject/01_Release Candidate/02_GitHub/STM32CubeFunctionPack_ALLMEMS1_V4.2.0/Middlewares/ST/BlueNRG-2/hci/controller/bluenrg1_gap_aci.c:1288:12:aci_gap_get_oob_data	336	static
C:/MyFolder/01_GitRepoProject/01_Release Candidate/02_GitHub/STM32CubeFunctionPack_ALLMEMS1_V4.2.0/Middlewares/ST/BlueNRG-2/hci/controller/bluenrg1_gap_aci.c:1320:12:aci_gap_set_oob_data	304	static
C:/MyFolder/01_GitRepoProject/01_Release Candidate/02_GitHub/STM32CubeFunctionPack_ALLMEMS1_V4.2.0/Middlewares/ST/BlueNRG-2/hci/controller/bluenrg1_gap_aci.c:1358:12:aci_gap_add_devices_to_resolving_list	312	static
C:/MyFolder/01_GitRepoProject/01_Release Candidate/02_GitHub/STM32CubeFunctionPack_ALLMEMS1_V4.2.0/Middlewares/ST/BlueNRG-2/hci/controller/bluenrg1_gap_aci.c:1396:12:aci_gap_remove_bonded_device	296	static
