C:/MyFolder/01_GitRepoProject/01_Release Candidate/02_GitHub/STM32CubeFunctionPack_ALLMEMS1_V4.2.0/Middlewares/ST/BlueNRG-2/hci/controller/bluenrg1_hal_aci.c:22:12:aci_hal_get_fw_build_number	40	static
C:/MyFolder/01_GitRepoProject/01_Release Candidate/02_GitHub/STM32CubeFunctionPack_ALLMEMS1_V4.2.0/Middlewares/ST/BlueNRG-2/hci/controller/bluenrg1_hal_aci.c:40:12:aci_hal_get_firmware_details	64	static
C:/MyFolder/01_GitRepoProject/01_Release Candidate/02_GitHub/STM32CubeFunctionPack_ALLMEMS1_V4.2.0/Middlewares/ST/BlueNRG-2/hci/controller/bluenrg1_hal_aci.c:78:12:aci_hal_write_config_data	312	static
C:/MyFolder/01_GitRepoProject/01_Release Candidate/02_GitHub/STM32CubeFunctionPack_ALLMEMS1_V4.2.0/Middlewares/ST/BlueNRG-2/hci/controller/bluenrg1_hal_aci.c:110:12:aci_hal_read_config_data	568	static
C:/MyFolder/01_GitRepoProject/01_Release Candidate/02_GitHub/STM32CubeFunctionPack_ALLMEMS1_V4.2.0/Middlewares/ST/BlueNRG-2/hci/controller/bluenrg1_hal_aci.c:138:12:aci_hal_set_tx_power_level	296	static
C:/MyFolder/01_GitRepoProject/01_Release Candidate/02_GitHub/STM32CubeFunctionPack_ALLMEMS1_V4.2.0/Middlewares/ST/BlueNRG-2/hci/controller/bluenrg1_hal_aci.c:164:12:aci_hal_le_tx_test_packet_number	40	static
C:/MyFolder/01_GitRepoProject/01_Release Candidate/02_GitHub/STM32CubeFunctionPack_ALLMEMS1_V4.2.0/Middlewares/ST/BlueNRG-2/hci/controller/bluenrg1_hal_aci.c:182:12:aci_hal_tone_start	296	static
C:/MyFolder/01_GitRepoProject/01_Release Candidate/02_GitHub/STM32CubeFunctionPack_ALLMEMS1_V4.2.0/Middlewares/ST/BlueNRG-2/hci/controller/bluenrg1_hal_aci.c:208:12:aci_hal_tone_stop	40	static
C:/MyFolder/01_GitRepoProject/01_Release Candidate/02_GitHub/STM32CubeFunctionPack_ALLMEMS1_V4.2.0/Middlewares/ST/BlueNRG-2/hci/controller/bluenrg1_hal_aci.c:224:12:aci_hal_get_link_status	72	static
C:/MyFolder/01_GitRepoProject/01_Release Candidate/02_GitHub/STM32CubeFunctionPack_ALLMEMS1_V4.2.0/Middlewares/ST/BlueNRG-2/hci/controller/bluenrg1_hal_aci.c:244:12:aci_hal_set_radio_activity_mask	296	static
C:/MyFolder/01_GitRepoProject/01_Release Candidate/02_GitHub/STM32CubeFunctionPack_ALLMEMS1_V4.2.0/Middlewares/ST/BlueNRG-2/hci/controller/bluenrg1_hal_aci.c:267:12:aci_hal_get_anchor_period	56	static
C:/MyFolder/01_GitRepoProject/01_Release Candidate/02_GitHub/STM32CubeFunctionPack_ALLMEMS1_V4.2.0/Middlewares/ST/BlueNRG-2/hci/controller/bluenrg1_hal_aci.c:287:12:aci_hal_set_event_mask	296	static
C:/MyFolder/01_GitRepoProject/01_Release Candidate/02_GitHub/STM32CubeFunctionPack_ALLMEMS1_V4.2.0/Middlewares/ST/BlueNRG-2/hci/controller/bluenrg1_hal_aci.c:310:12:aci_hal_updater_start	40	static
C:/MyFolder/01_GitRepoProject/01_Release Candidate/02_GitHub/STM32CubeFunctionPack_ALLMEMS1_V4.2.0/Middlewares/ST/BlueNRG-2/hci/controller/bluenrg1_hal_aci.c:326:12:aci_hal_updater_reboot	40	static
C:/MyFolder/01_GitRepoProject/01_Release Candidate/02_GitHub/STM32CubeFunctionPack_ALLMEMS1_V4.2.0/Middlewares/ST/BlueNRG-2/hci/controller/bluenrg1_hal_aci.c:342:12:aci_hal_get_updater_version	40	static
C:/MyFolder/01_GitRepoProject/01_Release Candidate/02_GitHub/STM32CubeFunctionPack_ALLMEMS1_V4.2.0/Middlewares/ST/BlueNRG-2/hci/controller/bluenrg1_hal_aci.c:360:12:aci_hal_get_updater_bufsize	40	static
C:/MyFolder/01_GitRepoProject/01_Release Candidate/02_GitHub/STM32CubeFunctionPack_ALLMEMS1_V4.2.0/Middlewares/ST/BlueNRG-2/hci/controller/bluenrg1_hal_aci.c:378:12:aci_hal_updater_erase_blue_flag	40	static
C:/MyFolder/01_GitRepoProject/01_Release Candidate/02_GitHub/STM32CubeFunctionPack_ALLMEMS1_V4.2.0/Middlewares/ST/BlueNRG-2/hci/controller/bluenrg1_hal_aci.c:394:12:aci_hal_updater_reset_blue_flag	40	static
C:/MyFolder/01_GitRepoProject/01_Release Candidate/02_GitHub/STM32CubeFunctionPack_ALLMEMS1_V4.2.0/Middlewares/ST/BlueNRG-2/hci/controller/bluenrg1_hal_aci.c:410:12:aci_hal_updater_erase_sector	296	static
C:/MyFolder/01_GitRepoProject/01_Release Candidate/02_GitHub/STM32CubeFunctionPack_ALLMEMS1_V4.2.0/Middlewares/ST/BlueNRG-2/hci/controller/bluenrg1_hal_aci.c:433:12:aci_hal_updater_prog_data_blk	312	static
C:/MyFolder/01_GitRepoProject/01_Release Candidate/02_GitHub/STM32CubeFunctionPack_ALLMEMS1_V4.2.0/Middlewares/ST/BlueNRG-2/hci/controller/bluenrg1_hal_aci.c:465:12:aci_hal_updater_read_data_blk	568	static
C:/MyFolder/01_GitRepoProject/01_Release Candidate/02_GitHub/STM32CubeFunctionPack_ALLMEMS1_V4.2.0/Middlewares/ST/BlueNRG-2/hci/controller/bluenrg1_hal_aci.c:494:12:aci_hal_updater_calc_crc	312	static
C:/MyFolder/01_GitRepoProject/01_Release Candidate/02_GitHub/STM32CubeFunctionPack_ALLMEMS1_V4.2.0/Middlewares/ST/BlueNRG-2/hci/controller/bluenrg1_hal_aci.c:523:12:aci_hal_updater_hw_version	40	static
C:/MyFolder/01_GitRepoProject/01_Release Candidate/02_GitHub/STM32CubeFunctionPack_ALLMEMS1_V4.2.0/Middlewares/ST/BlueNRG-2/hci/controller/bluenrg1_hal_aci.c:541:12:aci_hal_transmitter_test_packets	304	static
