C:/MyFolder/01_GitRepoProject/01_Release Candidate/02_GitHub/STM32CubeFunctionPack_ALLMEMS1_V4.2.0/Drivers/BSP/SensorTile.box/SensorTile.box.c:127:9:BSP_ADC1_Initialization	48	static
C:/MyFolder/01_GitRepoProject/01_Release Candidate/02_GitHub/STM32CubeFunctionPack_ALLMEMS1_V4.2.0/Drivers/BSP/SensorTile.box/SensorTile.box.c:230:6:HAL_ADC_MspInit	8	static
C:/MyFolder/01_GitRepoProject/01_Release Candidate/02_GitHub/STM32CubeFunctionPack_ALLMEMS1_V4.2.0/Drivers/BSP/SensorTile.box/SensorTile.box.c:240:6:HAL_ADC_MspDeInit	0	static
C:/MyFolder/01_GitRepoProject/01_Release Candidate/02_GitHub/STM32CubeFunctionPack_ALLMEMS1_V4.2.0/Drivers/BSP/SensorTile.box/SensorTile.box.c:252:9:BSP_ADC1_DeInitialization	8	static
C:/MyFolder/01_GitRepoProject/01_Release Candidate/02_GitHub/STM32CubeFunctionPack_ALLMEMS1_V4.2.0/Drivers/BSP/SensorTile.box/SensorTile.box.c:277:10:BSP_GetVersion	0	static
C:/MyFolder/01_GitRepoProject/01_Release Candidate/02_GitHub/STM32CubeFunctionPack_ALLMEMS1_V4.2.0/Drivers/BSP/SensorTile.box/SensorTile.box.c:324:6:BSP_LED_DeInit	8	static
C:/MyFolder/01_GitRepoProject/01_Release Candidate/02_GitHub/STM32CubeFunctionPack_ALLMEMS1_V4.2.0/Drivers/BSP/SensorTile.box/SensorTile.box.c:338:6:BSP_LED_On	8	static
C:/MyFolder/01_GitRepoProject/01_Release Candidate/02_GitHub/STM32CubeFunctionPack_ALLMEMS1_V4.2.0/Drivers/BSP/SensorTile.box/SensorTile.box.c:356:6:BSP_LED_Off	8	static
C:/MyFolder/01_GitRepoProject/01_Release Candidate/02_GitHub/STM32CubeFunctionPack_ALLMEMS1_V4.2.0/Drivers/BSP/SensorTile.box/SensorTile.box.c:292:6:BSP_LED_Init	56	static
C:/MyFolder/01_GitRepoProject/01_Release Candidate/02_GitHub/STM32CubeFunctionPack_ALLMEMS1_V4.2.0/Drivers/BSP/SensorTile.box/SensorTile.box.c:374:6:BSP_LED_Toggle	8	static
C:/MyFolder/01_GitRepoProject/01_Release Candidate/02_GitHub/STM32CubeFunctionPack_ALLMEMS1_V4.2.0/Drivers/BSP/SensorTile.box/SensorTile.box.c:390:6:BSP_PB_Init	48	static
C:/MyFolder/01_GitRepoProject/01_Release Candidate/02_GitHub/STM32CubeFunctionPack_ALLMEMS1_V4.2.0/Drivers/BSP/SensorTile.box/SensorTile.box.c:433:6:BSP_PB_DeInit	40	static
C:/MyFolder/01_GitRepoProject/01_Release Candidate/02_GitHub/STM32CubeFunctionPack_ALLMEMS1_V4.2.0/Drivers/BSP/SensorTile.box/SensorTile.box.c:448:10:BSP_PB_GetState	8	static
C:/MyFolder/01_GitRepoProject/01_Release Candidate/02_GitHub/STM32CubeFunctionPack_ALLMEMS1_V4.2.0/Drivers/BSP/SensorTile.box/SensorTile.box.c:458:10:BSP_PowerButton_Init	48	static
C:/MyFolder/01_GitRepoProject/01_Release Candidate/02_GitHub/STM32CubeFunctionPack_ALLMEMS1_V4.2.0/Drivers/BSP/SensorTile.box/SensorTile.box.c:485:10:BSP_PowerButton_DeInit	32	static
