C:/MyFolder/01_GitRepoProject/01_Release Candidate/02_GitHub/STM32CubeFunctionPack_ALLMEMS1_V4.2.0/Drivers/BSP/SensorTile.box/SensorTile.box_motion_sensors_ex.c:32:9:BSP_MOTION_SENSOR_Enable_DRDY_Interrupt	8	static
C:/MyFolder/01_GitRepoProject/01_Release Candidate/02_GitHub/STM32CubeFunctionPack_ALLMEMS1_V4.2.0/Drivers/BSP/SensorTile.box/SensorTile.box_motion_sensors_ex.c:111:9:BSP_MOTION_SENSOR_Disable_DRDY_Interrupt	0	static
C:/MyFolder/01_GitRepoProject/01_Release Candidate/02_GitHub/STM32CubeFunctionPack_ALLMEMS1_V4.2.0/Drivers/BSP/SensorTile.box/SensorTile.box_motion_sensors_ex.c:166:9:BSP_MOTION_SENSOR_Set_PowerMode	16	static
C:/MyFolder/01_GitRepoProject/01_Release Candidate/02_GitHub/STM32CubeFunctionPack_ALLMEMS1_V4.2.0/Drivers/BSP/SensorTile.box/SensorTile.box_motion_sensors_ex.c:236:9:BSP_MOTION_SENSOR_Set_FilterMode	24	static
C:/MyFolder/01_GitRepoProject/01_Release Candidate/02_GitHub/STM32CubeFunctionPack_ALLMEMS1_V4.2.0/Drivers/BSP/SensorTile.box/SensorTile.box_motion_sensors_ex.c:315:9:BSP_MOTION_SENSOR_Enable_Pedometer	8	static
C:/MyFolder/01_GitRepoProject/01_Release Candidate/02_GitHub/STM32CubeFunctionPack_ALLMEMS1_V4.2.0/Drivers/BSP/SensorTile.box/SensorTile.box_motion_sensors_ex.c:348:9:BSP_MOTION_SENSOR_Disable_Pedometer	8	static
C:/MyFolder/01_GitRepoProject/01_Release Candidate/02_GitHub/STM32CubeFunctionPack_ALLMEMS1_V4.2.0/Drivers/BSP/SensorTile.box/SensorTile.box_motion_sensors_ex.c:381:9:BSP_MOTION_SENSOR_Get_Step_Count	8	static
C:/MyFolder/01_GitRepoProject/01_Release Candidate/02_GitHub/STM32CubeFunctionPack_ALLMEMS1_V4.2.0/Drivers/BSP/SensorTile.box/SensorTile.box_motion_sensors_ex.c:413:9:BSP_MOTION_SENSOR_Step_Counter_Reset	8	static
C:/MyFolder/01_GitRepoProject/01_Release Candidate/02_GitHub/STM32CubeFunctionPack_ALLMEMS1_V4.2.0/Drivers/BSP/SensorTile.box/SensorTile.box_motion_sensors_ex.c:455:9:BSP_MOTION_SENSOR_Enable_Wake_Up_Detection	8	static
C:/MyFolder/01_GitRepoProject/01_Release Candidate/02_GitHub/STM32CubeFunctionPack_ALLMEMS1_V4.2.0/Drivers/BSP/SensorTile.box/SensorTile.box_motion_sensors_ex.c:500:9:BSP_MOTION_SENSOR_Disable_Wake_Up_Detection	8	static
C:/MyFolder/01_GitRepoProject/01_Release Candidate/02_GitHub/STM32CubeFunctionPack_ALLMEMS1_V4.2.0/Drivers/BSP/SensorTile.box/SensorTile.box_motion_sensors_ex.c:546:9:BSP_MOTION_SENSOR_Set_Wake_Up_Threshold	8	static
C:/MyFolder/01_GitRepoProject/01_Release Candidate/02_GitHub/STM32CubeFunctionPack_ALLMEMS1_V4.2.0/Drivers/BSP/SensorTile.box/SensorTile.box_motion_sensors_ex.c:592:9:BSP_MOTION_SENSOR_Set_Wake_Up_Duration	8	static
C:/MyFolder/01_GitRepoProject/01_Release Candidate/02_GitHub/STM32CubeFunctionPack_ALLMEMS1_V4.2.0/Drivers/BSP/SensorTile.box/SensorTile.box_motion_sensors_ex.c:639:9:BSP_MOTION_SENSOR_Enable_Inactivity_Detection	8	static
C:/MyFolder/01_GitRepoProject/01_Release Candidate/02_GitHub/STM32CubeFunctionPack_ALLMEMS1_V4.2.0/Drivers/BSP/SensorTile.box/SensorTile.box_motion_sensors_ex.c:684:9:BSP_MOTION_SENSOR_Disable_Inactivity_Detection	8	static
C:/MyFolder/01_GitRepoProject/01_Release Candidate/02_GitHub/STM32CubeFunctionPack_ALLMEMS1_V4.2.0/Drivers/BSP/SensorTile.box/SensorTile.box_motion_sensors_ex.c:730:9:BSP_MOTION_SENSOR_Set_Sleep_Duration	8	static
C:/MyFolder/01_GitRepoProject/01_Release Candidate/02_GitHub/STM32CubeFunctionPack_ALLMEMS1_V4.2.0/Drivers/BSP/SensorTile.box/SensorTile.box_motion_sensors_ex.c:777:9:BSP_MOTION_SENSOR_Enable_6D_Orientation	8	static
C:/MyFolder/01_GitRepoProject/01_Release Candidate/02_GitHub/STM32CubeFunctionPack_ALLMEMS1_V4.2.0/Drivers/BSP/SensorTile.box/SensorTile.box_motion_sensors_ex.c:822:9:BSP_MOTION_SENSOR_Disable_6D_Orientation	8	static
C:/MyFolder/01_GitRepoProject/01_Release Candidate/02_GitHub/STM32CubeFunctionPack_ALLMEMS1_V4.2.0/Drivers/BSP/SensorTile.box/SensorTile.box_motion_sensors_ex.c:868:9:BSP_MOTION_SENSOR_Set_6D_Orientation_Threshold	8	static
C:/MyFolder/01_GitRepoProject/01_Release Candidate/02_GitHub/STM32CubeFunctionPack_ALLMEMS1_V4.2.0/Drivers/BSP/SensorTile.box/SensorTile.box_motion_sensors_ex.c:914:9:BSP_MOTION_SENSOR_Get_6D_Orientation_XL	8	static
C:/MyFolder/01_GitRepoProject/01_Release Candidate/02_GitHub/STM32CubeFunctionPack_ALLMEMS1_V4.2.0/Drivers/BSP/SensorTile.box/SensorTile.box_motion_sensors_ex.c:960:9:BSP_MOTION_SENSOR_Get_6D_Orientation_XH	8	static
C:/MyFolder/01_GitRepoProject/01_Release Candidate/02_GitHub/STM32CubeFunctionPack_ALLMEMS1_V4.2.0/Drivers/BSP/SensorTile.box/SensorTile.box_motion_sensors_ex.c:1006:9:BSP_MOTION_SENSOR_Get_6D_Orientation_YL	8	static
C:/MyFolder/01_GitRepoProject/01_Release Candidate/02_GitHub/STM32CubeFunctionPack_ALLMEMS1_V4.2.0/Drivers/BSP/SensorTile.box/SensorTile.box_motion_sensors_ex.c:1052:9:BSP_MOTION_SENSOR_Get_6D_Orientation_YH	8	static
C:/MyFolder/01_GitRepoProject/01_Release Candidate/02_GitHub/STM32CubeFunctionPack_ALLMEMS1_V4.2.0/Drivers/BSP/SensorTile.box/SensorTile.box_motion_sensors_ex.c:1098:9:BSP_MOTION_SENSOR_Get_6D_Orientation_ZL	8	static
C:/MyFolder/01_GitRepoProject/01_Release Candidate/02_GitHub/STM32CubeFunctionPack_ALLMEMS1_V4.2.0/Drivers/BSP/SensorTile.box/SensorTile.box_motion_sensors_ex.c:1144:9:BSP_MOTION_SENSOR_Get_6D_Orientation_ZH	8	static
C:/MyFolder/01_GitRepoProject/01_Release Candidate/02_GitHub/STM32CubeFunctionPack_ALLMEMS1_V4.2.0/Drivers/BSP/SensorTile.box/SensorTile.box_motion_sensors_ex.c:1190:9:BSP_MOTION_SENSOR_Get_Event_Status	8	static
C:/MyFolder/01_GitRepoProject/01_Release Candidate/02_GitHub/STM32CubeFunctionPack_ALLMEMS1_V4.2.0/Drivers/BSP/SensorTile.box/SensorTile.box_motion_sensors_ex.c:1239:9:BSP_MOTION_SENSOR_Get_DRDY_Status	8	static
C:/MyFolder/01_GitRepoProject/01_Release Candidate/02_GitHub/STM32CubeFunctionPack_ALLMEMS1_V4.2.0/Drivers/BSP/SensorTile.box/SensorTile.box_motion_sensors_ex.c:1351:9:BSP_MOTION_SENSOR_Read_Register	8	static
C:/MyFolder/01_GitRepoProject/01_Release Candidate/02_GitHub/STM32CubeFunctionPack_ALLMEMS1_V4.2.0/Drivers/BSP/SensorTile.box/SensorTile.box_motion_sensors_ex.c:1424:9:BSP_MOTION_SENSOR_Write_Register	8	static
C:/MyFolder/01_GitRepoProject/01_Release Candidate/02_GitHub/STM32CubeFunctionPack_ALLMEMS1_V4.2.0/Drivers/BSP/SensorTile.box/SensorTile.box_motion_sensors_ex.c:1496:9:BSP_MOTION_SENSOR_FIFO_Get_Num_Samples	8	static
C:/MyFolder/01_GitRepoProject/01_Release Candidate/02_GitHub/STM32CubeFunctionPack_ALLMEMS1_V4.2.0/Drivers/BSP/SensorTile.box/SensorTile.box_motion_sensors_ex.c:1556:9:BSP_MOTION_SENSOR_FIFO_Set_Mode	8	static
C:/MyFolder/01_GitRepoProject/01_Release Candidate/02_GitHub/STM32CubeFunctionPack_ALLMEMS1_V4.2.0/Drivers/BSP/SensorTile.box/SensorTile.box_motion_sensors_ex.c:1617:9:BSP_MOTION_SENSOR_Enable_Free_Fall_Detection	8	static
C:/MyFolder/01_GitRepoProject/01_Release Candidate/02_GitHub/STM32CubeFunctionPack_ALLMEMS1_V4.2.0/Drivers/BSP/SensorTile.box/SensorTile.box_motion_sensors_ex.c:1661:9:BSP_MOTION_SENSOR_Disable_Free_Fall_Detection	8	static
C:/MyFolder/01_GitRepoProject/01_Release Candidate/02_GitHub/STM32CubeFunctionPack_ALLMEMS1_V4.2.0/Drivers/BSP/SensorTile.box/SensorTile.box_motion_sensors_ex.c:1706:9:BSP_MOTION_SENSOR_Set_Free_Fall_Threshold	8	static
C:/MyFolder/01_GitRepoProject/01_Release Candidate/02_GitHub/STM32CubeFunctionPack_ALLMEMS1_V4.2.0/Drivers/BSP/SensorTile.box/SensorTile.box_motion_sensors_ex.c:1751:9:BSP_MOTION_SENSOR_Set_Free_Fall_Duration	8	static
C:/MyFolder/01_GitRepoProject/01_Release Candidate/02_GitHub/STM32CubeFunctionPack_ALLMEMS1_V4.2.0/Drivers/BSP/SensorTile.box/SensorTile.box_motion_sensors_ex.c:1797:9:BSP_MOTION_SENSOR_Enable_Tilt_Detection	8	static
C:/MyFolder/01_GitRepoProject/01_Release Candidate/02_GitHub/STM32CubeFunctionPack_ALLMEMS1_V4.2.0/Drivers/BSP/SensorTile.box/SensorTile.box_motion_sensors_ex.c:1841:9:BSP_MOTION_SENSOR_Disable_Tilt_Detection	8	static
C:/MyFolder/01_GitRepoProject/01_Release Candidate/02_GitHub/STM32CubeFunctionPack_ALLMEMS1_V4.2.0/Drivers/BSP/SensorTile.box/SensorTile.box_motion_sensors_ex.c:1887:9:BSP_MOTION_SENSOR_Enable_Single_Tap_Detection	8	static
C:/MyFolder/01_GitRepoProject/01_Release Candidate/02_GitHub/STM32CubeFunctionPack_ALLMEMS1_V4.2.0/Drivers/BSP/SensorTile.box/SensorTile.box_motion_sensors_ex.c:1931:9:BSP_MOTION_SENSOR_Disable_Single_Tap_Detection	8	static
C:/MyFolder/01_GitRepoProject/01_Release Candidate/02_GitHub/STM32CubeFunctionPack_ALLMEMS1_V4.2.0/Drivers/BSP/SensorTile.box/SensorTile.box_motion_sensors_ex.c:1977:9:BSP_MOTION_SENSOR_Enable_Double_Tap_Detection	8	static
C:/MyFolder/01_GitRepoProject/01_Release Candidate/02_GitHub/STM32CubeFunctionPack_ALLMEMS1_V4.2.0/Drivers/BSP/SensorTile.box/SensorTile.box_motion_sensors_ex.c:2021:9:BSP_MOTION_SENSOR_Disable_Double_Tap_Detection	8	static
C:/MyFolder/01_GitRepoProject/01_Release Candidate/02_GitHub/STM32CubeFunctionPack_ALLMEMS1_V4.2.0/Drivers/BSP/SensorTile.box/SensorTile.box_motion_sensors_ex.c:2066:9:BSP_MOTION_SENSOR_Set_Tap_Threshold	8	static
C:/MyFolder/01_GitRepoProject/01_Release Candidate/02_GitHub/STM32CubeFunctionPack_ALLMEMS1_V4.2.0/Drivers/BSP/SensorTile.box/SensorTile.box_motion_sensors_ex.c:2111:9:BSP_MOTION_SENSOR_Set_Tap_Shock_Time	8	static
C:/MyFolder/01_GitRepoProject/01_Release Candidate/02_GitHub/STM32CubeFunctionPack_ALLMEMS1_V4.2.0/Drivers/BSP/SensorTile.box/SensorTile.box_motion_sensors_ex.c:2156:9:BSP_MOTION_SENSOR_Set_Tap_Quiet_Time	8	static
C:/MyFolder/01_GitRepoProject/01_Release Candidate/02_GitHub/STM32CubeFunctionPack_ALLMEMS1_V4.2.0/Drivers/BSP/SensorTile.box/SensorTile.box_motion_sensors_ex.c:2201:9:BSP_MOTION_SENSOR_Set_Tap_Duration_Time	8	static
