C:/MyFolder/01_GitRepoProject/01_Release Candidate/02_GitHub/STM32CubeFunctionPack_ALLMEMS1_V4.2.0/Drivers/BSP/SensorTile.box/SensorTile.box_bc.c:640:13:HAL_ADC_BC_MspDeInit	8	static
C:/MyFolder/01_GitRepoProject/01_Release Candidate/02_GitHub/STM32CubeFunctionPack_ALLMEMS1_V4.2.0/Drivers/BSP/SensorTile.box/SensorTile.box_bc.c:139:9:BSP_BC_CmdSend	16	static
C:/MyFolder/01_GitRepoProject/01_Release Candidate/02_GitHub/STM32CubeFunctionPack_ALLMEMS1_V4.2.0/Drivers/BSP/SensorTile.box/SensorTile.box_bc.c:179:9:BSP_BC_IsChgPinToggling	8	static
C:/MyFolder/01_GitRepoProject/01_Release Candidate/02_GitHub/STM32CubeFunctionPack_ALLMEMS1_V4.2.0/Drivers/BSP/SensorTile.box/SensorTile.box_bc.c:218:9:BSP_BC_BatMS_DeInit	8	static
C:/MyFolder/01_GitRepoProject/01_Release Candidate/02_GitHub/STM32CubeFunctionPack_ALLMEMS1_V4.2.0/Drivers/BSP/SensorTile.box/SensorTile.box_bc.c:261:9:BSP_BC_GetVoltageAndLevel	16	static
C:/MyFolder/01_GitRepoProject/01_Release Candidate/02_GitHub/STM32CubeFunctionPack_ALLMEMS1_V4.2.0/Drivers/BSP/SensorTile.box/SensorTile.box_bc.c:362:6:BC_IO_SW_SEL_Init	32	static
C:/MyFolder/01_GitRepoProject/01_Release Candidate/02_GitHub/STM32CubeFunctionPack_ALLMEMS1_V4.2.0/Drivers/BSP/SensorTile.box/SensorTile.box_bc.c:352:6:BC_IO_Init	8	static
C:/MyFolder/01_GitRepoProject/01_Release Candidate/02_GitHub/STM32CubeFunctionPack_ALLMEMS1_V4.2.0/Drivers/BSP/SensorTile.box/SensorTile.box_bc.c:383:6:BC_IO_CHG_Init	32	static
C:/MyFolder/01_GitRepoProject/01_Release Candidate/02_GitHub/STM32CubeFunctionPack_ALLMEMS1_V4.2.0/Drivers/BSP/SensorTile.box/SensorTile.box_bc.c:119:6:BSP_BC_ChrgPin_Init	8	static
C:/MyFolder/01_GitRepoProject/01_Release Candidate/02_GitHub/STM32CubeFunctionPack_ALLMEMS1_V4.2.0/Drivers/BSP/SensorTile.box/SensorTile.box_bc.c:405:6:BC_IO_CHG_DeInit	8	static
C:/MyFolder/01_GitRepoProject/01_Release Candidate/02_GitHub/STM32CubeFunctionPack_ALLMEMS1_V4.2.0/Drivers/BSP/SensorTile.box/SensorTile.box_bc.c:128:6:BSP_BC_ChrgPin_DeInit	8	static
C:/MyFolder/01_GitRepoProject/01_Release Candidate/02_GitHub/STM32CubeFunctionPack_ALLMEMS1_V4.2.0/Drivers/BSP/SensorTile.box/SensorTile.box_bc.c:416:6:BC_CmdMng	8	static,ignoring_inline_asm
C:/MyFolder/01_GitRepoProject/01_Release Candidate/02_GitHub/STM32CubeFunctionPack_ALLMEMS1_V4.2.0/Drivers/BSP/SensorTile.box/SensorTile.box_bc.c:493:6:BC_ChgPinFreqGet	8	static
C:/MyFolder/01_GitRepoProject/01_Release Candidate/02_GitHub/STM32CubeFunctionPack_ALLMEMS1_V4.2.0/Drivers/BSP/SensorTile.box/SensorTile.box_bc.c:168:6:BSP_BC_ChgPinHasToggled	8	static
C:/MyFolder/01_GitRepoProject/01_Release Candidate/02_GitHub/STM32CubeFunctionPack_ALLMEMS1_V4.2.0/Drivers/BSP/SensorTile.box/SensorTile.box_bc.c:510:6:BC_ChgPinFreq2ChgSts	4	static
C:/MyFolder/01_GitRepoProject/01_Release Candidate/02_GitHub/STM32CubeFunctionPack_ALLMEMS1_V4.2.0/Drivers/BSP/SensorTile.box/SensorTile.box_bc.c:240:6:BSP_BC_GetState	8	static
C:/MyFolder/01_GitRepoProject/01_Release Candidate/02_GitHub/STM32CubeFunctionPack_ALLMEMS1_V4.2.0/Drivers/BSP/SensorTile.box/SensorTile.box_bc.c:584:6:BC_TIM_Base_MspInit	16	static
C:/MyFolder/01_GitRepoProject/01_Release Candidate/02_GitHub/STM32CubeFunctionPack_ALLMEMS1_V4.2.0/Drivers/BSP/SensorTile.box/SensorTile.box_bc.c:534:6:BC_TIMx_Init	32	static
C:/MyFolder/01_GitRepoProject/01_Release Candidate/02_GitHub/STM32CubeFunctionPack_ALLMEMS1_V4.2.0/Drivers/BSP/SensorTile.box/SensorTile.box_bc.c:338:6:BC_InitCommon	8	static
C:/MyFolder/01_GitRepoProject/01_Release Candidate/02_GitHub/STM32CubeFunctionPack_ALLMEMS1_V4.2.0/Drivers/BSP/SensorTile.box/SensorTile.box_bc.c:106:6:BSP_BC_Init	8	static
C:/MyFolder/01_GitRepoProject/01_Release Candidate/02_GitHub/STM32CubeFunctionPack_ALLMEMS1_V4.2.0/Drivers/BSP/SensorTile.box/SensorTile.box_bc.c:602:6:BC_TIM_Base_MspDeInit	8	static
C:/MyFolder/01_GitRepoProject/01_Release Candidate/02_GitHub/STM32CubeFunctionPack_ALLMEMS1_V4.2.0/Drivers/BSP/SensorTile.box/SensorTile.box_bc.c:620:6:HAL_ADC_BC_MspInit	32	static
C:/MyFolder/01_GitRepoProject/01_Release Candidate/02_GitHub/STM32CubeFunctionPack_ALLMEMS1_V4.2.0/Drivers/BSP/SensorTile.box/SensorTile.box_bc.c:651:16:Channel_ADC1_Init	72	static
C:/MyFolder/01_GitRepoProject/01_Release Candidate/02_GitHub/STM32CubeFunctionPack_ALLMEMS1_V4.2.0/Drivers/BSP/SensorTile.box/SensorTile.box_bc.c:200:9:BSP_BC_BatMS_Init	8	static
C:/MyFolder/01_GitRepoProject/01_Release Candidate/02_GitHub/STM32CubeFunctionPack_ALLMEMS1_V4.2.0/Drivers/BSP/SensorTile.box/SensorTile.box_bc.c:736:6:TIM7_IRQHandler	8	static
