C:/MyFolder/01_GitRepoProject/01_Release Candidate/02_GitHub/STM32CubeFunctionPack_ALLMEMS1_V4.2.0/Drivers/BSP/SensorTile.box/SensorTile.box_env_sensors.c:443:16:HTS221_0_Probe	64	static
C:/MyFolder/01_GitRepoProject/01_Release Candidate/02_GitHub/STM32CubeFunctionPack_ALLMEMS1_V4.2.0/Drivers/BSP/SensorTile.box/SensorTile.box_env_sensors.c:525:16:LPS22HH_0_Probe	64	static
C:/MyFolder/01_GitRepoProject/01_Release Candidate/02_GitHub/STM32CubeFunctionPack_ALLMEMS1_V4.2.0/Drivers/BSP/SensorTile.box/SensorTile.box_env_sensors.c:51:9:BSP_ENV_SENSOR_Init	40	static
C:/MyFolder/01_GitRepoProject/01_Release Candidate/02_GitHub/STM32CubeFunctionPack_ALLMEMS1_V4.2.0/Drivers/BSP/SensorTile.box/SensorTile.box_env_sensors.c:166:9:BSP_ENV_SENSOR_DeInit	8	static
C:/MyFolder/01_GitRepoProject/01_Release Candidate/02_GitHub/STM32CubeFunctionPack_ALLMEMS1_V4.2.0/Drivers/BSP/SensorTile.box/SensorTile.box_env_sensors.c:192:9:BSP_ENV_SENSOR_GetCapabilities	8	static
C:/MyFolder/01_GitRepoProject/01_Release Candidate/02_GitHub/STM32CubeFunctionPack_ALLMEMS1_V4.2.0/Drivers/BSP/SensorTile.box/SensorTile.box_env_sensors.c:218:9:BSP_ENV_SENSOR_ReadID	8	static
C:/MyFolder/01_GitRepoProject/01_Release Candidate/02_GitHub/STM32CubeFunctionPack_ALLMEMS1_V4.2.0/Drivers/BSP/SensorTile.box/SensorTile.box_env_sensors.c:247:9:BSP_ENV_SENSOR_Enable	8	static
C:/MyFolder/01_GitRepoProject/01_Release Candidate/02_GitHub/STM32CubeFunctionPack_ALLMEMS1_V4.2.0/Drivers/BSP/SensorTile.box/SensorTile.box_env_sensors.c:286:9:BSP_ENV_SENSOR_Disable	8	static
C:/MyFolder/01_GitRepoProject/01_Release Candidate/02_GitHub/STM32CubeFunctionPack_ALLMEMS1_V4.2.0/Drivers/BSP/SensorTile.box/SensorTile.box_env_sensors.c:326:9:BSP_ENV_SENSOR_GetOutputDataRate	8	static
C:/MyFolder/01_GitRepoProject/01_Release Candidate/02_GitHub/STM32CubeFunctionPack_ALLMEMS1_V4.2.0/Drivers/BSP/SensorTile.box/SensorTile.box_env_sensors.c:366:9:BSP_ENV_SENSOR_SetOutputDataRate	8	static
C:/MyFolder/01_GitRepoProject/01_Release Candidate/02_GitHub/STM32CubeFunctionPack_ALLMEMS1_V4.2.0/Drivers/BSP/SensorTile.box/SensorTile.box_env_sensors.c:406:9:BSP_ENV_SENSOR_GetValue	8	static
