C:/MyFolder/01_GitRepoProject/01_Release Candidate/02_GitHub/STM32CubeFunctionPack_ALLMEMS1_V4.2.0/Drivers/BSP/Components/lis2mdl/lis2mdl.c:279:9:LIS2MDL_GetCapabilities	0	static
C:/MyFolder/01_GitRepoProject/01_Release Candidate/02_GitHub/STM32CubeFunctionPack_ALLMEMS1_V4.2.0/Drivers/BSP/Components/lis2mdl/lis2mdl.c:395:9:LIS2MDL_MAG_GetSensitivity	0	static
C:/MyFolder/01_GitRepoProject/01_Release Candidate/02_GitHub/STM32CubeFunctionPack_ALLMEMS1_V4.2.0/Drivers/BSP/Components/lis2mdl/lis2mdl.c:496:9:LIS2MDL_MAG_GetFullScale	0	static
C:/MyFolder/01_GitRepoProject/01_Release Candidate/02_GitHub/STM32CubeFunctionPack_ALLMEMS1_V4.2.0/Drivers/BSP/Components/lis2mdl/lis2mdl.c:509:9:LIS2MDL_MAG_SetFullScale	0	static
C:/MyFolder/01_GitRepoProject/01_Release Candidate/02_GitHub/STM32CubeFunctionPack_ALLMEMS1_V4.2.0/Drivers/BSP/Components/lis2mdl/lis2mdl.c:749:16:ReadMagRegWrap	8	static
C:/MyFolder/01_GitRepoProject/01_Release Candidate/02_GitHub/STM32CubeFunctionPack_ALLMEMS1_V4.2.0/Drivers/BSP/Components/lis2mdl/lis2mdl.c:777:16:WriteMagRegWrap	8	static
C:/MyFolder/01_GitRepoProject/01_Release Candidate/02_GitHub/STM32CubeFunctionPack_ALLMEMS1_V4.2.0/Drivers/BSP/Components/lis2mdl/lis2mdl.c:805:16:LSM6DSOX_SENSORHUB_LIS2MDL_ReadShData	40	static
C:/MyFolder/01_GitRepoProject/01_Release Candidate/02_GitHub/STM32CubeFunctionPack_ALLMEMS1_V4.2.0/Drivers/BSP/Components/lis2mdl/lis2mdl.c:939:16:LSM6DSOX_SENSORHUB_LIS2MDL_WriteShData	40	static
C:/MyFolder/01_GitRepoProject/01_Release Candidate/02_GitHub/STM32CubeFunctionPack_ALLMEMS1_V4.2.0/Drivers/BSP/Components/lis2mdl/lis2mdl.c:158:9:LIS2MDL_Init	24	static
C:/MyFolder/01_GitRepoProject/01_Release Candidate/02_GitHub/STM32CubeFunctionPack_ALLMEMS1_V4.2.0/Drivers/BSP/Components/lis2mdl/lis2mdl.c:302:9:LIS2MDL_MAG_Enable	16	static
C:/MyFolder/01_GitRepoProject/01_Release Candidate/02_GitHub/STM32CubeFunctionPack_ALLMEMS1_V4.2.0/Drivers/BSP/Components/lis2mdl/lis2mdl.c:348:9:LIS2MDL_MAG_Disable	16	static
C:/MyFolder/01_GitRepoProject/01_Release Candidate/02_GitHub/STM32CubeFunctionPack_ALLMEMS1_V4.2.0/Drivers/BSP/Components/lis2mdl/lis2mdl.c:234:9:LIS2MDL_DeInit	8	static
C:/MyFolder/01_GitRepoProject/01_Release Candidate/02_GitHub/STM32CubeFunctionPack_ALLMEMS1_V4.2.0/Drivers/BSP/Components/lis2mdl/lis2mdl.c:451:9:LIS2MDL_MAG_SetOutputDataRate	24	static
C:/MyFolder/01_GitRepoProject/01_Release Candidate/02_GitHub/STM32CubeFunctionPack_ALLMEMS1_V4.2.0/Drivers/BSP/Components/lis2mdl/lis2mdl.c:253:9:LIS2MDL_ReadID	8	static
C:/MyFolder/01_GitRepoProject/01_Release Candidate/02_GitHub/STM32CubeFunctionPack_ALLMEMS1_V4.2.0/Drivers/BSP/Components/lis2mdl/lis2mdl.c:408:9:LIS2MDL_MAG_GetOutputDataRate	16	static
C:/MyFolder/01_GitRepoProject/01_Release Candidate/02_GitHub/STM32CubeFunctionPack_ALLMEMS1_V4.2.0/Drivers/BSP/Components/lis2mdl/lis2mdl.c:520:9:LIS2MDL_MAG_GetAxesRaw	16	static
C:/MyFolder/01_GitRepoProject/01_Release Candidate/02_GitHub/STM32CubeFunctionPack_ALLMEMS1_V4.2.0/Drivers/BSP/Components/lis2mdl/lis2mdl.c:544:9:LIS2MDL_MAG_GetAxes	40	static
C:/MyFolder/01_GitRepoProject/01_Release Candidate/02_GitHub/STM32CubeFunctionPack_ALLMEMS1_V4.2.0/Drivers/BSP/Components/lis2mdl/lis2mdl.c:591:9:LIS2MDL_Read_Reg	8	static
C:/MyFolder/01_GitRepoProject/01_Release Candidate/02_GitHub/STM32CubeFunctionPack_ALLMEMS1_V4.2.0/Drivers/BSP/Components/lis2mdl/lis2mdl.c:618:9:LIS2MDL_Write_Reg	16	static
C:/MyFolder/01_GitRepoProject/01_Release Candidate/02_GitHub/STM32CubeFunctionPack_ALLMEMS1_V4.2.0/Drivers/BSP/Components/lis2mdl/lis2mdl.c:85:9:LIS2MDL_RegisterBusIO	8	static
C:/MyFolder/01_GitRepoProject/01_Release Candidate/02_GitHub/STM32CubeFunctionPack_ALLMEMS1_V4.2.0/Drivers/BSP/Components/lis2mdl/lis2mdl.c:644:9:LIS2MDL_MAG_Set_SelfTest	8	static
C:/MyFolder/01_GitRepoProject/01_Release Candidate/02_GitHub/STM32CubeFunctionPack_ALLMEMS1_V4.2.0/Drivers/BSP/Components/lis2mdl/lis2mdl.c:660:9:LIS2MDL_MAG_Get_DRDY_Status	16	static
C:/MyFolder/01_GitRepoProject/01_Release Candidate/02_GitHub/STM32CubeFunctionPack_ALLMEMS1_V4.2.0/Drivers/BSP/Components/lis2mdl/lis2mdl.c:689:9:LIS2MDL_MAG_Get_Init_Status	0	static
C:/MyFolder/01_GitRepoProject/01_Release Candidate/02_GitHub/STM32CubeFunctionPack_ALLMEMS1_V4.2.0/Drivers/BSP/Components/lis2mdl/lis2mdl.c:707:9:LIS2MDL_MAG_Set_Filter_Mode	8	static
C:/MyFolder/01_GitRepoProject/01_Release Candidate/02_GitHub/STM32CubeFunctionPack_ALLMEMS1_V4.2.0/Drivers/BSP/Components/lis2mdl/lis2mdl.c:723:9:LIS2MDL_MAG_Set_Power_Mode	8	static
