C:/MyFolder/01_GitRepoProject/01_Release Candidate/02_GitHub/STM32CubeFunctionPack_ALLMEMS1_V4.2.0/Drivers/BSP/Components/lis2mdl/lis2mdl_reg.c:49:9:lis2mdl_read_reg	8	static
C:/MyFolder/01_GitRepoProject/01_Release Candidate/02_GitHub/STM32CubeFunctionPack_ALLMEMS1_V4.2.0/Drivers/BSP/Components/lis2mdl/lis2mdl_reg.c:68:9:lis2mdl_write_reg	8	static
C:/MyFolder/01_GitRepoProject/01_Release Candidate/02_GitHub/STM32CubeFunctionPack_ALLMEMS1_V4.2.0/Drivers/BSP/Components/lis2mdl/lis2mdl_reg.c:88:9:lis2mdl_from_lsb_to_mgauss	0	static
C:/MyFolder/01_GitRepoProject/01_Release Candidate/02_GitHub/STM32CubeFunctionPack_ALLMEMS1_V4.2.0/Drivers/BSP/Components/lis2mdl/lis2mdl_reg.c:93:9:lis2mdl_from_lsb_to_celsius	0	static
C:/MyFolder/01_GitRepoProject/01_Release Candidate/02_GitHub/STM32CubeFunctionPack_ALLMEMS1_V4.2.0/Drivers/BSP/Components/lis2mdl/lis2mdl_reg.c:123:9:lis2mdl_mag_user_offset_set	16	static
C:/MyFolder/01_GitRepoProject/01_Release Candidate/02_GitHub/STM32CubeFunctionPack_ALLMEMS1_V4.2.0/Drivers/BSP/Components/lis2mdl/lis2mdl_reg.c:149:9:lis2mdl_mag_user_offset_get	16	static
C:/MyFolder/01_GitRepoProject/01_Release Candidate/02_GitHub/STM32CubeFunctionPack_ALLMEMS1_V4.2.0/Drivers/BSP/Components/lis2mdl/lis2mdl_reg.c:171:9:lis2mdl_operating_mode_set	24	static
C:/MyFolder/01_GitRepoProject/01_Release Candidate/02_GitHub/STM32CubeFunctionPack_ALLMEMS1_V4.2.0/Drivers/BSP/Components/lis2mdl/lis2mdl_reg.c:194:9:lis2mdl_operating_mode_get	16	static
C:/MyFolder/01_GitRepoProject/01_Release Candidate/02_GitHub/STM32CubeFunctionPack_ALLMEMS1_V4.2.0/Drivers/BSP/Components/lis2mdl/lis2mdl_reg.c:230:9:lis2mdl_data_rate_set	24	static
C:/MyFolder/01_GitRepoProject/01_Release Candidate/02_GitHub/STM32CubeFunctionPack_ALLMEMS1_V4.2.0/Drivers/BSP/Components/lis2mdl/lis2mdl_reg.c:252:9:lis2mdl_data_rate_get	16	static
C:/MyFolder/01_GitRepoProject/01_Release Candidate/02_GitHub/STM32CubeFunctionPack_ALLMEMS1_V4.2.0/Drivers/BSP/Components/lis2mdl/lis2mdl_reg.c:291:9:lis2mdl_power_mode_set	24	static
C:/MyFolder/01_GitRepoProject/01_Release Candidate/02_GitHub/STM32CubeFunctionPack_ALLMEMS1_V4.2.0/Drivers/BSP/Components/lis2mdl/lis2mdl_reg.c:313:9:lis2mdl_power_mode_get	16	static
C:/MyFolder/01_GitRepoProject/01_Release Candidate/02_GitHub/STM32CubeFunctionPack_ALLMEMS1_V4.2.0/Drivers/BSP/Components/lis2mdl/lis2mdl_reg.c:344:9:lis2mdl_offset_temp_comp_set	24	static
C:/MyFolder/01_GitRepoProject/01_Release Candidate/02_GitHub/STM32CubeFunctionPack_ALLMEMS1_V4.2.0/Drivers/BSP/Components/lis2mdl/lis2mdl_reg.c:366:9:lis2mdl_offset_temp_comp_get	16	static
C:/MyFolder/01_GitRepoProject/01_Release Candidate/02_GitHub/STM32CubeFunctionPack_ALLMEMS1_V4.2.0/Drivers/BSP/Components/lis2mdl/lis2mdl_reg.c:383:9:lis2mdl_low_pass_bandwidth_set	24	static
C:/MyFolder/01_GitRepoProject/01_Release Candidate/02_GitHub/STM32CubeFunctionPack_ALLMEMS1_V4.2.0/Drivers/BSP/Components/lis2mdl/lis2mdl_reg.c:406:9:lis2mdl_low_pass_bandwidth_get	16	static
C:/MyFolder/01_GitRepoProject/01_Release Candidate/02_GitHub/STM32CubeFunctionPack_ALLMEMS1_V4.2.0/Drivers/BSP/Components/lis2mdl/lis2mdl_reg.c:438:9:lis2mdl_set_rst_mode_set	24	static
C:/MyFolder/01_GitRepoProject/01_Release Candidate/02_GitHub/STM32CubeFunctionPack_ALLMEMS1_V4.2.0/Drivers/BSP/Components/lis2mdl/lis2mdl_reg.c:461:9:lis2mdl_set_rst_mode_get	16	static
C:/MyFolder/01_GitRepoProject/01_Release Candidate/02_GitHub/STM32CubeFunctionPack_ALLMEMS1_V4.2.0/Drivers/BSP/Components/lis2mdl/lis2mdl_reg.c:501:9:lis2mdl_set_rst_sensor_single_set	24	static
C:/MyFolder/01_GitRepoProject/01_Release Candidate/02_GitHub/STM32CubeFunctionPack_ALLMEMS1_V4.2.0/Drivers/BSP/Components/lis2mdl/lis2mdl_reg.c:528:9:lis2mdl_set_rst_sensor_single_get	16	static
C:/MyFolder/01_GitRepoProject/01_Release Candidate/02_GitHub/STM32CubeFunctionPack_ALLMEMS1_V4.2.0/Drivers/BSP/Components/lis2mdl/lis2mdl_reg.c:546:9:lis2mdl_block_data_update_set	24	static
C:/MyFolder/01_GitRepoProject/01_Release Candidate/02_GitHub/STM32CubeFunctionPack_ALLMEMS1_V4.2.0/Drivers/BSP/Components/lis2mdl/lis2mdl_reg.c:568:9:lis2mdl_block_data_update_get	16	static
C:/MyFolder/01_GitRepoProject/01_Release Candidate/02_GitHub/STM32CubeFunctionPack_ALLMEMS1_V4.2.0/Drivers/BSP/Components/lis2mdl/lis2mdl_reg.c:585:9:lis2mdl_mag_data_ready_get	16	static
C:/MyFolder/01_GitRepoProject/01_Release Candidate/02_GitHub/STM32CubeFunctionPack_ALLMEMS1_V4.2.0/Drivers/BSP/Components/lis2mdl/lis2mdl_reg.c:602:9:lis2mdl_mag_data_ovr_get	16	static
C:/MyFolder/01_GitRepoProject/01_Release Candidate/02_GitHub/STM32CubeFunctionPack_ALLMEMS1_V4.2.0/Drivers/BSP/Components/lis2mdl/lis2mdl_reg.c:619:9:lis2mdl_magnetic_raw_get	16	static
C:/MyFolder/01_GitRepoProject/01_Release Candidate/02_GitHub/STM32CubeFunctionPack_ALLMEMS1_V4.2.0/Drivers/BSP/Components/lis2mdl/lis2mdl_reg.c:641:9:lis2mdl_temperature_raw_get	16	static
C:/MyFolder/01_GitRepoProject/01_Release Candidate/02_GitHub/STM32CubeFunctionPack_ALLMEMS1_V4.2.0/Drivers/BSP/Components/lis2mdl/lis2mdl_reg.c:671:9:lis2mdl_device_id_get	8	static
C:/MyFolder/01_GitRepoProject/01_Release Candidate/02_GitHub/STM32CubeFunctionPack_ALLMEMS1_V4.2.0/Drivers/BSP/Components/lis2mdl/lis2mdl_reg.c:686:9:lis2mdl_reset_set	24	static
C:/MyFolder/01_GitRepoProject/01_Release Candidate/02_GitHub/STM32CubeFunctionPack_ALLMEMS1_V4.2.0/Drivers/BSP/Components/lis2mdl/lis2mdl_reg.c:708:9:lis2mdl_reset_get	16	static
C:/MyFolder/01_GitRepoProject/01_Release Candidate/02_GitHub/STM32CubeFunctionPack_ALLMEMS1_V4.2.0/Drivers/BSP/Components/lis2mdl/lis2mdl_reg.c:725:9:lis2mdl_boot_set	24	static
C:/MyFolder/01_GitRepoProject/01_Release Candidate/02_GitHub/STM32CubeFunctionPack_ALLMEMS1_V4.2.0/Drivers/BSP/Components/lis2mdl/lis2mdl_reg.c:747:9:lis2mdl_boot_get	16	static
C:/MyFolder/01_GitRepoProject/01_Release Candidate/02_GitHub/STM32CubeFunctionPack_ALLMEMS1_V4.2.0/Drivers/BSP/Components/lis2mdl/lis2mdl_reg.c:764:9:lis2mdl_self_test_set	24	static
C:/MyFolder/01_GitRepoProject/01_Release Candidate/02_GitHub/STM32CubeFunctionPack_ALLMEMS1_V4.2.0/Drivers/BSP/Components/lis2mdl/lis2mdl_reg.c:786:9:lis2mdl_self_test_get	16	static
C:/MyFolder/01_GitRepoProject/01_Release Candidate/02_GitHub/STM32CubeFunctionPack_ALLMEMS1_V4.2.0/Drivers/BSP/Components/lis2mdl/lis2mdl_reg.c:803:9:lis2mdl_data_format_set	24	static
C:/MyFolder/01_GitRepoProject/01_Release Candidate/02_GitHub/STM32CubeFunctionPack_ALLMEMS1_V4.2.0/Drivers/BSP/Components/lis2mdl/lis2mdl_reg.c:825:9:lis2mdl_data_format_get	16	static
C:/MyFolder/01_GitRepoProject/01_Release Candidate/02_GitHub/STM32CubeFunctionPack_ALLMEMS1_V4.2.0/Drivers/BSP/Components/lis2mdl/lis2mdl_reg.c:856:9:lis2mdl_status_get	8	static
C:/MyFolder/01_GitRepoProject/01_Release Candidate/02_GitHub/STM32CubeFunctionPack_ALLMEMS1_V4.2.0/Drivers/BSP/Components/lis2mdl/lis2mdl_reg.c:885:9:lis2mdl_offset_int_conf_set	24	static
C:/MyFolder/01_GitRepoProject/01_Release Candidate/02_GitHub/STM32CubeFunctionPack_ALLMEMS1_V4.2.0/Drivers/BSP/Components/lis2mdl/lis2mdl_reg.c:909:9:lis2mdl_offset_int_conf_get	16	static
C:/MyFolder/01_GitRepoProject/01_Release Candidate/02_GitHub/STM32CubeFunctionPack_ALLMEMS1_V4.2.0/Drivers/BSP/Components/lis2mdl/lis2mdl_reg.c:941:9:lis2mdl_drdy_on_pin_set	24	static
C:/MyFolder/01_GitRepoProject/01_Release Candidate/02_GitHub/STM32CubeFunctionPack_ALLMEMS1_V4.2.0/Drivers/BSP/Components/lis2mdl/lis2mdl_reg.c:963:9:lis2mdl_drdy_on_pin_get	16	static
C:/MyFolder/01_GitRepoProject/01_Release Candidate/02_GitHub/STM32CubeFunctionPack_ALLMEMS1_V4.2.0/Drivers/BSP/Components/lis2mdl/lis2mdl_reg.c:980:9:lis2mdl_int_on_pin_set	24	static
C:/MyFolder/01_GitRepoProject/01_Release Candidate/02_GitHub/STM32CubeFunctionPack_ALLMEMS1_V4.2.0/Drivers/BSP/Components/lis2mdl/lis2mdl_reg.c:1002:9:lis2mdl_int_on_pin_get	16	static
C:/MyFolder/01_GitRepoProject/01_Release Candidate/02_GitHub/STM32CubeFunctionPack_ALLMEMS1_V4.2.0/Drivers/BSP/Components/lis2mdl/lis2mdl_reg.c:1019:9:lis2mdl_int_gen_conf_set	8	static
C:/MyFolder/01_GitRepoProject/01_Release Candidate/02_GitHub/STM32CubeFunctionPack_ALLMEMS1_V4.2.0/Drivers/BSP/Components/lis2mdl/lis2mdl_reg.c:1036:9:lis2mdl_int_gen_conf_get	8	static
C:/MyFolder/01_GitRepoProject/01_Release Candidate/02_GitHub/STM32CubeFunctionPack_ALLMEMS1_V4.2.0/Drivers/BSP/Components/lis2mdl/lis2mdl_reg.c:1052:9:lis2mdl_int_gen_source_get	8	static
C:/MyFolder/01_GitRepoProject/01_Release Candidate/02_GitHub/STM32CubeFunctionPack_ALLMEMS1_V4.2.0/Drivers/BSP/Components/lis2mdl/lis2mdl_reg.c:1071:9:lis2mdl_int_gen_treshold_set	16	static
C:/MyFolder/01_GitRepoProject/01_Release Candidate/02_GitHub/STM32CubeFunctionPack_ALLMEMS1_V4.2.0/Drivers/BSP/Components/lis2mdl/lis2mdl_reg.c:1091:9:lis2mdl_int_gen_treshold_get	16	static
C:/MyFolder/01_GitRepoProject/01_Release Candidate/02_GitHub/STM32CubeFunctionPack_ALLMEMS1_V4.2.0/Drivers/BSP/Components/lis2mdl/lis2mdl_reg.c:1122:9:lis2mdl_spi_mode_set	24	static
C:/MyFolder/01_GitRepoProject/01_Release Candidate/02_GitHub/STM32CubeFunctionPack_ALLMEMS1_V4.2.0/Drivers/BSP/Components/lis2mdl/lis2mdl_reg.c:1144:9:lis2mdl_spi_mode_get	16	static
C:/MyFolder/01_GitRepoProject/01_Release Candidate/02_GitHub/STM32CubeFunctionPack_ALLMEMS1_V4.2.0/Drivers/BSP/Components/lis2mdl/lis2mdl_reg.c:1175:9:lis2mdl_i2c_interface_set	24	static
C:/MyFolder/01_GitRepoProject/01_Release Candidate/02_GitHub/STM32CubeFunctionPack_ALLMEMS1_V4.2.0/Drivers/BSP/Components/lis2mdl/lis2mdl_reg.c:1198:9:lis2mdl_i2c_interface_get	16	static
