C:/MyFolder/01_GitRepoProject/01_Release Candidate/02_GitHub/STM32CubeFunctionPack_ALLMEMS1_V4.2.0/Drivers/BSP/Components/lps22hh/lps22hh.c:212:9:LPS22HH_GetCapabilities	0	static
C:/MyFolder/01_GitRepoProject/01_Release Candidate/02_GitHub/STM32CubeFunctionPack_ALLMEMS1_V4.2.0/Drivers/BSP/Components/lps22hh/lps22hh.c:655:16:LPS22HH_SetOutputDataRate_When_Disabled	0	static
C:/MyFolder/01_GitRepoProject/01_Release Candidate/02_GitHub/STM32CubeFunctionPack_ALLMEMS1_V4.2.0/Drivers/BSP/Components/lps22hh/lps22hh.c:1065:16:ReadRegWrap	8	static
C:/MyFolder/01_GitRepoProject/01_Release Candidate/02_GitHub/STM32CubeFunctionPack_ALLMEMS1_V4.2.0/Drivers/BSP/Components/lps22hh/lps22hh.c:1080:16:WriteRegWrap	8	static
C:/MyFolder/01_GitRepoProject/01_Release Candidate/02_GitHub/STM32CubeFunctionPack_ALLMEMS1_V4.2.0/Drivers/BSP/Components/lps22hh/lps22hh.c:250:9:LPS22HH_PRESS_Enable	8	static
C:/MyFolder/01_GitRepoProject/01_Release Candidate/02_GitHub/STM32CubeFunctionPack_ALLMEMS1_V4.2.0/Drivers/BSP/Components/lps22hh/lps22hh.c:376:9:LPS22HH_TEMP_Enable	8	static
C:/MyFolder/01_GitRepoProject/01_Release Candidate/02_GitHub/STM32CubeFunctionPack_ALLMEMS1_V4.2.0/Drivers/BSP/Components/lps22hh/lps22hh.c:673:16:LPS22HH_Initialize	16	static
C:/MyFolder/01_GitRepoProject/01_Release Candidate/02_GitHub/STM32CubeFunctionPack_ALLMEMS1_V4.2.0/Drivers/BSP/Components/lps22hh/lps22hh.c:150:9:LPS22HH_Init	8	static
C:/MyFolder/01_GitRepoProject/01_Release Candidate/02_GitHub/STM32CubeFunctionPack_ALLMEMS1_V4.2.0/Drivers/BSP/Components/lps22hh/lps22hh.c:196:9:LPS22HH_ReadID	8	static
C:/MyFolder/01_GitRepoProject/01_Release Candidate/02_GitHub/STM32CubeFunctionPack_ALLMEMS1_V4.2.0/Drivers/BSP/Components/lps22hh/lps22hh.c:274:9:LPS22HH_PRESS_Disable	16	static
C:/MyFolder/01_GitRepoProject/01_Release Candidate/02_GitHub/STM32CubeFunctionPack_ALLMEMS1_V4.2.0/Drivers/BSP/Components/lps22hh/lps22hh.c:566:16:LPS22HH_GetOutputDataRate	16	static
C:/MyFolder/01_GitRepoProject/01_Release Candidate/02_GitHub/STM32CubeFunctionPack_ALLMEMS1_V4.2.0/Drivers/BSP/Components/lps22hh/lps22hh.c:310:9:LPS22HH_PRESS_GetOutputDataRate	8	static
C:/MyFolder/01_GitRepoProject/01_Release Candidate/02_GitHub/STM32CubeFunctionPack_ALLMEMS1_V4.2.0/Drivers/BSP/Components/lps22hh/lps22hh.c:436:9:LPS22HH_TEMP_GetOutputDataRate	8	static
C:/MyFolder/01_GitRepoProject/01_Release Candidate/02_GitHub/STM32CubeFunctionPack_ALLMEMS1_V4.2.0/Drivers/BSP/Components/lps22hh/lps22hh.c:624:16:LPS22HH_SetOutputDataRate_When_Enabled	16	static
C:/MyFolder/01_GitRepoProject/01_Release Candidate/02_GitHub/STM32CubeFunctionPack_ALLMEMS1_V4.2.0/Drivers/BSP/Components/lps22hh/lps22hh.c:321:9:LPS22HH_PRESS_SetOutputDataRate	8	static
C:/MyFolder/01_GitRepoProject/01_Release Candidate/02_GitHub/STM32CubeFunctionPack_ALLMEMS1_V4.2.0/Drivers/BSP/Components/lps22hh/lps22hh.c:447:9:LPS22HH_TEMP_SetOutputDataRate	8	static
C:/MyFolder/01_GitRepoProject/01_Release Candidate/02_GitHub/STM32CubeFunctionPack_ALLMEMS1_V4.2.0/Drivers/BSP/Components/lps22hh/lps22hh.c:400:9:LPS22HH_TEMP_Disable	16	static
C:/MyFolder/01_GitRepoProject/01_Release Candidate/02_GitHub/STM32CubeFunctionPack_ALLMEMS1_V4.2.0/Drivers/BSP/Components/lps22hh/lps22hh.c:170:9:LPS22HH_DeInit	8	static
C:/MyFolder/01_GitRepoProject/01_Release Candidate/02_GitHub/STM32CubeFunctionPack_ALLMEMS1_V4.2.0/Drivers/BSP/Components/lps22hh/lps22hh.c:340:9:LPS22HH_PRESS_GetPressure	24	static
C:/MyFolder/01_GitRepoProject/01_Release Candidate/02_GitHub/STM32CubeFunctionPack_ALLMEMS1_V4.2.0/Drivers/BSP/Components/lps22hh/lps22hh.c:466:9:LPS22HH_TEMP_GetTemperature	24	static
C:/MyFolder/01_GitRepoProject/01_Release Candidate/02_GitHub/STM32CubeFunctionPack_ALLMEMS1_V4.2.0/Drivers/BSP/Components/lps22hh/lps22hh.c:233:9:LPS22HH_Get_Init_Status	0	static
C:/MyFolder/01_GitRepoProject/01_Release Candidate/02_GitHub/STM32CubeFunctionPack_ALLMEMS1_V4.2.0/Drivers/BSP/Components/lps22hh/lps22hh.c:361:9:LPS22HH_PRESS_Get_DRDY_Status	8	static
C:/MyFolder/01_GitRepoProject/01_Release Candidate/02_GitHub/STM32CubeFunctionPack_ALLMEMS1_V4.2.0/Drivers/BSP/Components/lps22hh/lps22hh.c:487:9:LPS22HH_TEMP_Get_DRDY_Status	8	static
C:/MyFolder/01_GitRepoProject/01_Release Candidate/02_GitHub/STM32CubeFunctionPack_ALLMEMS1_V4.2.0/Drivers/BSP/Components/lps22hh/lps22hh.c:504:9:LPS22HH_Read_Reg	8	static
C:/MyFolder/01_GitRepoProject/01_Release Candidate/02_GitHub/STM32CubeFunctionPack_ALLMEMS1_V4.2.0/Drivers/BSP/Components/lps22hh/lps22hh.c:521:9:LPS22HH_Write_Reg	16	static
C:/MyFolder/01_GitRepoProject/01_Release Candidate/02_GitHub/STM32CubeFunctionPack_ALLMEMS1_V4.2.0/Drivers/BSP/Components/lps22hh/lps22hh.c:93:9:LPS22HH_RegisterBusIO	8	static
C:/MyFolder/01_GitRepoProject/01_Release Candidate/02_GitHub/STM32CubeFunctionPack_ALLMEMS1_V4.2.0/Drivers/BSP/Components/lps22hh/lps22hh.c:545:9:LPS22HH_Get_Temp	16	static
C:/MyFolder/01_GitRepoProject/01_Release Candidate/02_GitHub/STM32CubeFunctionPack_ALLMEMS1_V4.2.0/Drivers/BSP/Components/lps22hh/lps22hh.c:716:9:LPS22HH_FIFO_Get_Data	24	static
C:/MyFolder/01_GitRepoProject/01_Release Candidate/02_GitHub/STM32CubeFunctionPack_ALLMEMS1_V4.2.0/Drivers/BSP/Components/lps22hh/lps22hh.c:746:9:LPS22HH_FIFO_Get_FTh_Status	8	static
C:/MyFolder/01_GitRepoProject/01_Release Candidate/02_GitHub/STM32CubeFunctionPack_ALLMEMS1_V4.2.0/Drivers/BSP/Components/lps22hh/lps22hh.c:762:9:LPS22HH_FIFO_Get_Full_Status	8	static
C:/MyFolder/01_GitRepoProject/01_Release Candidate/02_GitHub/STM32CubeFunctionPack_ALLMEMS1_V4.2.0/Drivers/BSP/Components/lps22hh/lps22hh.c:778:9:LPS22HH_FIFO_Get_Ovr_Status	8	static
C:/MyFolder/01_GitRepoProject/01_Release Candidate/02_GitHub/STM32CubeFunctionPack_ALLMEMS1_V4.2.0/Drivers/BSP/Components/lps22hh/lps22hh.c:794:9:LPS22HH_FIFO_Get_Level	8	static
C:/MyFolder/01_GitRepoProject/01_Release Candidate/02_GitHub/STM32CubeFunctionPack_ALLMEMS1_V4.2.0/Drivers/BSP/Components/lps22hh/lps22hh.c:810:9:LPS22HH_FIFO_Reset_Interrupt	8	static
C:/MyFolder/01_GitRepoProject/01_Release Candidate/02_GitHub/STM32CubeFunctionPack_ALLMEMS1_V4.2.0/Drivers/BSP/Components/lps22hh/lps22hh.c:845:9:LPS22HH_FIFO_Set_Interrupt	8	static
C:/MyFolder/01_GitRepoProject/01_Release Candidate/02_GitHub/STM32CubeFunctionPack_ALLMEMS1_V4.2.0/Drivers/BSP/Components/lps22hh/lps22hh.c:880:9:LPS22HH_FIFO_Set_Mode	8	static
C:/MyFolder/01_GitRepoProject/01_Release Candidate/02_GitHub/STM32CubeFunctionPack_ALLMEMS1_V4.2.0/Drivers/BSP/Components/lps22hh/lps22hh.c:910:9:LPS22HH_FIFO_Set_Watermark_Level	8	static
C:/MyFolder/01_GitRepoProject/01_Release Candidate/02_GitHub/STM32CubeFunctionPack_ALLMEMS1_V4.2.0/Drivers/BSP/Components/lps22hh/lps22hh.c:926:9:LPS22HH_FIFO_Stop_On_Watermark	8	static
C:/MyFolder/01_GitRepoProject/01_Release Candidate/02_GitHub/STM32CubeFunctionPack_ALLMEMS1_V4.2.0/Drivers/BSP/Components/lps22hh/lps22hh.c:941:9:LPS22HH_Set_One_Shot	8	static
C:/MyFolder/01_GitRepoProject/01_Release Candidate/02_GitHub/STM32CubeFunctionPack_ALLMEMS1_V4.2.0/Drivers/BSP/Components/lps22hh/lps22hh.c:958:9:LPS22HH_Get_One_Shot_Status	24	static
C:/MyFolder/01_GitRepoProject/01_Release Candidate/02_GitHub/STM32CubeFunctionPack_ALLMEMS1_V4.2.0/Drivers/BSP/Components/lps22hh/lps22hh.c:992:9:LPS22HH_Enable_DRDY_Interrupt	16	static
C:/MyFolder/01_GitRepoProject/01_Release Candidate/02_GitHub/STM32CubeFunctionPack_ALLMEMS1_V4.2.0/Drivers/BSP/Components/lps22hh/lps22hh.c:1016:9:LPS22HH_Set_Power_Mode	24	static
C:/MyFolder/01_GitRepoProject/01_Release Candidate/02_GitHub/STM32CubeFunctionPack_ALLMEMS1_V4.2.0/Drivers/BSP/Components/lps22hh/lps22hh.c:1048:9:LPS22HH_Set_Filter_Mode	8	static
