C:/MyFolder/01_GitRepoProject/01_Release Candidate/02_GitHub/STM32CubeFunctionPack_ALLMEMS1_V4.2.0/Drivers/BSP/Components/lsm6dsox/lsm6dsox_reg.c:89:13:bytecpy	0	static
C:/MyFolder/01_GitRepoProject/01_Release Candidate/02_GitHub/STM32CubeFunctionPack_ALLMEMS1_V4.2.0/Drivers/BSP/Components/lsm6dsox/lsm6dsox_reg.c:49:9:lsm6dsox_read_reg	8	static
C:/MyFolder/01_GitRepoProject/01_Release Candidate/02_GitHub/STM32CubeFunctionPack_ALLMEMS1_V4.2.0/Drivers/BSP/Components/lsm6dsox/lsm6dsox_reg.c:68:9:lsm6dsox_write_reg	8	static
C:/MyFolder/01_GitRepoProject/01_Release Candidate/02_GitHub/STM32CubeFunctionPack_ALLMEMS1_V4.2.0/Drivers/BSP/Components/lsm6dsox/lsm6dsox_reg.c:107:9:lsm6dsox_from_fs2_to_mg	0	static
C:/MyFolder/01_GitRepoProject/01_Release Candidate/02_GitHub/STM32CubeFunctionPack_ALLMEMS1_V4.2.0/Drivers/BSP/Components/lsm6dsox/lsm6dsox_reg.c:112:9:lsm6dsox_from_fs4_to_mg	0	static
C:/MyFolder/01_GitRepoProject/01_Release Candidate/02_GitHub/STM32CubeFunctionPack_ALLMEMS1_V4.2.0/Drivers/BSP/Components/lsm6dsox/lsm6dsox_reg.c:117:9:lsm6dsox_from_fs8_to_mg	0	static
C:/MyFolder/01_GitRepoProject/01_Release Candidate/02_GitHub/STM32CubeFunctionPack_ALLMEMS1_V4.2.0/Drivers/BSP/Components/lsm6dsox/lsm6dsox_reg.c:122:9:lsm6dsox_from_fs16_to_mg	0	static
C:/MyFolder/01_GitRepoProject/01_Release Candidate/02_GitHub/STM32CubeFunctionPack_ALLMEMS1_V4.2.0/Drivers/BSP/Components/lsm6dsox/lsm6dsox_reg.c:127:9:lsm6dsox_from_fs125_to_mdps	0	static
C:/MyFolder/01_GitRepoProject/01_Release Candidate/02_GitHub/STM32CubeFunctionPack_ALLMEMS1_V4.2.0/Drivers/BSP/Components/lsm6dsox/lsm6dsox_reg.c:132:9:lsm6dsox_from_fs500_to_mdps	0	static
C:/MyFolder/01_GitRepoProject/01_Release Candidate/02_GitHub/STM32CubeFunctionPack_ALLMEMS1_V4.2.0/Drivers/BSP/Components/lsm6dsox/lsm6dsox_reg.c:137:9:lsm6dsox_from_fs250_to_mdps	0	static
C:/MyFolder/01_GitRepoProject/01_Release Candidate/02_GitHub/STM32CubeFunctionPack_ALLMEMS1_V4.2.0/Drivers/BSP/Components/lsm6dsox/lsm6dsox_reg.c:142:9:lsm6dsox_from_fs1000_to_mdps	0	static
C:/MyFolder/01_GitRepoProject/01_Release Candidate/02_GitHub/STM32CubeFunctionPack_ALLMEMS1_V4.2.0/Drivers/BSP/Components/lsm6dsox/lsm6dsox_reg.c:147:9:lsm6dsox_from_fs2000_to_mdps	0	static
C:/MyFolder/01_GitRepoProject/01_Release Candidate/02_GitHub/STM32CubeFunctionPack_ALLMEMS1_V4.2.0/Drivers/BSP/Components/lsm6dsox/lsm6dsox_reg.c:152:9:lsm6dsox_from_lsb_to_celsius	0	static
C:/MyFolder/01_GitRepoProject/01_Release Candidate/02_GitHub/STM32CubeFunctionPack_ALLMEMS1_V4.2.0/Drivers/BSP/Components/lsm6dsox/lsm6dsox_reg.c:157:9:lsm6dsox_from_lsb_to_nsec	0	static
C:/MyFolder/01_GitRepoProject/01_Release Candidate/02_GitHub/STM32CubeFunctionPack_ALLMEMS1_V4.2.0/Drivers/BSP/Components/lsm6dsox/lsm6dsox_reg.c:181:9:lsm6dsox_xl_full_scale_set	24	static
C:/MyFolder/01_GitRepoProject/01_Release Candidate/02_GitHub/STM32CubeFunctionPack_ALLMEMS1_V4.2.0/Drivers/BSP/Components/lsm6dsox/lsm6dsox_reg.c:203:9:lsm6dsox_xl_full_scale_get	16	static
C:/MyFolder/01_GitRepoProject/01_Release Candidate/02_GitHub/STM32CubeFunctionPack_ALLMEMS1_V4.2.0/Drivers/BSP/Components/lsm6dsox/lsm6dsox_reg.c:458:9:lsm6dsox_xl_data_rate_get	16	static
C:/MyFolder/01_GitRepoProject/01_Release Candidate/02_GitHub/STM32CubeFunctionPack_ALLMEMS1_V4.2.0/Drivers/BSP/Components/lsm6dsox/lsm6dsox_reg.c:529:9:lsm6dsox_gy_full_scale_set	24	static
C:/MyFolder/01_GitRepoProject/01_Release Candidate/02_GitHub/STM32CubeFunctionPack_ALLMEMS1_V4.2.0/Drivers/BSP/Components/lsm6dsox/lsm6dsox_reg.c:551:9:lsm6dsox_gy_full_scale_get	16	static
C:/MyFolder/01_GitRepoProject/01_Release Candidate/02_GitHub/STM32CubeFunctionPack_ALLMEMS1_V4.2.0/Drivers/BSP/Components/lsm6dsox/lsm6dsox_reg.c:810:9:lsm6dsox_gy_data_rate_get	16	static
C:/MyFolder/01_GitRepoProject/01_Release Candidate/02_GitHub/STM32CubeFunctionPack_ALLMEMS1_V4.2.0/Drivers/BSP/Components/lsm6dsox/lsm6dsox_reg.c:877:9:lsm6dsox_block_data_update_set	24	static
C:/MyFolder/01_GitRepoProject/01_Release Candidate/02_GitHub/STM32CubeFunctionPack_ALLMEMS1_V4.2.0/Drivers/BSP/Components/lsm6dsox/lsm6dsox_reg.c:898:9:lsm6dsox_block_data_update_get	16	static
C:/MyFolder/01_GitRepoProject/01_Release Candidate/02_GitHub/STM32CubeFunctionPack_ALLMEMS1_V4.2.0/Drivers/BSP/Components/lsm6dsox/lsm6dsox_reg.c:916:9:lsm6dsox_xl_offset_weight_set	24	static
C:/MyFolder/01_GitRepoProject/01_Release Candidate/02_GitHub/STM32CubeFunctionPack_ALLMEMS1_V4.2.0/Drivers/BSP/Components/lsm6dsox/lsm6dsox_reg.c:939:9:lsm6dsox_xl_offset_weight_get	16	static
C:/MyFolder/01_GitRepoProject/01_Release Candidate/02_GitHub/STM32CubeFunctionPack_ALLMEMS1_V4.2.0/Drivers/BSP/Components/lsm6dsox/lsm6dsox_reg.c:971:9:lsm6dsox_xl_power_mode_set	24	static
C:/MyFolder/01_GitRepoProject/01_Release Candidate/02_GitHub/STM32CubeFunctionPack_ALLMEMS1_V4.2.0/Drivers/BSP/Components/lsm6dsox/lsm6dsox_reg.c:1007:9:lsm6dsox_xl_power_mode_get	24	static
C:/MyFolder/01_GitRepoProject/01_Release Candidate/02_GitHub/STM32CubeFunctionPack_ALLMEMS1_V4.2.0/Drivers/BSP/Components/lsm6dsox/lsm6dsox_reg.c:1049:9:lsm6dsox_gy_power_mode_set	24	static
C:/MyFolder/01_GitRepoProject/01_Release Candidate/02_GitHub/STM32CubeFunctionPack_ALLMEMS1_V4.2.0/Drivers/BSP/Components/lsm6dsox/lsm6dsox_reg.c:1071:9:lsm6dsox_gy_power_mode_get	16	static
C:/MyFolder/01_GitRepoProject/01_Release Candidate/02_GitHub/STM32CubeFunctionPack_ALLMEMS1_V4.2.0/Drivers/BSP/Components/lsm6dsox/lsm6dsox_reg.c:1102:9:lsm6dsox_status_reg_get	8	static
C:/MyFolder/01_GitRepoProject/01_Release Candidate/02_GitHub/STM32CubeFunctionPack_ALLMEMS1_V4.2.0/Drivers/BSP/Components/lsm6dsox/lsm6dsox_reg.c:1117:9:lsm6dsox_xl_flag_data_ready_get	16	static
C:/MyFolder/01_GitRepoProject/01_Release Candidate/02_GitHub/STM32CubeFunctionPack_ALLMEMS1_V4.2.0/Drivers/BSP/Components/lsm6dsox/lsm6dsox_reg.c:1134:9:lsm6dsox_gy_flag_data_ready_get	16	static
C:/MyFolder/01_GitRepoProject/01_Release Candidate/02_GitHub/STM32CubeFunctionPack_ALLMEMS1_V4.2.0/Drivers/BSP/Components/lsm6dsox/lsm6dsox_reg.c:1151:9:lsm6dsox_temp_flag_data_ready_get	16	static
C:/MyFolder/01_GitRepoProject/01_Release Candidate/02_GitHub/STM32CubeFunctionPack_ALLMEMS1_V4.2.0/Drivers/BSP/Components/lsm6dsox/lsm6dsox_reg.c:1170:9:lsm6dsox_xl_usr_offset_x_set	8	static
C:/MyFolder/01_GitRepoProject/01_Release Candidate/02_GitHub/STM32CubeFunctionPack_ALLMEMS1_V4.2.0/Drivers/BSP/Components/lsm6dsox/lsm6dsox_reg.c:1186:9:lsm6dsox_xl_usr_offset_x_get	8	static
C:/MyFolder/01_GitRepoProject/01_Release Candidate/02_GitHub/STM32CubeFunctionPack_ALLMEMS1_V4.2.0/Drivers/BSP/Components/lsm6dsox/lsm6dsox_reg.c:1202:9:lsm6dsox_xl_usr_offset_y_set	8	static
C:/MyFolder/01_GitRepoProject/01_Release Candidate/02_GitHub/STM32CubeFunctionPack_ALLMEMS1_V4.2.0/Drivers/BSP/Components/lsm6dsox/lsm6dsox_reg.c:1218:9:lsm6dsox_xl_usr_offset_y_get	8	static
C:/MyFolder/01_GitRepoProject/01_Release Candidate/02_GitHub/STM32CubeFunctionPack_ALLMEMS1_V4.2.0/Drivers/BSP/Components/lsm6dsox/lsm6dsox_reg.c:1234:9:lsm6dsox_xl_usr_offset_z_set	8	static
C:/MyFolder/01_GitRepoProject/01_Release Candidate/02_GitHub/STM32CubeFunctionPack_ALLMEMS1_V4.2.0/Drivers/BSP/Components/lsm6dsox/lsm6dsox_reg.c:1250:9:lsm6dsox_xl_usr_offset_z_get	8	static
C:/MyFolder/01_GitRepoProject/01_Release Candidate/02_GitHub/STM32CubeFunctionPack_ALLMEMS1_V4.2.0/Drivers/BSP/Components/lsm6dsox/lsm6dsox_reg.c:1264:9:lsm6dsox_xl_usr_offset_set	24	static
C:/MyFolder/01_GitRepoProject/01_Release Candidate/02_GitHub/STM32CubeFunctionPack_ALLMEMS1_V4.2.0/Drivers/BSP/Components/lsm6dsox/lsm6dsox_reg.c:1285:9:lsm6dsox_xl_usr_offset_get	16	static
C:/MyFolder/01_GitRepoProject/01_Release Candidate/02_GitHub/STM32CubeFunctionPack_ALLMEMS1_V4.2.0/Drivers/BSP/Components/lsm6dsox/lsm6dsox_reg.c:1314:9:lsm6dsox_timestamp_rst	16	static
C:/MyFolder/01_GitRepoProject/01_Release Candidate/02_GitHub/STM32CubeFunctionPack_ALLMEMS1_V4.2.0/Drivers/BSP/Components/lsm6dsox/lsm6dsox_reg.c:1327:9:lsm6dsox_timestamp_set	24	static
C:/MyFolder/01_GitRepoProject/01_Release Candidate/02_GitHub/STM32CubeFunctionPack_ALLMEMS1_V4.2.0/Drivers/BSP/Components/lsm6dsox/lsm6dsox_reg.c:1348:9:lsm6dsox_timestamp_get	16	static
C:/MyFolder/01_GitRepoProject/01_Release Candidate/02_GitHub/STM32CubeFunctionPack_ALLMEMS1_V4.2.0/Drivers/BSP/Components/lsm6dsox/lsm6dsox_reg.c:1366:9:lsm6dsox_timestamp_raw_get	16	static
C:/MyFolder/01_GitRepoProject/01_Release Candidate/02_GitHub/STM32CubeFunctionPack_ALLMEMS1_V4.2.0/Drivers/BSP/Components/lsm6dsox/lsm6dsox_reg.c:1398:9:lsm6dsox_rounding_mode_set	24	static
C:/MyFolder/01_GitRepoProject/01_Release Candidate/02_GitHub/STM32CubeFunctionPack_ALLMEMS1_V4.2.0/Drivers/BSP/Components/lsm6dsox/lsm6dsox_reg.c:1420:9:lsm6dsox_rounding_mode_get	16	static
C:/MyFolder/01_GitRepoProject/01_Release Candidate/02_GitHub/STM32CubeFunctionPack_ALLMEMS1_V4.2.0/Drivers/BSP/Components/lsm6dsox/lsm6dsox_reg.c:1469:9:lsm6dsox_rounding_on_status_set	24	static
C:/MyFolder/01_GitRepoProject/01_Release Candidate/02_GitHub/STM32CubeFunctionPack_ALLMEMS1_V4.2.0/Drivers/BSP/Components/lsm6dsox/lsm6dsox_reg.c:1501:9:lsm6dsox_rounding_on_status_get	16	static
C:/MyFolder/01_GitRepoProject/01_Release Candidate/02_GitHub/STM32CubeFunctionPack_ALLMEMS1_V4.2.0/Drivers/BSP/Components/lsm6dsox/lsm6dsox_reg.c:1534:9:lsm6dsox_temperature_raw_get	16	static
C:/MyFolder/01_GitRepoProject/01_Release Candidate/02_GitHub/STM32CubeFunctionPack_ALLMEMS1_V4.2.0/Drivers/BSP/Components/lsm6dsox/lsm6dsox_reg.c:1552:9:lsm6dsox_angular_rate_raw_get	16	static
C:/MyFolder/01_GitRepoProject/01_Release Candidate/02_GitHub/STM32CubeFunctionPack_ALLMEMS1_V4.2.0/Drivers/BSP/Components/lsm6dsox/lsm6dsox_reg.c:1574:9:lsm6dsox_acceleration_raw_get	16	static
C:/MyFolder/01_GitRepoProject/01_Release Candidate/02_GitHub/STM32CubeFunctionPack_ALLMEMS1_V4.2.0/Drivers/BSP/Components/lsm6dsox/lsm6dsox_reg.c:1595:9:lsm6dsox_fifo_out_raw_get	8	static
C:/MyFolder/01_GitRepoProject/01_Release Candidate/02_GitHub/STM32CubeFunctionPack_ALLMEMS1_V4.2.0/Drivers/BSP/Components/lsm6dsox/lsm6dsox_reg.c:1611:9:lsm6dsox_ois_angular_rate_raw_get	16	static
C:/MyFolder/01_GitRepoProject/01_Release Candidate/02_GitHub/STM32CubeFunctionPack_ALLMEMS1_V4.2.0/Drivers/BSP/Components/lsm6dsox/lsm6dsox_reg.c:1635:9:lsm6dsox_ois_acceleration_raw_get	16	static
C:/MyFolder/01_GitRepoProject/01_Release Candidate/02_GitHub/STM32CubeFunctionPack_ALLMEMS1_V4.2.0/Drivers/BSP/Components/lsm6dsox/lsm6dsox_reg.c:1660:9:lsm6dsox_aux_temperature_raw_get	16	static
C:/MyFolder/01_GitRepoProject/01_Release Candidate/02_GitHub/STM32CubeFunctionPack_ALLMEMS1_V4.2.0/Drivers/BSP/Components/lsm6dsox/lsm6dsox_reg.c:1681:9:lsm6dsox_aux_ois_angular_rate_raw_get	16	static
C:/MyFolder/01_GitRepoProject/01_Release Candidate/02_GitHub/STM32CubeFunctionPack_ALLMEMS1_V4.2.0/Drivers/BSP/Components/lsm6dsox/lsm6dsox_reg.c:1706:9:lsm6dsox_aux_ois_acceleration_raw_get	16	static
C:/MyFolder/01_GitRepoProject/01_Release Candidate/02_GitHub/STM32CubeFunctionPack_ALLMEMS1_V4.2.0/Drivers/BSP/Components/lsm6dsox/lsm6dsox_reg.c:1822:9:lsm6dsox_odr_cal_reg_set	24	static
C:/MyFolder/01_GitRepoProject/01_Release Candidate/02_GitHub/STM32CubeFunctionPack_ALLMEMS1_V4.2.0/Drivers/BSP/Components/lsm6dsox/lsm6dsox_reg.c:1847:9:lsm6dsox_odr_cal_reg_get	16	static
C:/MyFolder/01_GitRepoProject/01_Release Candidate/02_GitHub/STM32CubeFunctionPack_ALLMEMS1_V4.2.0/Drivers/BSP/Components/lsm6dsox/lsm6dsox_reg.c:1867:9:lsm6dsox_mem_bank_set	24	static
C:/MyFolder/01_GitRepoProject/01_Release Candidate/02_GitHub/STM32CubeFunctionPack_ALLMEMS1_V4.2.0/Drivers/BSP/Components/lsm6dsox/lsm6dsox_reg.c:1728:9:lsm6dsox_number_of_steps_get	24	static
C:/MyFolder/01_GitRepoProject/01_Release Candidate/02_GitHub/STM32CubeFunctionPack_ALLMEMS1_V4.2.0/Drivers/BSP/Components/lsm6dsox/lsm6dsox_reg.c:1753:9:lsm6dsox_steps_reset	16	static
C:/MyFolder/01_GitRepoProject/01_Release Candidate/02_GitHub/STM32CubeFunctionPack_ALLMEMS1_V4.2.0/Drivers/BSP/Components/lsm6dsox/lsm6dsox_reg.c:1784:9:lsm6dsox_mlc_out_get	16	static
C:/MyFolder/01_GitRepoProject/01_Release Candidate/02_GitHub/STM32CubeFunctionPack_ALLMEMS1_V4.2.0/Drivers/BSP/Components/lsm6dsox/lsm6dsox_reg.c:1893:9:lsm6dsox_mem_bank_get	16	static
C:/MyFolder/01_GitRepoProject/01_Release Candidate/02_GitHub/STM32CubeFunctionPack_ALLMEMS1_V4.2.0/Drivers/BSP/Components/lsm6dsox/lsm6dsox_reg.c:1930:9:lsm6dsox_ln_pg_write_byte	32	static
C:/MyFolder/01_GitRepoProject/01_Release Candidate/02_GitHub/STM32CubeFunctionPack_ALLMEMS1_V4.2.0/Drivers/BSP/Components/lsm6dsox/lsm6dsox_reg.c:1999:9:lsm6dsox_ln_pg_write	48	static
C:/MyFolder/01_GitRepoProject/01_Release Candidate/02_GitHub/STM32CubeFunctionPack_ALLMEMS1_V4.2.0/Drivers/BSP/Components/lsm6dsox/lsm6dsox_reg.c:2093:9:lsm6dsox_ln_pg_read_byte	32	static
C:/MyFolder/01_GitRepoProject/01_Release Candidate/02_GitHub/STM32CubeFunctionPack_ALLMEMS1_V4.2.0/Drivers/BSP/Components/lsm6dsox/lsm6dsox_reg.c:2162:9:lsm6dsox_data_ready_mode_set	24	static
C:/MyFolder/01_GitRepoProject/01_Release Candidate/02_GitHub/STM32CubeFunctionPack_ALLMEMS1_V4.2.0/Drivers/BSP/Components/lsm6dsox/lsm6dsox_reg.c:2188:9:lsm6dsox_data_ready_mode_get	16	static
C:/MyFolder/01_GitRepoProject/01_Release Candidate/02_GitHub/STM32CubeFunctionPack_ALLMEMS1_V4.2.0/Drivers/BSP/Components/lsm6dsox/lsm6dsox_reg.c:2220:9:lsm6dsox_device_id_get	8	static
C:/MyFolder/01_GitRepoProject/01_Release Candidate/02_GitHub/STM32CubeFunctionPack_ALLMEMS1_V4.2.0/Drivers/BSP/Components/lsm6dsox/lsm6dsox_reg.c:2235:9:lsm6dsox_reset_set	24	static
C:/MyFolder/01_GitRepoProject/01_Release Candidate/02_GitHub/STM32CubeFunctionPack_ALLMEMS1_V4.2.0/Drivers/BSP/Components/lsm6dsox/lsm6dsox_reg.c:2256:9:lsm6dsox_reset_get	16	static
C:/MyFolder/01_GitRepoProject/01_Release Candidate/02_GitHub/STM32CubeFunctionPack_ALLMEMS1_V4.2.0/Drivers/BSP/Components/lsm6dsox/lsm6dsox_reg.c:2273:9:lsm6dsox_auto_increment_set	24	static
C:/MyFolder/01_GitRepoProject/01_Release Candidate/02_GitHub/STM32CubeFunctionPack_ALLMEMS1_V4.2.0/Drivers/BSP/Components/lsm6dsox/lsm6dsox_reg.c:2295:9:lsm6dsox_auto_increment_get	16	static
C:/MyFolder/01_GitRepoProject/01_Release Candidate/02_GitHub/STM32CubeFunctionPack_ALLMEMS1_V4.2.0/Drivers/BSP/Components/lsm6dsox/lsm6dsox_reg.c:2311:9:lsm6dsox_boot_set	24	static
C:/MyFolder/01_GitRepoProject/01_Release Candidate/02_GitHub/STM32CubeFunctionPack_ALLMEMS1_V4.2.0/Drivers/BSP/Components/lsm6dsox/lsm6dsox_reg.c:2332:9:lsm6dsox_boot_get	16	static
C:/MyFolder/01_GitRepoProject/01_Release Candidate/02_GitHub/STM32CubeFunctionPack_ALLMEMS1_V4.2.0/Drivers/BSP/Components/lsm6dsox/lsm6dsox_reg.c:2348:9:lsm6dsox_xl_self_test_set	24	static
C:/MyFolder/01_GitRepoProject/01_Release Candidate/02_GitHub/STM32CubeFunctionPack_ALLMEMS1_V4.2.0/Drivers/BSP/Components/lsm6dsox/lsm6dsox_reg.c:2370:9:lsm6dsox_xl_self_test_get	16	static
C:/MyFolder/01_GitRepoProject/01_Release Candidate/02_GitHub/STM32CubeFunctionPack_ALLMEMS1_V4.2.0/Drivers/BSP/Components/lsm6dsox/lsm6dsox_reg.c:2405:9:lsm6dsox_gy_self_test_set	24	static
C:/MyFolder/01_GitRepoProject/01_Release Candidate/02_GitHub/STM32CubeFunctionPack_ALLMEMS1_V4.2.0/Drivers/BSP/Components/lsm6dsox/lsm6dsox_reg.c:2427:9:lsm6dsox_gy_self_test_get	16	static
C:/MyFolder/01_GitRepoProject/01_Release Candidate/02_GitHub/STM32CubeFunctionPack_ALLMEMS1_V4.2.0/Drivers/BSP/Components/lsm6dsox/lsm6dsox_reg.c:2475:9:lsm6dsox_xl_filter_lp2_set	24	static
C:/MyFolder/01_GitRepoProject/01_Release Candidate/02_GitHub/STM32CubeFunctionPack_ALLMEMS1_V4.2.0/Drivers/BSP/Components/lsm6dsox/lsm6dsox_reg.c:2496:9:lsm6dsox_xl_filter_lp2_get	16	static
C:/MyFolder/01_GitRepoProject/01_Release Candidate/02_GitHub/STM32CubeFunctionPack_ALLMEMS1_V4.2.0/Drivers/BSP/Components/lsm6dsox/lsm6dsox_reg.c:2514:9:lsm6dsox_gy_filter_lp1_set	24	static
C:/MyFolder/01_GitRepoProject/01_Release Candidate/02_GitHub/STM32CubeFunctionPack_ALLMEMS1_V4.2.0/Drivers/BSP/Components/lsm6dsox/lsm6dsox_reg.c:2537:9:lsm6dsox_gy_filter_lp1_get	16	static
C:/MyFolder/01_GitRepoProject/01_Release Candidate/02_GitHub/STM32CubeFunctionPack_ALLMEMS1_V4.2.0/Drivers/BSP/Components/lsm6dsox/lsm6dsox_reg.c:2554:9:lsm6dsox_filter_settling_mask_set	24	static
C:/MyFolder/01_GitRepoProject/01_Release Candidate/02_GitHub/STM32CubeFunctionPack_ALLMEMS1_V4.2.0/Drivers/BSP/Components/lsm6dsox/lsm6dsox_reg.c:2577:9:lsm6dsox_filter_settling_mask_get	16	static
C:/MyFolder/01_GitRepoProject/01_Release Candidate/02_GitHub/STM32CubeFunctionPack_ALLMEMS1_V4.2.0/Drivers/BSP/Components/lsm6dsox/lsm6dsox_reg.c:2594:9:lsm6dsox_gy_lp1_bandwidth_set	24	static
C:/MyFolder/01_GitRepoProject/01_Release Candidate/02_GitHub/STM32CubeFunctionPack_ALLMEMS1_V4.2.0/Drivers/BSP/Components/lsm6dsox/lsm6dsox_reg.c:2616:9:lsm6dsox_gy_lp1_bandwidth_get	16	static
C:/MyFolder/01_GitRepoProject/01_Release Candidate/02_GitHub/STM32CubeFunctionPack_ALLMEMS1_V4.2.0/Drivers/BSP/Components/lsm6dsox/lsm6dsox_reg.c:2671:9:lsm6dsox_xl_lp2_on_6d_set	24	static
C:/MyFolder/01_GitRepoProject/01_Release Candidate/02_GitHub/STM32CubeFunctionPack_ALLMEMS1_V4.2.0/Drivers/BSP/Components/lsm6dsox/lsm6dsox_reg.c:2692:9:lsm6dsox_xl_lp2_on_6d_get	16	static
C:/MyFolder/01_GitRepoProject/01_Release Candidate/02_GitHub/STM32CubeFunctionPack_ALLMEMS1_V4.2.0/Drivers/BSP/Components/lsm6dsox/lsm6dsox_reg.c:2710:9:lsm6dsox_xl_hp_path_on_out_set	24	static
C:/MyFolder/01_GitRepoProject/01_Release Candidate/02_GitHub/STM32CubeFunctionPack_ALLMEMS1_V4.2.0/Drivers/BSP/Components/lsm6dsox/lsm6dsox_reg.c:2736:9:lsm6dsox_xl_hp_path_on_out_get	16	static
C:/MyFolder/01_GitRepoProject/01_Release Candidate/02_GitHub/STM32CubeFunctionPack_ALLMEMS1_V4.2.0/Drivers/BSP/Components/lsm6dsox/lsm6dsox_reg.c:2855:9:lsm6dsox_xl_fast_settling_set	24	static
C:/MyFolder/01_GitRepoProject/01_Release Candidate/02_GitHub/STM32CubeFunctionPack_ALLMEMS1_V4.2.0/Drivers/BSP/Components/lsm6dsox/lsm6dsox_reg.c:2878:9:lsm6dsox_xl_fast_settling_get	16	static
C:/MyFolder/01_GitRepoProject/01_Release Candidate/02_GitHub/STM32CubeFunctionPack_ALLMEMS1_V4.2.0/Drivers/BSP/Components/lsm6dsox/lsm6dsox_reg.c:2895:9:lsm6dsox_xl_hp_path_internal_set	24	static
C:/MyFolder/01_GitRepoProject/01_Release Candidate/02_GitHub/STM32CubeFunctionPack_ALLMEMS1_V4.2.0/Drivers/BSP/Components/lsm6dsox/lsm6dsox_reg.c:2918:9:lsm6dsox_xl_hp_path_internal_get	16	static
C:/MyFolder/01_GitRepoProject/01_Release Candidate/02_GitHub/STM32CubeFunctionPack_ALLMEMS1_V4.2.0/Drivers/BSP/Components/lsm6dsox/lsm6dsox_reg.c:2951:9:lsm6dsox_gy_hp_path_internal_set	24	static
C:/MyFolder/01_GitRepoProject/01_Release Candidate/02_GitHub/STM32CubeFunctionPack_ALLMEMS1_V4.2.0/Drivers/BSP/Components/lsm6dsox/lsm6dsox_reg.c:2976:9:lsm6dsox_gy_hp_path_internal_get	16	static
C:/MyFolder/01_GitRepoProject/01_Release Candidate/02_GitHub/STM32CubeFunctionPack_ALLMEMS1_V4.2.0/Drivers/BSP/Components/lsm6dsox/lsm6dsox_reg.c:3032:9:lsm6dsox_ois_mode_set	24	static
C:/MyFolder/01_GitRepoProject/01_Release Candidate/02_GitHub/STM32CubeFunctionPack_ALLMEMS1_V4.2.0/Drivers/BSP/Components/lsm6dsox/lsm6dsox_reg.c:3069:9:lsm6dsox_ois_mode_get	24	static
C:/MyFolder/01_GitRepoProject/01_Release Candidate/02_GitHub/STM32CubeFunctionPack_ALLMEMS1_V4.2.0/Drivers/BSP/Components/lsm6dsox/lsm6dsox_reg.c:3118:9:lsm6dsox_aux_sdo_ocs_mode_set	24	static
C:/MyFolder/01_GitRepoProject/01_Release Candidate/02_GitHub/STM32CubeFunctionPack_ALLMEMS1_V4.2.0/Drivers/BSP/Components/lsm6dsox/lsm6dsox_reg.c:3141:9:lsm6dsox_aux_sdo_ocs_mode_get	16	static
C:/MyFolder/01_GitRepoProject/01_Release Candidate/02_GitHub/STM32CubeFunctionPack_ALLMEMS1_V4.2.0/Drivers/BSP/Components/lsm6dsox/lsm6dsox_reg.c:3172:9:lsm6dsox_aux_pw_on_ctrl_set	24	static
C:/MyFolder/01_GitRepoProject/01_Release Candidate/02_GitHub/STM32CubeFunctionPack_ALLMEMS1_V4.2.0/Drivers/BSP/Components/lsm6dsox/lsm6dsox_reg.c:3195:9:lsm6dsox_aux_pw_on_ctrl_get	16	static
C:/MyFolder/01_GitRepoProject/01_Release Candidate/02_GitHub/STM32CubeFunctionPack_ALLMEMS1_V4.2.0/Drivers/BSP/Components/lsm6dsox/lsm6dsox_reg.c:3232:9:lsm6dsox_aux_xl_fs_mode_set	24	static
C:/MyFolder/01_GitRepoProject/01_Release Candidate/02_GitHub/STM32CubeFunctionPack_ALLMEMS1_V4.2.0/Drivers/BSP/Components/lsm6dsox/lsm6dsox_reg.c:3259:9:lsm6dsox_aux_xl_fs_mode_get	16	static
C:/MyFolder/01_GitRepoProject/01_Release Candidate/02_GitHub/STM32CubeFunctionPack_ALLMEMS1_V4.2.0/Drivers/BSP/Components/lsm6dsox/lsm6dsox_reg.c:3290:9:lsm6dsox_aux_status_reg_get	8	static
C:/MyFolder/01_GitRepoProject/01_Release Candidate/02_GitHub/STM32CubeFunctionPack_ALLMEMS1_V4.2.0/Drivers/BSP/Components/lsm6dsox/lsm6dsox_reg.c:3306:9:lsm6dsox_aux_xl_flag_data_ready_get	16	static
C:/MyFolder/01_GitRepoProject/01_Release Candidate/02_GitHub/STM32CubeFunctionPack_ALLMEMS1_V4.2.0/Drivers/BSP/Components/lsm6dsox/lsm6dsox_reg.c:3324:9:lsm6dsox_aux_gy_flag_data_ready_get	16	static
C:/MyFolder/01_GitRepoProject/01_Release Candidate/02_GitHub/STM32CubeFunctionPack_ALLMEMS1_V4.2.0/Drivers/BSP/Components/lsm6dsox/lsm6dsox_reg.c:3342:9:lsm6dsox_aux_gy_flag_settling_get	16	static
C:/MyFolder/01_GitRepoProject/01_Release Candidate/02_GitHub/STM32CubeFunctionPack_ALLMEMS1_V4.2.0/Drivers/BSP/Components/lsm6dsox/lsm6dsox_reg.c:3361:9:lsm6dsox_aux_den_polarity_set	24	static
C:/MyFolder/01_GitRepoProject/01_Release Candidate/02_GitHub/STM32CubeFunctionPack_ALLMEMS1_V4.2.0/Drivers/BSP/Components/lsm6dsox/lsm6dsox_reg.c:3384:9:lsm6dsox_aux_den_polarity_get	16	static
C:/MyFolder/01_GitRepoProject/01_Release Candidate/02_GitHub/STM32CubeFunctionPack_ALLMEMS1_V4.2.0/Drivers/BSP/Components/lsm6dsox/lsm6dsox_reg.c:3415:9:lsm6dsox_aux_den_mode_set	24	static
C:/MyFolder/01_GitRepoProject/01_Release Candidate/02_GitHub/STM32CubeFunctionPack_ALLMEMS1_V4.2.0/Drivers/BSP/Components/lsm6dsox/lsm6dsox_reg.c:3451:9:lsm6dsox_aux_den_mode_get	24	static
C:/MyFolder/01_GitRepoProject/01_Release Candidate/02_GitHub/STM32CubeFunctionPack_ALLMEMS1_V4.2.0/Drivers/BSP/Components/lsm6dsox/lsm6dsox_reg.c:3494:9:lsm6dsox_aux_drdy_on_int2_set	24	static
C:/MyFolder/01_GitRepoProject/01_Release Candidate/02_GitHub/STM32CubeFunctionPack_ALLMEMS1_V4.2.0/Drivers/BSP/Components/lsm6dsox/lsm6dsox_reg.c:3517:9:lsm6dsox_aux_drdy_on_int2_get	16	static
C:/MyFolder/01_GitRepoProject/01_Release Candidate/02_GitHub/STM32CubeFunctionPack_ALLMEMS1_V4.2.0/Drivers/BSP/Components/lsm6dsox/lsm6dsox_reg.c:3539:9:lsm6dsox_aux_mode_set	24	static
C:/MyFolder/01_GitRepoProject/01_Release Candidate/02_GitHub/STM32CubeFunctionPack_ALLMEMS1_V4.2.0/Drivers/BSP/Components/lsm6dsox/lsm6dsox_reg.c:3570:9:lsm6dsox_aux_mode_get	16	static
C:/MyFolder/01_GitRepoProject/01_Release Candidate/02_GitHub/STM32CubeFunctionPack_ALLMEMS1_V4.2.0/Drivers/BSP/Components/lsm6dsox/lsm6dsox_reg.c:3606:9:lsm6dsox_aux_gy_full_scale_set	24	static
C:/MyFolder/01_GitRepoProject/01_Release Candidate/02_GitHub/STM32CubeFunctionPack_ALLMEMS1_V4.2.0/Drivers/BSP/Components/lsm6dsox/lsm6dsox_reg.c:3630:9:lsm6dsox_aux_gy_full_scale_get	16	static
C:/MyFolder/01_GitRepoProject/01_Release Candidate/02_GitHub/STM32CubeFunctionPack_ALLMEMS1_V4.2.0/Drivers/BSP/Components/lsm6dsox/lsm6dsox_reg.c:3674:9:lsm6dsox_aux_spi_mode_set	24	static
C:/MyFolder/01_GitRepoProject/01_Release Candidate/02_GitHub/STM32CubeFunctionPack_ALLMEMS1_V4.2.0/Drivers/BSP/Components/lsm6dsox/lsm6dsox_reg.c:3698:9:lsm6dsox_aux_spi_mode_get	16	static
C:/MyFolder/01_GitRepoProject/01_Release Candidate/02_GitHub/STM32CubeFunctionPack_ALLMEMS1_V4.2.0/Drivers/BSP/Components/lsm6dsox/lsm6dsox_reg.c:3731:9:lsm6dsox_aux_gy_lp1_bandwidth_set	24	static
C:/MyFolder/01_GitRepoProject/01_Release Candidate/02_GitHub/STM32CubeFunctionPack_ALLMEMS1_V4.2.0/Drivers/BSP/Components/lsm6dsox/lsm6dsox_reg.c:3755:9:lsm6dsox_aux_gy_lp1_bandwidth_get	16	static
C:/MyFolder/01_GitRepoProject/01_Release Candidate/02_GitHub/STM32CubeFunctionPack_ALLMEMS1_V4.2.0/Drivers/BSP/Components/lsm6dsox/lsm6dsox_reg.c:3795:9:lsm6dsox_aux_gy_hp_bandwidth_set	24	static
C:/MyFolder/01_GitRepoProject/01_Release Candidate/02_GitHub/STM32CubeFunctionPack_ALLMEMS1_V4.2.0/Drivers/BSP/Components/lsm6dsox/lsm6dsox_reg.c:3820:9:lsm6dsox_aux_gy_hp_bandwidth_get	16	static
C:/MyFolder/01_GitRepoProject/01_Release Candidate/02_GitHub/STM32CubeFunctionPack_ALLMEMS1_V4.2.0/Drivers/BSP/Components/lsm6dsox/lsm6dsox_reg.c:3869:9:lsm6dsox_aux_gy_clamp_set	24	static
C:/MyFolder/01_GitRepoProject/01_Release Candidate/02_GitHub/STM32CubeFunctionPack_ALLMEMS1_V4.2.0/Drivers/BSP/Components/lsm6dsox/lsm6dsox_reg.c:3898:9:lsm6dsox_aux_gy_clamp_get	16	static
C:/MyFolder/01_GitRepoProject/01_Release Candidate/02_GitHub/STM32CubeFunctionPack_ALLMEMS1_V4.2.0/Drivers/BSP/Components/lsm6dsox/lsm6dsox_reg.c:3931:9:lsm6dsox_aux_xl_bandwidth_set	24	static
C:/MyFolder/01_GitRepoProject/01_Release Candidate/02_GitHub/STM32CubeFunctionPack_ALLMEMS1_V4.2.0/Drivers/BSP/Components/lsm6dsox/lsm6dsox_reg.c:3956:9:lsm6dsox_aux_xl_bandwidth_get	16	static
C:/MyFolder/01_GitRepoProject/01_Release Candidate/02_GitHub/STM32CubeFunctionPack_ALLMEMS1_V4.2.0/Drivers/BSP/Components/lsm6dsox/lsm6dsox_reg.c:4013:9:lsm6dsox_aux_xl_full_scale_set	24	static
C:/MyFolder/01_GitRepoProject/01_Release Candidate/02_GitHub/STM32CubeFunctionPack_ALLMEMS1_V4.2.0/Drivers/BSP/Components/lsm6dsox/lsm6dsox_reg.c:4037:9:lsm6dsox_aux_xl_full_scale_get	16	static
C:/MyFolder/01_GitRepoProject/01_Release Candidate/02_GitHub/STM32CubeFunctionPack_ALLMEMS1_V4.2.0/Drivers/BSP/Components/lsm6dsox/lsm6dsox_reg.c:4091:9:lsm6dsox_sdo_sa0_mode_set	24	static
C:/MyFolder/01_GitRepoProject/01_Release Candidate/02_GitHub/STM32CubeFunctionPack_ALLMEMS1_V4.2.0/Drivers/BSP/Components/lsm6dsox/lsm6dsox_reg.c:4113:9:lsm6dsox_sdo_sa0_mode_get	16	static
C:/MyFolder/01_GitRepoProject/01_Release Candidate/02_GitHub/STM32CubeFunctionPack_ALLMEMS1_V4.2.0/Drivers/BSP/Components/lsm6dsox/lsm6dsox_reg.c:4144:9:lsm6dsox_spi_mode_set	24	static
C:/MyFolder/01_GitRepoProject/01_Release Candidate/02_GitHub/STM32CubeFunctionPack_ALLMEMS1_V4.2.0/Drivers/BSP/Components/lsm6dsox/lsm6dsox_reg.c:4165:9:lsm6dsox_spi_mode_get	16	static
C:/MyFolder/01_GitRepoProject/01_Release Candidate/02_GitHub/STM32CubeFunctionPack_ALLMEMS1_V4.2.0/Drivers/BSP/Components/lsm6dsox/lsm6dsox_reg.c:4196:9:lsm6dsox_i2c_interface_set	24	static
C:/MyFolder/01_GitRepoProject/01_Release Candidate/02_GitHub/STM32CubeFunctionPack_ALLMEMS1_V4.2.0/Drivers/BSP/Components/lsm6dsox/lsm6dsox_reg.c:4219:9:lsm6dsox_i2c_interface_get	16	static
C:/MyFolder/01_GitRepoProject/01_Release Candidate/02_GitHub/STM32CubeFunctionPack_ALLMEMS1_V4.2.0/Drivers/BSP/Components/lsm6dsox/lsm6dsox_reg.c:4251:9:lsm6dsox_i3c_disable_set	24	static
C:/MyFolder/01_GitRepoProject/01_Release Candidate/02_GitHub/STM32CubeFunctionPack_ALLMEMS1_V4.2.0/Drivers/BSP/Components/lsm6dsox/lsm6dsox_reg.c:4288:9:lsm6dsox_i3c_disable_get	24	static
C:/MyFolder/01_GitRepoProject/01_Release Candidate/02_GitHub/STM32CubeFunctionPack_ALLMEMS1_V4.2.0/Drivers/BSP/Components/lsm6dsox/lsm6dsox_reg.c:4350:9:lsm6dsox_pin_mode_set	24	static
C:/MyFolder/01_GitRepoProject/01_Release Candidate/02_GitHub/STM32CubeFunctionPack_ALLMEMS1_V4.2.0/Drivers/BSP/Components/lsm6dsox/lsm6dsox_reg.c:4385:9:lsm6dsox_pin_mode_get	24	static
C:/MyFolder/01_GitRepoProject/01_Release Candidate/02_GitHub/STM32CubeFunctionPack_ALLMEMS1_V4.2.0/Drivers/BSP/Components/lsm6dsox/lsm6dsox_reg.c:4431:9:lsm6dsox_pin_polarity_set	24	static
C:/MyFolder/01_GitRepoProject/01_Release Candidate/02_GitHub/STM32CubeFunctionPack_ALLMEMS1_V4.2.0/Drivers/BSP/Components/lsm6dsox/lsm6dsox_reg.c:4453:9:lsm6dsox_pin_polarity_get	16	static
C:/MyFolder/01_GitRepoProject/01_Release Candidate/02_GitHub/STM32CubeFunctionPack_ALLMEMS1_V4.2.0/Drivers/BSP/Components/lsm6dsox/lsm6dsox_reg.c:4484:9:lsm6dsox_all_on_int1_set	24	static
C:/MyFolder/01_GitRepoProject/01_Release Candidate/02_GitHub/STM32CubeFunctionPack_ALLMEMS1_V4.2.0/Drivers/BSP/Components/lsm6dsox/lsm6dsox_reg.c:4505:9:lsm6dsox_all_on_int1_get	16	static
C:/MyFolder/01_GitRepoProject/01_Release Candidate/02_GitHub/STM32CubeFunctionPack_ALLMEMS1_V4.2.0/Drivers/BSP/Components/lsm6dsox/lsm6dsox_reg.c:4521:9:lsm6dsox_int_notification_set	24	static
C:/MyFolder/01_GitRepoProject/01_Release Candidate/02_GitHub/STM32CubeFunctionPack_ALLMEMS1_V4.2.0/Drivers/BSP/Components/lsm6dsox/lsm6dsox_reg.c:4566:9:lsm6dsox_int_notification_get	24	static
C:/MyFolder/01_GitRepoProject/01_Release Candidate/02_GitHub/STM32CubeFunctionPack_ALLMEMS1_V4.2.0/Drivers/BSP/Components/lsm6dsox/lsm6dsox_reg.c:4649:9:lsm6dsox_wkup_ths_weight_set	24	static
C:/MyFolder/01_GitRepoProject/01_Release Candidate/02_GitHub/STM32CubeFunctionPack_ALLMEMS1_V4.2.0/Drivers/BSP/Components/lsm6dsox/lsm6dsox_reg.c:4676:9:lsm6dsox_wkup_ths_weight_get	16	static
C:/MyFolder/01_GitRepoProject/01_Release Candidate/02_GitHub/STM32CubeFunctionPack_ALLMEMS1_V4.2.0/Drivers/BSP/Components/lsm6dsox/lsm6dsox_reg.c:4709:9:lsm6dsox_wkup_threshold_set	24	static
C:/MyFolder/01_GitRepoProject/01_Release Candidate/02_GitHub/STM32CubeFunctionPack_ALLMEMS1_V4.2.0/Drivers/BSP/Components/lsm6dsox/lsm6dsox_reg.c:4733:9:lsm6dsox_wkup_threshold_get	16	static
C:/MyFolder/01_GitRepoProject/01_Release Candidate/02_GitHub/STM32CubeFunctionPack_ALLMEMS1_V4.2.0/Drivers/BSP/Components/lsm6dsox/lsm6dsox_reg.c:4751:9:lsm6dsox_xl_usr_offset_on_wkup_set	24	static
C:/MyFolder/01_GitRepoProject/01_Release Candidate/02_GitHub/STM32CubeFunctionPack_ALLMEMS1_V4.2.0/Drivers/BSP/Components/lsm6dsox/lsm6dsox_reg.c:4776:9:lsm6dsox_xl_usr_offset_on_wkup_get	16	static
C:/MyFolder/01_GitRepoProject/01_Release Candidate/02_GitHub/STM32CubeFunctionPack_ALLMEMS1_V4.2.0/Drivers/BSP/Components/lsm6dsox/lsm6dsox_reg.c:4795:9:lsm6dsox_wkup_dur_set	24	static
C:/MyFolder/01_GitRepoProject/01_Release Candidate/02_GitHub/STM32CubeFunctionPack_ALLMEMS1_V4.2.0/Drivers/BSP/Components/lsm6dsox/lsm6dsox_reg.c:4819:9:lsm6dsox_wkup_dur_get	16	static
C:/MyFolder/01_GitRepoProject/01_Release Candidate/02_GitHub/STM32CubeFunctionPack_ALLMEMS1_V4.2.0/Drivers/BSP/Components/lsm6dsox/lsm6dsox_reg.c:4849:9:lsm6dsox_gy_sleep_mode_set	24	static
C:/MyFolder/01_GitRepoProject/01_Release Candidate/02_GitHub/STM32CubeFunctionPack_ALLMEMS1_V4.2.0/Drivers/BSP/Components/lsm6dsox/lsm6dsox_reg.c:4870:9:lsm6dsox_gy_sleep_mode_get	16	static
C:/MyFolder/01_GitRepoProject/01_Release Candidate/02_GitHub/STM32CubeFunctionPack_ALLMEMS1_V4.2.0/Drivers/BSP/Components/lsm6dsox/lsm6dsox_reg.c:4889:9:lsm6dsox_act_pin_notification_set	24	static
C:/MyFolder/01_GitRepoProject/01_Release Candidate/02_GitHub/STM32CubeFunctionPack_ALLMEMS1_V4.2.0/Drivers/BSP/Components/lsm6dsox/lsm6dsox_reg.c:4914:9:lsm6dsox_act_pin_notification_get	16	static
C:/MyFolder/01_GitRepoProject/01_Release Candidate/02_GitHub/STM32CubeFunctionPack_ALLMEMS1_V4.2.0/Drivers/BSP/Components/lsm6dsox/lsm6dsox_reg.c:4945:9:lsm6dsox_act_mode_set	24	static
C:/MyFolder/01_GitRepoProject/01_Release Candidate/02_GitHub/STM32CubeFunctionPack_ALLMEMS1_V4.2.0/Drivers/BSP/Components/lsm6dsox/lsm6dsox_reg.c:4967:9:lsm6dsox_act_mode_get	16	static
C:/MyFolder/01_GitRepoProject/01_Release Candidate/02_GitHub/STM32CubeFunctionPack_ALLMEMS1_V4.2.0/Drivers/BSP/Components/lsm6dsox/lsm6dsox_reg.c:5007:9:lsm6dsox_act_sleep_dur_set	24	static
C:/MyFolder/01_GitRepoProject/01_Release Candidate/02_GitHub/STM32CubeFunctionPack_ALLMEMS1_V4.2.0/Drivers/BSP/Components/lsm6dsox/lsm6dsox_reg.c:5031:9:lsm6dsox_act_sleep_dur_get	16	static
C:/MyFolder/01_GitRepoProject/01_Release Candidate/02_GitHub/STM32CubeFunctionPack_ALLMEMS1_V4.2.0/Drivers/BSP/Components/lsm6dsox/lsm6dsox_reg.c:5061:9:lsm6dsox_tap_detection_on_z_set	24	static
C:/MyFolder/01_GitRepoProject/01_Release Candidate/02_GitHub/STM32CubeFunctionPack_ALLMEMS1_V4.2.0/Drivers/BSP/Components/lsm6dsox/lsm6dsox_reg.c:5083:9:lsm6dsox_tap_detection_on_z_get	16	static
C:/MyFolder/01_GitRepoProject/01_Release Candidate/02_GitHub/STM32CubeFunctionPack_ALLMEMS1_V4.2.0/Drivers/BSP/Components/lsm6dsox/lsm6dsox_reg.c:5100:9:lsm6dsox_tap_detection_on_y_set	24	static
C:/MyFolder/01_GitRepoProject/01_Release Candidate/02_GitHub/STM32CubeFunctionPack_ALLMEMS1_V4.2.0/Drivers/BSP/Components/lsm6dsox/lsm6dsox_reg.c:5122:9:lsm6dsox_tap_detection_on_y_get	16	static
C:/MyFolder/01_GitRepoProject/01_Release Candidate/02_GitHub/STM32CubeFunctionPack_ALLMEMS1_V4.2.0/Drivers/BSP/Components/lsm6dsox/lsm6dsox_reg.c:5139:9:lsm6dsox_tap_detection_on_x_set	24	static
C:/MyFolder/01_GitRepoProject/01_Release Candidate/02_GitHub/STM32CubeFunctionPack_ALLMEMS1_V4.2.0/Drivers/BSP/Components/lsm6dsox/lsm6dsox_reg.c:5161:9:lsm6dsox_tap_detection_on_x_get	16	static
C:/MyFolder/01_GitRepoProject/01_Release Candidate/02_GitHub/STM32CubeFunctionPack_ALLMEMS1_V4.2.0/Drivers/BSP/Components/lsm6dsox/lsm6dsox_reg.c:5178:9:lsm6dsox_tap_threshold_x_set	24	static
C:/MyFolder/01_GitRepoProject/01_Release Candidate/02_GitHub/STM32CubeFunctionPack_ALLMEMS1_V4.2.0/Drivers/BSP/Components/lsm6dsox/lsm6dsox_reg.c:5199:9:lsm6dsox_tap_threshold_x_get	16	static
C:/MyFolder/01_GitRepoProject/01_Release Candidate/02_GitHub/STM32CubeFunctionPack_ALLMEMS1_V4.2.0/Drivers/BSP/Components/lsm6dsox/lsm6dsox_reg.c:5216:9:lsm6dsox_tap_axis_priority_set	24	static
C:/MyFolder/01_GitRepoProject/01_Release Candidate/02_GitHub/STM32CubeFunctionPack_ALLMEMS1_V4.2.0/Drivers/BSP/Components/lsm6dsox/lsm6dsox_reg.c:5239:9:lsm6dsox_tap_axis_priority_get	16	static
C:/MyFolder/01_GitRepoProject/01_Release Candidate/02_GitHub/STM32CubeFunctionPack_ALLMEMS1_V4.2.0/Drivers/BSP/Components/lsm6dsox/lsm6dsox_reg.c:5286:9:lsm6dsox_tap_threshold_y_set	24	static
C:/MyFolder/01_GitRepoProject/01_Release Candidate/02_GitHub/STM32CubeFunctionPack_ALLMEMS1_V4.2.0/Drivers/BSP/Components/lsm6dsox/lsm6dsox_reg.c:5307:9:lsm6dsox_tap_threshold_y_get	16	static
C:/MyFolder/01_GitRepoProject/01_Release Candidate/02_GitHub/STM32CubeFunctionPack_ALLMEMS1_V4.2.0/Drivers/BSP/Components/lsm6dsox/lsm6dsox_reg.c:5323:9:lsm6dsox_tap_threshold_z_set	24	static
C:/MyFolder/01_GitRepoProject/01_Release Candidate/02_GitHub/STM32CubeFunctionPack_ALLMEMS1_V4.2.0/Drivers/BSP/Components/lsm6dsox/lsm6dsox_reg.c:5345:9:lsm6dsox_tap_threshold_z_get	16	static
C:/MyFolder/01_GitRepoProject/01_Release Candidate/02_GitHub/STM32CubeFunctionPack_ALLMEMS1_V4.2.0/Drivers/BSP/Components/lsm6dsox/lsm6dsox_reg.c:5366:9:lsm6dsox_tap_shock_set	24	static
C:/MyFolder/01_GitRepoProject/01_Release Candidate/02_GitHub/STM32CubeFunctionPack_ALLMEMS1_V4.2.0/Drivers/BSP/Components/lsm6dsox/lsm6dsox_reg.c:5392:9:lsm6dsox_tap_shock_get	16	static
C:/MyFolder/01_GitRepoProject/01_Release Candidate/02_GitHub/STM32CubeFunctionPack_ALLMEMS1_V4.2.0/Drivers/BSP/Components/lsm6dsox/lsm6dsox_reg.c:5414:9:lsm6dsox_tap_quiet_set	24	static
C:/MyFolder/01_GitRepoProject/01_Release Candidate/02_GitHub/STM32CubeFunctionPack_ALLMEMS1_V4.2.0/Drivers/BSP/Components/lsm6dsox/lsm6dsox_reg.c:5441:9:lsm6dsox_tap_quiet_get	16	static
C:/MyFolder/01_GitRepoProject/01_Release Candidate/02_GitHub/STM32CubeFunctionPack_ALLMEMS1_V4.2.0/Drivers/BSP/Components/lsm6dsox/lsm6dsox_reg.c:5464:9:lsm6dsox_tap_dur_set	24	static
C:/MyFolder/01_GitRepoProject/01_Release Candidate/02_GitHub/STM32CubeFunctionPack_ALLMEMS1_V4.2.0/Drivers/BSP/Components/lsm6dsox/lsm6dsox_reg.c:5492:9:lsm6dsox_tap_dur_get	16	static
C:/MyFolder/01_GitRepoProject/01_Release Candidate/02_GitHub/STM32CubeFunctionPack_ALLMEMS1_V4.2.0/Drivers/BSP/Components/lsm6dsox/lsm6dsox_reg.c:5508:9:lsm6dsox_tap_mode_set	24	static
C:/MyFolder/01_GitRepoProject/01_Release Candidate/02_GitHub/STM32CubeFunctionPack_ALLMEMS1_V4.2.0/Drivers/BSP/Components/lsm6dsox/lsm6dsox_reg.c:5532:9:lsm6dsox_tap_mode_get	16	static
C:/MyFolder/01_GitRepoProject/01_Release Candidate/02_GitHub/STM32CubeFunctionPack_ALLMEMS1_V4.2.0/Drivers/BSP/Components/lsm6dsox/lsm6dsox_reg.c:5577:9:lsm6dsox_6d_threshold_set	24	static
C:/MyFolder/01_GitRepoProject/01_Release Candidate/02_GitHub/STM32CubeFunctionPack_ALLMEMS1_V4.2.0/Drivers/BSP/Components/lsm6dsox/lsm6dsox_reg.c:5600:9:lsm6dsox_6d_threshold_get	16	static
C:/MyFolder/01_GitRepoProject/01_Release Candidate/02_GitHub/STM32CubeFunctionPack_ALLMEMS1_V4.2.0/Drivers/BSP/Components/lsm6dsox/lsm6dsox_reg.c:5639:9:lsm6dsox_4d_mode_set	24	static
C:/MyFolder/01_GitRepoProject/01_Release Candidate/02_GitHub/STM32CubeFunctionPack_ALLMEMS1_V4.2.0/Drivers/BSP/Components/lsm6dsox/lsm6dsox_reg.c:5661:9:lsm6dsox_4d_mode_get	16	static
C:/MyFolder/01_GitRepoProject/01_Release Candidate/02_GitHub/STM32CubeFunctionPack_ALLMEMS1_V4.2.0/Drivers/BSP/Components/lsm6dsox/lsm6dsox_reg.c:5689:9:lsm6dsox_ff_threshold_set	24	static
C:/MyFolder/01_GitRepoProject/01_Release Candidate/02_GitHub/STM32CubeFunctionPack_ALLMEMS1_V4.2.0/Drivers/BSP/Components/lsm6dsox/lsm6dsox_reg.c:5711:9:lsm6dsox_ff_threshold_get	16	static
C:/MyFolder/01_GitRepoProject/01_Release Candidate/02_GitHub/STM32CubeFunctionPack_ALLMEMS1_V4.2.0/Drivers/BSP/Components/lsm6dsox/lsm6dsox_reg.c:5767:9:lsm6dsox_ff_dur_set	24	static
C:/MyFolder/01_GitRepoProject/01_Release Candidate/02_GitHub/STM32CubeFunctionPack_ALLMEMS1_V4.2.0/Drivers/BSP/Components/lsm6dsox/lsm6dsox_reg.c:5803:9:lsm6dsox_ff_dur_get	24	static
C:/MyFolder/01_GitRepoProject/01_Release Candidate/02_GitHub/STM32CubeFunctionPack_ALLMEMS1_V4.2.0/Drivers/BSP/Components/lsm6dsox/lsm6dsox_reg.c:5839:9:lsm6dsox_fifo_watermark_set	24	static
C:/MyFolder/01_GitRepoProject/01_Release Candidate/02_GitHub/STM32CubeFunctionPack_ALLMEMS1_V4.2.0/Drivers/BSP/Components/lsm6dsox/lsm6dsox_reg.c:5869:9:lsm6dsox_fifo_watermark_get	24	static
C:/MyFolder/01_GitRepoProject/01_Release Candidate/02_GitHub/STM32CubeFunctionPack_ALLMEMS1_V4.2.0/Drivers/BSP/Components/lsm6dsox/lsm6dsox_reg.c:5894:9:lsm6dsox_compression_algo_init_set	24	static
C:/MyFolder/01_GitRepoProject/01_Release Candidate/02_GitHub/STM32CubeFunctionPack_ALLMEMS1_V4.2.0/Drivers/BSP/Components/lsm6dsox/lsm6dsox_reg.c:5927:9:lsm6dsox_compression_algo_init_get	24	static
C:/MyFolder/01_GitRepoProject/01_Release Candidate/02_GitHub/STM32CubeFunctionPack_ALLMEMS1_V4.2.0/Drivers/BSP/Components/lsm6dsox/lsm6dsox_reg.c:5955:9:lsm6dsox_compression_algo_set	24	static
C:/MyFolder/01_GitRepoProject/01_Release Candidate/02_GitHub/STM32CubeFunctionPack_ALLMEMS1_V4.2.0/Drivers/BSP/Components/lsm6dsox/lsm6dsox_reg.c:5981:9:lsm6dsox_compression_algo_get	16	static
C:/MyFolder/01_GitRepoProject/01_Release Candidate/02_GitHub/STM32CubeFunctionPack_ALLMEMS1_V4.2.0/Drivers/BSP/Components/lsm6dsox/lsm6dsox_reg.c:6024:9:lsm6dsox_fifo_virtual_sens_odr_chg_set	24	static
C:/MyFolder/01_GitRepoProject/01_Release Candidate/02_GitHub/STM32CubeFunctionPack_ALLMEMS1_V4.2.0/Drivers/BSP/Components/lsm6dsox/lsm6dsox_reg.c:6047:9:lsm6dsox_fifo_virtual_sens_odr_chg_get	16	static
C:/MyFolder/01_GitRepoProject/01_Release Candidate/02_GitHub/STM32CubeFunctionPack_ALLMEMS1_V4.2.0/Drivers/BSP/Components/lsm6dsox/lsm6dsox_reg.c:6065:9:lsm6dsox_compression_algo_real_time_set	24	static
C:/MyFolder/01_GitRepoProject/01_Release Candidate/02_GitHub/STM32CubeFunctionPack_ALLMEMS1_V4.2.0/Drivers/BSP/Components/lsm6dsox/lsm6dsox_reg.c:6088:9:lsm6dsox_compression_algo_real_time_get	16	static
C:/MyFolder/01_GitRepoProject/01_Release Candidate/02_GitHub/STM32CubeFunctionPack_ALLMEMS1_V4.2.0/Drivers/BSP/Components/lsm6dsox/lsm6dsox_reg.c:6106:9:lsm6dsox_fifo_stop_on_wtm_set	24	static
C:/MyFolder/01_GitRepoProject/01_Release Candidate/02_GitHub/STM32CubeFunctionPack_ALLMEMS1_V4.2.0/Drivers/BSP/Components/lsm6dsox/lsm6dsox_reg.c:6129:9:lsm6dsox_fifo_stop_on_wtm_get	16	static
C:/MyFolder/01_GitRepoProject/01_Release Candidate/02_GitHub/STM32CubeFunctionPack_ALLMEMS1_V4.2.0/Drivers/BSP/Components/lsm6dsox/lsm6dsox_reg.c:6146:9:lsm6dsox_fifo_xl_batch_set	24	static
C:/MyFolder/01_GitRepoProject/01_Release Candidate/02_GitHub/STM32CubeFunctionPack_ALLMEMS1_V4.2.0/Drivers/BSP/Components/lsm6dsox/lsm6dsox_reg.c:6170:9:lsm6dsox_fifo_xl_batch_get	16	static
C:/MyFolder/01_GitRepoProject/01_Release Candidate/02_GitHub/STM32CubeFunctionPack_ALLMEMS1_V4.2.0/Drivers/BSP/Components/lsm6dsox/lsm6dsox_reg.c:6242:9:lsm6dsox_fifo_gy_batch_set	24	static
C:/MyFolder/01_GitRepoProject/01_Release Candidate/02_GitHub/STM32CubeFunctionPack_ALLMEMS1_V4.2.0/Drivers/BSP/Components/lsm6dsox/lsm6dsox_reg.c:6266:9:lsm6dsox_fifo_gy_batch_get	16	static
C:/MyFolder/01_GitRepoProject/01_Release Candidate/02_GitHub/STM32CubeFunctionPack_ALLMEMS1_V4.2.0/Drivers/BSP/Components/lsm6dsox/lsm6dsox_reg.c:6337:9:lsm6dsox_fifo_mode_set	24	static
C:/MyFolder/01_GitRepoProject/01_Release Candidate/02_GitHub/STM32CubeFunctionPack_ALLMEMS1_V4.2.0/Drivers/BSP/Components/lsm6dsox/lsm6dsox_reg.c:6360:9:lsm6dsox_fifo_mode_get	16	static
C:/MyFolder/01_GitRepoProject/01_Release Candidate/02_GitHub/STM32CubeFunctionPack_ALLMEMS1_V4.2.0/Drivers/BSP/Components/lsm6dsox/lsm6dsox_reg.c:6408:9:lsm6dsox_fifo_temp_batch_set	24	static
C:/MyFolder/01_GitRepoProject/01_Release Candidate/02_GitHub/STM32CubeFunctionPack_ALLMEMS1_V4.2.0/Drivers/BSP/Components/lsm6dsox/lsm6dsox_reg.c:6432:9:lsm6dsox_fifo_temp_batch_get	16	static
C:/MyFolder/01_GitRepoProject/01_Release Candidate/02_GitHub/STM32CubeFunctionPack_ALLMEMS1_V4.2.0/Drivers/BSP/Components/lsm6dsox/lsm6dsox_reg.c:6473:9:lsm6dsox_fifo_timestamp_decimation_set	24	static
C:/MyFolder/01_GitRepoProject/01_Release Candidate/02_GitHub/STM32CubeFunctionPack_ALLMEMS1_V4.2.0/Drivers/BSP/Components/lsm6dsox/lsm6dsox_reg.c:6498:9:lsm6dsox_fifo_timestamp_decimation_get	16	static
C:/MyFolder/01_GitRepoProject/01_Release Candidate/02_GitHub/STM32CubeFunctionPack_ALLMEMS1_V4.2.0/Drivers/BSP/Components/lsm6dsox/lsm6dsox_reg.c:6539:9:lsm6dsox_fifo_cnt_event_batch_set	24	static
C:/MyFolder/01_GitRepoProject/01_Release Candidate/02_GitHub/STM32CubeFunctionPack_ALLMEMS1_V4.2.0/Drivers/BSP/Components/lsm6dsox/lsm6dsox_reg.c:6565:9:lsm6dsox_fifo_cnt_event_batch_get	16	static
C:/MyFolder/01_GitRepoProject/01_Release Candidate/02_GitHub/STM32CubeFunctionPack_ALLMEMS1_V4.2.0/Drivers/BSP/Components/lsm6dsox/lsm6dsox_reg.c:6599:9:lsm6dsox_rst_batch_counter_set	24	static
C:/MyFolder/01_GitRepoProject/01_Release Candidate/02_GitHub/STM32CubeFunctionPack_ALLMEMS1_V4.2.0/Drivers/BSP/Components/lsm6dsox/lsm6dsox_reg.c:6624:9:lsm6dsox_rst_batch_counter_get	16	static
C:/MyFolder/01_GitRepoProject/01_Release Candidate/02_GitHub/STM32CubeFunctionPack_ALLMEMS1_V4.2.0/Drivers/BSP/Components/lsm6dsox/lsm6dsox_reg.c:6643:9:lsm6dsox_batch_counter_threshold_set	24	static
C:/MyFolder/01_GitRepoProject/01_Release Candidate/02_GitHub/STM32CubeFunctionPack_ALLMEMS1_V4.2.0/Drivers/BSP/Components/lsm6dsox/lsm6dsox_reg.c:6675:9:lsm6dsox_batch_counter_threshold_get	24	static
C:/MyFolder/01_GitRepoProject/01_Release Candidate/02_GitHub/STM32CubeFunctionPack_ALLMEMS1_V4.2.0/Drivers/BSP/Components/lsm6dsox/lsm6dsox_reg.c:6701:9:lsm6dsox_fifo_data_level_get	24	static
C:/MyFolder/01_GitRepoProject/01_Release Candidate/02_GitHub/STM32CubeFunctionPack_ALLMEMS1_V4.2.0/Drivers/BSP/Components/lsm6dsox/lsm6dsox_reg.c:6726:9:lsm6dsox_fifo_status_get	8	static
C:/MyFolder/01_GitRepoProject/01_Release Candidate/02_GitHub/STM32CubeFunctionPack_ALLMEMS1_V4.2.0/Drivers/BSP/Components/lsm6dsox/lsm6dsox_reg.c:6742:9:lsm6dsox_fifo_full_flag_get	16	static
C:/MyFolder/01_GitRepoProject/01_Release Candidate/02_GitHub/STM32CubeFunctionPack_ALLMEMS1_V4.2.0/Drivers/BSP/Components/lsm6dsox/lsm6dsox_reg.c:6760:9:lsm6dsox_fifo_ovr_flag_get	16	static
C:/MyFolder/01_GitRepoProject/01_Release Candidate/02_GitHub/STM32CubeFunctionPack_ALLMEMS1_V4.2.0/Drivers/BSP/Components/lsm6dsox/lsm6dsox_reg.c:6777:9:lsm6dsox_fifo_wtm_flag_get	16	static
C:/MyFolder/01_GitRepoProject/01_Release Candidate/02_GitHub/STM32CubeFunctionPack_ALLMEMS1_V4.2.0/Drivers/BSP/Components/lsm6dsox/lsm6dsox_reg.c:6794:9:lsm6dsox_fifo_sensor_tag_get	16	static
C:/MyFolder/01_GitRepoProject/01_Release Candidate/02_GitHub/STM32CubeFunctionPack_ALLMEMS1_V4.2.0/Drivers/BSP/Components/lsm6dsox/lsm6dsox_reg.c:6908:9:lsm6dsox_fifo_pedo_batch_set	24	static
C:/MyFolder/01_GitRepoProject/01_Release Candidate/02_GitHub/STM32CubeFunctionPack_ALLMEMS1_V4.2.0/Drivers/BSP/Components/lsm6dsox/lsm6dsox_reg.c:6940:9:lsm6dsox_fifo_pedo_batch_get	24	static
C:/MyFolder/01_GitRepoProject/01_Release Candidate/02_GitHub/STM32CubeFunctionPack_ALLMEMS1_V4.2.0/Drivers/BSP/Components/lsm6dsox/lsm6dsox_reg.c:6967:9:lsm6dsox_sh_batch_slave_0_set	24	static
C:/MyFolder/01_GitRepoProject/01_Release Candidate/02_GitHub/STM32CubeFunctionPack_ALLMEMS1_V4.2.0/Drivers/BSP/Components/lsm6dsox/lsm6dsox_reg.c:6999:9:lsm6dsox_sh_batch_slave_0_get	24	static
C:/MyFolder/01_GitRepoProject/01_Release Candidate/02_GitHub/STM32CubeFunctionPack_ALLMEMS1_V4.2.0/Drivers/BSP/Components/lsm6dsox/lsm6dsox_reg.c:7026:9:lsm6dsox_sh_batch_slave_1_set	24	static
C:/MyFolder/01_GitRepoProject/01_Release Candidate/02_GitHub/STM32CubeFunctionPack_ALLMEMS1_V4.2.0/Drivers/BSP/Components/lsm6dsox/lsm6dsox_reg.c:7058:9:lsm6dsox_sh_batch_slave_1_get	24	static
C:/MyFolder/01_GitRepoProject/01_Release Candidate/02_GitHub/STM32CubeFunctionPack_ALLMEMS1_V4.2.0/Drivers/BSP/Components/lsm6dsox/lsm6dsox_reg.c:7085:9:lsm6dsox_sh_batch_slave_2_set	24	static
C:/MyFolder/01_GitRepoProject/01_Release Candidate/02_GitHub/STM32CubeFunctionPack_ALLMEMS1_V4.2.0/Drivers/BSP/Components/lsm6dsox/lsm6dsox_reg.c:7117:9:lsm6dsox_sh_batch_slave_2_get	24	static
C:/MyFolder/01_GitRepoProject/01_Release Candidate/02_GitHub/STM32CubeFunctionPack_ALLMEMS1_V4.2.0/Drivers/BSP/Components/lsm6dsox/lsm6dsox_reg.c:7144:9:lsm6dsox_sh_batch_slave_3_set	24	static
C:/MyFolder/01_GitRepoProject/01_Release Candidate/02_GitHub/STM32CubeFunctionPack_ALLMEMS1_V4.2.0/Drivers/BSP/Components/lsm6dsox/lsm6dsox_reg.c:7176:9:lsm6dsox_sh_batch_slave_3_get	24	static
C:/MyFolder/01_GitRepoProject/01_Release Candidate/02_GitHub/STM32CubeFunctionPack_ALLMEMS1_V4.2.0/Drivers/BSP/Components/lsm6dsox/lsm6dsox_reg.c:7215:9:lsm6dsox_den_mode_set	24	static
C:/MyFolder/01_GitRepoProject/01_Release Candidate/02_GitHub/STM32CubeFunctionPack_ALLMEMS1_V4.2.0/Drivers/BSP/Components/lsm6dsox/lsm6dsox_reg.c:7237:9:lsm6dsox_den_mode_get	16	static
C:/MyFolder/01_GitRepoProject/01_Release Candidate/02_GitHub/STM32CubeFunctionPack_ALLMEMS1_V4.2.0/Drivers/BSP/Components/lsm6dsox/lsm6dsox_reg.c:7280:9:lsm6dsox_den_polarity_set	24	static
C:/MyFolder/01_GitRepoProject/01_Release Candidate/02_GitHub/STM32CubeFunctionPack_ALLMEMS1_V4.2.0/Drivers/BSP/Components/lsm6dsox/lsm6dsox_reg.c:7302:9:lsm6dsox_den_polarity_get	16	static
C:/MyFolder/01_GitRepoProject/01_Release Candidate/02_GitHub/STM32CubeFunctionPack_ALLMEMS1_V4.2.0/Drivers/BSP/Components/lsm6dsox/lsm6dsox_reg.c:7333:9:lsm6dsox_den_enable_set	24	static
C:/MyFolder/01_GitRepoProject/01_Release Candidate/02_GitHub/STM32CubeFunctionPack_ALLMEMS1_V4.2.0/Drivers/BSP/Components/lsm6dsox/lsm6dsox_reg.c:7355:9:lsm6dsox_den_enable_get	16	static
C:/MyFolder/01_GitRepoProject/01_Release Candidate/02_GitHub/STM32CubeFunctionPack_ALLMEMS1_V4.2.0/Drivers/BSP/Components/lsm6dsox/lsm6dsox_reg.c:7390:9:lsm6dsox_den_mark_axis_x_set	24	static
C:/MyFolder/01_GitRepoProject/01_Release Candidate/02_GitHub/STM32CubeFunctionPack_ALLMEMS1_V4.2.0/Drivers/BSP/Components/lsm6dsox/lsm6dsox_reg.c:7411:9:lsm6dsox_den_mark_axis_x_get	16	static
C:/MyFolder/01_GitRepoProject/01_Release Candidate/02_GitHub/STM32CubeFunctionPack_ALLMEMS1_V4.2.0/Drivers/BSP/Components/lsm6dsox/lsm6dsox_reg.c:7427:9:lsm6dsox_den_mark_axis_y_set	24	static
C:/MyFolder/01_GitRepoProject/01_Release Candidate/02_GitHub/STM32CubeFunctionPack_ALLMEMS1_V4.2.0/Drivers/BSP/Components/lsm6dsox/lsm6dsox_reg.c:7448:9:lsm6dsox_den_mark_axis_y_get	16	static
C:/MyFolder/01_GitRepoProject/01_Release Candidate/02_GitHub/STM32CubeFunctionPack_ALLMEMS1_V4.2.0/Drivers/BSP/Components/lsm6dsox/lsm6dsox_reg.c:7464:9:lsm6dsox_den_mark_axis_z_set	24	static
C:/MyFolder/01_GitRepoProject/01_Release Candidate/02_GitHub/STM32CubeFunctionPack_ALLMEMS1_V4.2.0/Drivers/BSP/Components/lsm6dsox/lsm6dsox_reg.c:7485:9:lsm6dsox_den_mark_axis_z_get	16	static
C:/MyFolder/01_GitRepoProject/01_Release Candidate/02_GitHub/STM32CubeFunctionPack_ALLMEMS1_V4.2.0/Drivers/BSP/Components/lsm6dsox/lsm6dsox_reg.c:7513:9:lsm6dsox_pedo_sens_set	24	static
C:/MyFolder/01_GitRepoProject/01_Release Candidate/02_GitHub/STM32CubeFunctionPack_ALLMEMS1_V4.2.0/Drivers/BSP/Components/lsm6dsox/lsm6dsox_reg.c:7538:9:lsm6dsox_pedo_sens_get	16	static
C:/MyFolder/01_GitRepoProject/01_Release Candidate/02_GitHub/STM32CubeFunctionPack_ALLMEMS1_V4.2.0/Drivers/BSP/Components/lsm6dsox/lsm6dsox_reg.c:7575:9:lsm6dsox_pedo_step_detect_get	24	static
C:/MyFolder/01_GitRepoProject/01_Release Candidate/02_GitHub/STM32CubeFunctionPack_ALLMEMS1_V4.2.0/Drivers/BSP/Components/lsm6dsox/lsm6dsox_reg.c:7601:9:lsm6dsox_pedo_debounce_steps_set	8	static
C:/MyFolder/01_GitRepoProject/01_Release Candidate/02_GitHub/STM32CubeFunctionPack_ALLMEMS1_V4.2.0/Drivers/BSP/Components/lsm6dsox/lsm6dsox_reg.c:7617:9:lsm6dsox_pedo_debounce_steps_get	8	static
C:/MyFolder/01_GitRepoProject/01_Release Candidate/02_GitHub/STM32CubeFunctionPack_ALLMEMS1_V4.2.0/Drivers/BSP/Components/lsm6dsox/lsm6dsox_reg.c:7633:9:lsm6dsox_pedo_steps_period_set	16	static
C:/MyFolder/01_GitRepoProject/01_Release Candidate/02_GitHub/STM32CubeFunctionPack_ALLMEMS1_V4.2.0/Drivers/BSP/Components/lsm6dsox/lsm6dsox_reg.c:7658:9:lsm6dsox_pedo_steps_period_get	24	static
C:/MyFolder/01_GitRepoProject/01_Release Candidate/02_GitHub/STM32CubeFunctionPack_ALLMEMS1_V4.2.0/Drivers/BSP/Components/lsm6dsox/lsm6dsox_reg.c:7684:9:lsm6dsox_pedo_int_mode_set	24	static
C:/MyFolder/01_GitRepoProject/01_Release Candidate/02_GitHub/STM32CubeFunctionPack_ALLMEMS1_V4.2.0/Drivers/BSP/Components/lsm6dsox/lsm6dsox_reg.c:7709:9:lsm6dsox_pedo_int_mode_get	16	static
C:/MyFolder/01_GitRepoProject/01_Release Candidate/02_GitHub/STM32CubeFunctionPack_ALLMEMS1_V4.2.0/Drivers/BSP/Components/lsm6dsox/lsm6dsox_reg.c:7754:9:lsm6dsox_motion_flag_data_ready_get	24	static
C:/MyFolder/01_GitRepoProject/01_Release Candidate/02_GitHub/STM32CubeFunctionPack_ALLMEMS1_V4.2.0/Drivers/BSP/Components/lsm6dsox/lsm6dsox_reg.c:7794:9:lsm6dsox_tilt_flag_data_ready_get	24	static
C:/MyFolder/01_GitRepoProject/01_Release Candidate/02_GitHub/STM32CubeFunctionPack_ALLMEMS1_V4.2.0/Drivers/BSP/Components/lsm6dsox/lsm6dsox_reg.c:7835:9:lsm6dsox_sh_mag_sensitivity_set	16	static
C:/MyFolder/01_GitRepoProject/01_Release Candidate/02_GitHub/STM32CubeFunctionPack_ALLMEMS1_V4.2.0/Drivers/BSP/Components/lsm6dsox/lsm6dsox_reg.c:7861:9:lsm6dsox_sh_mag_sensitivity_get	24	static
C:/MyFolder/01_GitRepoProject/01_Release Candidate/02_GitHub/STM32CubeFunctionPack_ALLMEMS1_V4.2.0/Drivers/BSP/Components/lsm6dsox/lsm6dsox_reg.c:7887:9:lsm6dsox_mlc_mag_sensitivity_set	16	static
C:/MyFolder/01_GitRepoProject/01_Release Candidate/02_GitHub/STM32CubeFunctionPack_ALLMEMS1_V4.2.0/Drivers/BSP/Components/lsm6dsox/lsm6dsox_reg.c:7913:9:lsm6dsox_mlc_mag_sensitivity_get	24	static
C:/MyFolder/01_GitRepoProject/01_Release Candidate/02_GitHub/STM32CubeFunctionPack_ALLMEMS1_V4.2.0/Drivers/BSP/Components/lsm6dsox/lsm6dsox_reg.c:7939:9:lsm6dsox_mag_offset_set	24	static
C:/MyFolder/01_GitRepoProject/01_Release Candidate/02_GitHub/STM32CubeFunctionPack_ALLMEMS1_V4.2.0/Drivers/BSP/Components/lsm6dsox/lsm6dsox_reg.c:7994:9:lsm6dsox_mag_offset_get	24	static
C:/MyFolder/01_GitRepoProject/01_Release Candidate/02_GitHub/STM32CubeFunctionPack_ALLMEMS1_V4.2.0/Drivers/BSP/Components/lsm6dsox/lsm6dsox_reg.c:8055:9:lsm6dsox_mag_soft_iron_set	32	static
C:/MyFolder/01_GitRepoProject/01_Release Candidate/02_GitHub/STM32CubeFunctionPack_ALLMEMS1_V4.2.0/Drivers/BSP/Components/lsm6dsox/lsm6dsox_reg.c:8159:9:lsm6dsox_mag_soft_iron_get	32	static
C:/MyFolder/01_GitRepoProject/01_Release Candidate/02_GitHub/STM32CubeFunctionPack_ALLMEMS1_V4.2.0/Drivers/BSP/Components/lsm6dsox/lsm6dsox_reg.c:8259:9:lsm6dsox_mag_z_orient_set	24	static
C:/MyFolder/01_GitRepoProject/01_Release Candidate/02_GitHub/STM32CubeFunctionPack_ALLMEMS1_V4.2.0/Drivers/BSP/Components/lsm6dsox/lsm6dsox_reg.c:8286:9:lsm6dsox_mag_z_orient_get	16	static
C:/MyFolder/01_GitRepoProject/01_Release Candidate/02_GitHub/STM32CubeFunctionPack_ALLMEMS1_V4.2.0/Drivers/BSP/Components/lsm6dsox/lsm6dsox_reg.c:8337:9:lsm6dsox_mag_y_orient_set	24	static
C:/MyFolder/01_GitRepoProject/01_Release Candidate/02_GitHub/STM32CubeFunctionPack_ALLMEMS1_V4.2.0/Drivers/BSP/Components/lsm6dsox/lsm6dsox_reg.c:8364:9:lsm6dsox_mag_y_orient_get	16	static
C:/MyFolder/01_GitRepoProject/01_Release Candidate/02_GitHub/STM32CubeFunctionPack_ALLMEMS1_V4.2.0/Drivers/BSP/Components/lsm6dsox/lsm6dsox_reg.c:8415:9:lsm6dsox_mag_x_orient_set	24	static
C:/MyFolder/01_GitRepoProject/01_Release Candidate/02_GitHub/STM32CubeFunctionPack_ALLMEMS1_V4.2.0/Drivers/BSP/Components/lsm6dsox/lsm6dsox_reg.c:8442:9:lsm6dsox_mag_x_orient_get	16	static
C:/MyFolder/01_GitRepoProject/01_Release Candidate/02_GitHub/STM32CubeFunctionPack_ALLMEMS1_V4.2.0/Drivers/BSP/Components/lsm6dsox/lsm6dsox_reg.c:8504:9:lsm6dsox_long_cnt_flag_data_ready_get	24	static
C:/MyFolder/01_GitRepoProject/01_Release Candidate/02_GitHub/STM32CubeFunctionPack_ALLMEMS1_V4.2.0/Drivers/BSP/Components/lsm6dsox/lsm6dsox_reg.c:8531:9:lsm6dsox_fsm_enable_set	16	static
C:/MyFolder/01_GitRepoProject/01_Release Candidate/02_GitHub/STM32CubeFunctionPack_ALLMEMS1_V4.2.0/Drivers/BSP/Components/lsm6dsox/lsm6dsox_reg.c:8561:9:lsm6dsox_fsm_enable_get	16	static
C:/MyFolder/01_GitRepoProject/01_Release Candidate/02_GitHub/STM32CubeFunctionPack_ALLMEMS1_V4.2.0/Drivers/BSP/Components/lsm6dsox/lsm6dsox_reg.c:8587:9:lsm6dsox_long_cnt_set	16	static
C:/MyFolder/01_GitRepoProject/01_Release Candidate/02_GitHub/STM32CubeFunctionPack_ALLMEMS1_V4.2.0/Drivers/BSP/Components/lsm6dsox/lsm6dsox_reg.c:8614:9:lsm6dsox_long_cnt_get	24	static
C:/MyFolder/01_GitRepoProject/01_Release Candidate/02_GitHub/STM32CubeFunctionPack_ALLMEMS1_V4.2.0/Drivers/BSP/Components/lsm6dsox/lsm6dsox_reg.c:8641:9:lsm6dsox_long_clr_set	24	static
C:/MyFolder/01_GitRepoProject/01_Release Candidate/02_GitHub/STM32CubeFunctionPack_ALLMEMS1_V4.2.0/Drivers/BSP/Components/lsm6dsox/lsm6dsox_reg.c:8674:9:lsm6dsox_long_clr_get	24	static
C:/MyFolder/01_GitRepoProject/01_Release Candidate/02_GitHub/STM32CubeFunctionPack_ALLMEMS1_V4.2.0/Drivers/BSP/Components/lsm6dsox/lsm6dsox_reg.c:8720:9:lsm6dsox_fsm_out_get	16	static
C:/MyFolder/01_GitRepoProject/01_Release Candidate/02_GitHub/STM32CubeFunctionPack_ALLMEMS1_V4.2.0/Drivers/BSP/Components/lsm6dsox/lsm6dsox_reg.c:8744:9:lsm6dsox_fsm_data_rate_set	24	static
C:/MyFolder/01_GitRepoProject/01_Release Candidate/02_GitHub/STM32CubeFunctionPack_ALLMEMS1_V4.2.0/Drivers/BSP/Components/lsm6dsox/lsm6dsox_reg.c:8778:9:lsm6dsox_fsm_data_rate_get	24	static
C:/MyFolder/01_GitRepoProject/01_Release Candidate/02_GitHub/STM32CubeFunctionPack_ALLMEMS1_V4.2.0/Drivers/BSP/Components/lsm6dsox/lsm6dsox_reg.c:8826:9:lsm6dsox_fsm_init_set	24	static
C:/MyFolder/01_GitRepoProject/01_Release Candidate/02_GitHub/STM32CubeFunctionPack_ALLMEMS1_V4.2.0/Drivers/BSP/Components/lsm6dsox/lsm6dsox_reg.c:8857:9:lsm6dsox_fsm_init_get	24	static
C:/MyFolder/01_GitRepoProject/01_Release Candidate/02_GitHub/STM32CubeFunctionPack_ALLMEMS1_V4.2.0/Drivers/BSP/Components/lsm6dsox/lsm6dsox_reg.c:8886:9:lsm6dsox_long_cnt_int_value_set	16	static
C:/MyFolder/01_GitRepoProject/01_Release Candidate/02_GitHub/STM32CubeFunctionPack_ALLMEMS1_V4.2.0/Drivers/BSP/Components/lsm6dsox/lsm6dsox_reg.c:8915:9:lsm6dsox_long_cnt_int_value_get	24	static
C:/MyFolder/01_GitRepoProject/01_Release Candidate/02_GitHub/STM32CubeFunctionPack_ALLMEMS1_V4.2.0/Drivers/BSP/Components/lsm6dsox/lsm6dsox_reg.c:8942:9:lsm6dsox_fsm_number_of_programs_set	16	static
C:/MyFolder/01_GitRepoProject/01_Release Candidate/02_GitHub/STM32CubeFunctionPack_ALLMEMS1_V4.2.0/Drivers/BSP/Components/lsm6dsox/lsm6dsox_reg.c:8957:9:lsm6dsox_fsm_number_of_programs_get	8	static
C:/MyFolder/01_GitRepoProject/01_Release Candidate/02_GitHub/STM32CubeFunctionPack_ALLMEMS1_V4.2.0/Drivers/BSP/Components/lsm6dsox/lsm6dsox_reg.c:8973:9:lsm6dsox_fsm_start_address_set	16	static
C:/MyFolder/01_GitRepoProject/01_Release Candidate/02_GitHub/STM32CubeFunctionPack_ALLMEMS1_V4.2.0/Drivers/BSP/Components/lsm6dsox/lsm6dsox_reg.c:9000:9:lsm6dsox_fsm_start_address_get	24	static
C:/MyFolder/01_GitRepoProject/01_Release Candidate/02_GitHub/STM32CubeFunctionPack_ALLMEMS1_V4.2.0/Drivers/BSP/Components/lsm6dsox/lsm6dsox_reg.c:9038:9:lsm6dsox_mlc_status_get	8	static
C:/MyFolder/01_GitRepoProject/01_Release Candidate/02_GitHub/STM32CubeFunctionPack_ALLMEMS1_V4.2.0/Drivers/BSP/Components/lsm6dsox/lsm6dsox_reg.c:9053:9:lsm6dsox_mlc_data_rate_set	24	static
C:/MyFolder/01_GitRepoProject/01_Release Candidate/02_GitHub/STM32CubeFunctionPack_ALLMEMS1_V4.2.0/Drivers/BSP/Components/lsm6dsox/lsm6dsox_reg.c:9086:9:lsm6dsox_mlc_data_rate_get	24	static
C:/MyFolder/01_GitRepoProject/01_Release Candidate/02_GitHub/STM32CubeFunctionPack_ALLMEMS1_V4.2.0/Drivers/BSP/Components/lsm6dsox/lsm6dsox_reg.c:9147:9:lsm6dsox_sh_read_data_raw_get	16	static
C:/MyFolder/01_GitRepoProject/01_Release Candidate/02_GitHub/STM32CubeFunctionPack_ALLMEMS1_V4.2.0/Drivers/BSP/Components/lsm6dsox/lsm6dsox_reg.c:9173:9:lsm6dsox_sh_slave_connected_set	24	static
C:/MyFolder/01_GitRepoProject/01_Release Candidate/02_GitHub/STM32CubeFunctionPack_ALLMEMS1_V4.2.0/Drivers/BSP/Components/lsm6dsox/lsm6dsox_reg.c:9205:9:lsm6dsox_sh_slave_connected_get	24	static
C:/MyFolder/01_GitRepoProject/01_Release Candidate/02_GitHub/STM32CubeFunctionPack_ALLMEMS1_V4.2.0/Drivers/BSP/Components/lsm6dsox/lsm6dsox_reg.c:9253:9:lsm6dsox_sh_master_set	24	static
C:/MyFolder/01_GitRepoProject/01_Release Candidate/02_GitHub/STM32CubeFunctionPack_ALLMEMS1_V4.2.0/Drivers/BSP/Components/lsm6dsox/lsm6dsox_reg.c:9284:9:lsm6dsox_sh_master_get	24	static
C:/MyFolder/01_GitRepoProject/01_Release Candidate/02_GitHub/STM32CubeFunctionPack_ALLMEMS1_V4.2.0/Drivers/BSP/Components/lsm6dsox/lsm6dsox_reg.c:9310:9:lsm6dsox_sh_pin_mode_set	24	static
C:/MyFolder/01_GitRepoProject/01_Release Candidate/02_GitHub/STM32CubeFunctionPack_ALLMEMS1_V4.2.0/Drivers/BSP/Components/lsm6dsox/lsm6dsox_reg.c:9342:9:lsm6dsox_sh_pin_mode_get	24	static
C:/MyFolder/01_GitRepoProject/01_Release Candidate/02_GitHub/STM32CubeFunctionPack_ALLMEMS1_V4.2.0/Drivers/BSP/Components/lsm6dsox/lsm6dsox_reg.c:9383:9:lsm6dsox_sh_pass_through_set	24	static
C:/MyFolder/01_GitRepoProject/01_Release Candidate/02_GitHub/STM32CubeFunctionPack_ALLMEMS1_V4.2.0/Drivers/BSP/Components/lsm6dsox/lsm6dsox_reg.c:9415:9:lsm6dsox_sh_pass_through_get	24	static
C:/MyFolder/01_GitRepoProject/01_Release Candidate/02_GitHub/STM32CubeFunctionPack_ALLMEMS1_V4.2.0/Drivers/BSP/Components/lsm6dsox/lsm6dsox_reg.c:9441:9:lsm6dsox_sh_syncro_mode_set	24	static
C:/MyFolder/01_GitRepoProject/01_Release Candidate/02_GitHub/STM32CubeFunctionPack_ALLMEMS1_V4.2.0/Drivers/BSP/Components/lsm6dsox/lsm6dsox_reg.c:9473:9:lsm6dsox_sh_syncro_mode_get	24	static
C:/MyFolder/01_GitRepoProject/01_Release Candidate/02_GitHub/STM32CubeFunctionPack_ALLMEMS1_V4.2.0/Drivers/BSP/Components/lsm6dsox/lsm6dsox_reg.c:9514:9:lsm6dsox_sh_write_mode_set	24	static
C:/MyFolder/01_GitRepoProject/01_Release Candidate/02_GitHub/STM32CubeFunctionPack_ALLMEMS1_V4.2.0/Drivers/BSP/Components/lsm6dsox/lsm6dsox_reg.c:9547:9:lsm6dsox_sh_write_mode_get	24	static
C:/MyFolder/01_GitRepoProject/01_Release Candidate/02_GitHub/STM32CubeFunctionPack_ALLMEMS1_V4.2.0/Drivers/BSP/Components/lsm6dsox/lsm6dsox_reg.c:9586:9:lsm6dsox_sh_reset_set	16	static
C:/MyFolder/01_GitRepoProject/01_Release Candidate/02_GitHub/STM32CubeFunctionPack_ALLMEMS1_V4.2.0/Drivers/BSP/Components/lsm6dsox/lsm6dsox_reg.c:9623:9:lsm6dsox_sh_reset_get	24	static
C:/MyFolder/01_GitRepoProject/01_Release Candidate/02_GitHub/STM32CubeFunctionPack_ALLMEMS1_V4.2.0/Drivers/BSP/Components/lsm6dsox/lsm6dsox_reg.c:9649:9:lsm6dsox_sh_data_rate_set	24	static
C:/MyFolder/01_GitRepoProject/01_Release Candidate/02_GitHub/STM32CubeFunctionPack_ALLMEMS1_V4.2.0/Drivers/BSP/Components/lsm6dsox/lsm6dsox_reg.c:9681:9:lsm6dsox_sh_data_rate_get	24	static
C:/MyFolder/01_GitRepoProject/01_Release Candidate/02_GitHub/STM32CubeFunctionPack_ALLMEMS1_V4.2.0/Drivers/BSP/Components/lsm6dsox/lsm6dsox_reg.c:9732:9:lsm6dsox_sh_cfg_write	24	static
C:/MyFolder/01_GitRepoProject/01_Release Candidate/02_GitHub/STM32CubeFunctionPack_ALLMEMS1_V4.2.0/Drivers/BSP/Components/lsm6dsox/lsm6dsox_reg.c:9772:9:lsm6dsox_sh_slv0_cfg_read	24	static
C:/MyFolder/01_GitRepoProject/01_Release Candidate/02_GitHub/STM32CubeFunctionPack_ALLMEMS1_V4.2.0/Drivers/BSP/Components/lsm6dsox/lsm6dsox_reg.c:9820:9:lsm6dsox_sh_slv1_cfg_read	24	static
C:/MyFolder/01_GitRepoProject/01_Release Candidate/02_GitHub/STM32CubeFunctionPack_ALLMEMS1_V4.2.0/Drivers/BSP/Components/lsm6dsox/lsm6dsox_reg.c:9868:9:lsm6dsox_sh_slv2_cfg_read	24	static
C:/MyFolder/01_GitRepoProject/01_Release Candidate/02_GitHub/STM32CubeFunctionPack_ALLMEMS1_V4.2.0/Drivers/BSP/Components/lsm6dsox/lsm6dsox_reg.c:9916:9:lsm6dsox_sh_slv3_cfg_read	24	static
C:/MyFolder/01_GitRepoProject/01_Release Candidate/02_GitHub/STM32CubeFunctionPack_ALLMEMS1_V4.2.0/Drivers/BSP/Components/lsm6dsox/lsm6dsox_reg.c:9961:9:lsm6dsox_sh_status_get	16	static
C:/MyFolder/01_GitRepoProject/01_Release Candidate/02_GitHub/STM32CubeFunctionPack_ALLMEMS1_V4.2.0/Drivers/BSP/Components/lsm6dsox/lsm6dsox_reg.c:9999:9:lsm6dsox_s4s_tph_res_set	24	static
C:/MyFolder/01_GitRepoProject/01_Release Candidate/02_GitHub/STM32CubeFunctionPack_ALLMEMS1_V4.2.0/Drivers/BSP/Components/lsm6dsox/lsm6dsox_reg.c:10021:9:lsm6dsox_s4s_tph_res_get	16	static
C:/MyFolder/01_GitRepoProject/01_Release Candidate/02_GitHub/STM32CubeFunctionPack_ALLMEMS1_V4.2.0/Drivers/BSP/Components/lsm6dsox/lsm6dsox_reg.c:10053:9:lsm6dsox_s4s_tph_val_set	24	static
C:/MyFolder/01_GitRepoProject/01_Release Candidate/02_GitHub/STM32CubeFunctionPack_ALLMEMS1_V4.2.0/Drivers/BSP/Components/lsm6dsox/lsm6dsox_reg.c:10089:9:lsm6dsox_s4s_tph_val_get	24	static
C:/MyFolder/01_GitRepoProject/01_Release Candidate/02_GitHub/STM32CubeFunctionPack_ALLMEMS1_V4.2.0/Drivers/BSP/Components/lsm6dsox/lsm6dsox_reg.c:10116:9:lsm6dsox_s4s_res_ratio_set	24	static
C:/MyFolder/01_GitRepoProject/01_Release Candidate/02_GitHub/STM32CubeFunctionPack_ALLMEMS1_V4.2.0/Drivers/BSP/Components/lsm6dsox/lsm6dsox_reg.c:10139:9:lsm6dsox_s4s_res_ratio_get	16	static
C:/MyFolder/01_GitRepoProject/01_Release Candidate/02_GitHub/STM32CubeFunctionPack_ALLMEMS1_V4.2.0/Drivers/BSP/Components/lsm6dsox/lsm6dsox_reg.c:10178:9:lsm6dsox_s4s_command_set	24	static
C:/MyFolder/01_GitRepoProject/01_Release Candidate/02_GitHub/STM32CubeFunctionPack_ALLMEMS1_V4.2.0/Drivers/BSP/Components/lsm6dsox/lsm6dsox_reg.c:10201:9:lsm6dsox_s4s_command_get	16	static
C:/MyFolder/01_GitRepoProject/01_Release Candidate/02_GitHub/STM32CubeFunctionPack_ALLMEMS1_V4.2.0/Drivers/BSP/Components/lsm6dsox/lsm6dsox_reg.c:10218:9:lsm6dsox_s4s_dt_set	24	static
C:/MyFolder/01_GitRepoProject/01_Release Candidate/02_GitHub/STM32CubeFunctionPack_ALLMEMS1_V4.2.0/Drivers/BSP/Components/lsm6dsox/lsm6dsox_reg.c:10240:9:lsm6dsox_s4s_dt_get	16	static
C:/MyFolder/01_GitRepoProject/01_Release Candidate/02_GitHub/STM32CubeFunctionPack_ALLMEMS1_V4.2.0/Drivers/BSP/Components/lsm6dsox/lsm6dsox_reg.c:10273:9:lsm6dsox_id_get	16	static
C:/MyFolder/01_GitRepoProject/01_Release Candidate/02_GitHub/STM32CubeFunctionPack_ALLMEMS1_V4.2.0/Drivers/BSP/Components/lsm6dsox/lsm6dsox_reg.c:10303:9:lsm6dsox_init_set	32	static
C:/MyFolder/01_GitRepoProject/01_Release Candidate/02_GitHub/STM32CubeFunctionPack_ALLMEMS1_V4.2.0/Drivers/BSP/Components/lsm6dsox/lsm6dsox_reg.c:10383:9:lsm6dsox_bus_mode_set	48	static
C:/MyFolder/01_GitRepoProject/01_Release Candidate/02_GitHub/STM32CubeFunctionPack_ALLMEMS1_V4.2.0/Drivers/BSP/Components/lsm6dsox/lsm6dsox_reg.c:10476:9:lsm6dsox_bus_mode_get	40	static
C:/MyFolder/01_GitRepoProject/01_Release Candidate/02_GitHub/STM32CubeFunctionPack_ALLMEMS1_V4.2.0/Drivers/BSP/Components/lsm6dsox/lsm6dsox_reg.c:10581:9:lsm6dsox_status_get	32	static
C:/MyFolder/01_GitRepoProject/01_Release Candidate/02_GitHub/STM32CubeFunctionPack_ALLMEMS1_V4.2.0/Drivers/BSP/Components/lsm6dsox/lsm6dsox_reg.c:10636:9:lsm6dsox_pin_conf_set	32	static
C:/MyFolder/01_GitRepoProject/01_Release Candidate/02_GitHub/STM32CubeFunctionPack_ALLMEMS1_V4.2.0/Drivers/BSP/Components/lsm6dsox/lsm6dsox_reg.c:10686:9:lsm6dsox_pin_conf_get	32	static
C:/MyFolder/01_GitRepoProject/01_Release Candidate/02_GitHub/STM32CubeFunctionPack_ALLMEMS1_V4.2.0/Drivers/BSP/Components/lsm6dsox/lsm6dsox_reg.c:10723:9:lsm6dsox_interrupt_mode_set	32	static
C:/MyFolder/01_GitRepoProject/01_Release Candidate/02_GitHub/STM32CubeFunctionPack_ALLMEMS1_V4.2.0/Drivers/BSP/Components/lsm6dsox/lsm6dsox_reg.c:10780:9:lsm6dsox_interrupt_mode_get	32	static
C:/MyFolder/01_GitRepoProject/01_Release Candidate/02_GitHub/STM32CubeFunctionPack_ALLMEMS1_V4.2.0/Drivers/BSP/Components/lsm6dsox/lsm6dsox_reg.c:11057:9:lsm6dsox_pin_int1_route_get	56	static
C:/MyFolder/01_GitRepoProject/01_Release Candidate/02_GitHub/STM32CubeFunctionPack_ALLMEMS1_V4.2.0/Drivers/BSP/Components/lsm6dsox/lsm6dsox_reg.c:11186:9:lsm6dsox_pin_int2_route_set	128	static
C:/MyFolder/01_GitRepoProject/01_Release Candidate/02_GitHub/STM32CubeFunctionPack_ALLMEMS1_V4.2.0/Drivers/BSP/Components/lsm6dsox/lsm6dsox_reg.c:11410:9:lsm6dsox_pin_int2_route_get	48	static
C:/MyFolder/01_GitRepoProject/01_Release Candidate/02_GitHub/STM32CubeFunctionPack_ALLMEMS1_V4.2.0/Drivers/BSP/Components/lsm6dsox/lsm6dsox_reg.c:10827:9:lsm6dsox_pin_int1_route_set	64	static
C:/MyFolder/01_GitRepoProject/01_Release Candidate/02_GitHub/STM32CubeFunctionPack_ALLMEMS1_V4.2.0/Drivers/BSP/Components/lsm6dsox/lsm6dsox_reg.c:11547:9:lsm6dsox_all_sources_get	80	static
C:/MyFolder/01_GitRepoProject/01_Release Candidate/02_GitHub/STM32CubeFunctionPack_ALLMEMS1_V4.2.0/Drivers/BSP/Components/lsm6dsox/lsm6dsox_reg.c:11676:9:lsm6dsox_mode_set	128	static
C:/MyFolder/01_GitRepoProject/01_Release Candidate/02_GitHub/STM32CubeFunctionPack_ALLMEMS1_V4.2.0/Drivers/BSP/Components/lsm6dsox/lsm6dsox_reg.c:12182:9:lsm6dsox_mode_get	112	static
C:/MyFolder/01_GitRepoProject/01_Release Candidate/02_GitHub/STM32CubeFunctionPack_ALLMEMS1_V4.2.0/Drivers/BSP/Components/lsm6dsox/lsm6dsox_reg.c:12835:9:lsm6dsox_data_get	48	static
C:/MyFolder/01_GitRepoProject/01_Release Candidate/02_GitHub/STM32CubeFunctionPack_ALLMEMS1_V4.2.0/Drivers/BSP/Components/lsm6dsox/lsm6dsox_reg.c:13016:9:lsm6dsox_embedded_sens_set	24	static
C:/MyFolder/01_GitRepoProject/01_Release Candidate/02_GitHub/STM32CubeFunctionPack_ALLMEMS1_V4.2.0/Drivers/BSP/Components/lsm6dsox/lsm6dsox_reg.c:13065:9:lsm6dsox_embedded_sens_get	24	static
C:/MyFolder/01_GitRepoProject/01_Release Candidate/02_GitHub/STM32CubeFunctionPack_ALLMEMS1_V4.2.0/Drivers/BSP/Components/lsm6dsox/lsm6dsox_reg.c:242:9:lsm6dsox_xl_data_rate_set	40	static
C:/MyFolder/01_GitRepoProject/01_Release Candidate/02_GitHub/STM32CubeFunctionPack_ALLMEMS1_V4.2.0/Drivers/BSP/Components/lsm6dsox/lsm6dsox_reg.c:594:9:lsm6dsox_gy_data_rate_set	32	static
C:/MyFolder/01_GitRepoProject/01_Release Candidate/02_GitHub/STM32CubeFunctionPack_ALLMEMS1_V4.2.0/Drivers/BSP/Components/lsm6dsox/lsm6dsox_reg.c:13104:9:lsm6dsox_embedded_sens_off	16	static
