C:/MyFolder/01_GitRepoProject/01_Release Candidate/02_GitHub/STM32CubeFunctionPack_ALLMEMS1_V4.2.0/Drivers/BSP/Components/lsm6dsox/lsm6dsox.c:270:9:LSM6DSOX_GetCapabilities	0	static
C:/MyFolder/01_GitRepoProject/01_Release Candidate/02_GitHub/STM32CubeFunctionPack_ALLMEMS1_V4.2.0/Drivers/BSP/Components/lsm6dsox/lsm6dsox.c:3088:16:LSM6DSOX_ACC_SetOutputDataRate_When_Disabled	0	static
C:/MyFolder/01_GitRepoProject/01_Release Candidate/02_GitHub/STM32CubeFunctionPack_ALLMEMS1_V4.2.0/Drivers/BSP/Components/lsm6dsox/lsm6dsox.c:3141:16:LSM6DSOX_GYRO_SetOutputDataRate_When_Disabled	0	static
C:/MyFolder/01_GitRepoProject/01_Release Candidate/02_GitHub/STM32CubeFunctionPack_ALLMEMS1_V4.2.0/Drivers/BSP/Components/lsm6dsox/lsm6dsox.c:3163:13:LSM6DSOX_Delay	16	static
C:/MyFolder/01_GitRepoProject/01_Release Candidate/02_GitHub/STM32CubeFunctionPack_ALLMEMS1_V4.2.0/Drivers/BSP/Components/lsm6dsox/lsm6dsox.c:3489:16:ReadRegWrap	8	static
C:/MyFolder/01_GitRepoProject/01_Release Candidate/02_GitHub/STM32CubeFunctionPack_ALLMEMS1_V4.2.0/Drivers/BSP/Components/lsm6dsox/lsm6dsox.c:3504:16:WriteRegWrap	8	static
C:/MyFolder/01_GitRepoProject/01_Release Candidate/02_GitHub/STM32CubeFunctionPack_ALLMEMS1_V4.2.0/Drivers/BSP/Components/lsm6dsox/lsm6dsox.c:293:9:LSM6DSOX_ACC_Enable	8	static
C:/MyFolder/01_GitRepoProject/01_Release Candidate/02_GitHub/STM32CubeFunctionPack_ALLMEMS1_V4.2.0/Drivers/BSP/Components/lsm6dsox/lsm6dsox.c:3057:16:LSM6DSOX_ACC_SetOutputDataRate_When_Enabled	8	static
C:/MyFolder/01_GitRepoProject/01_Release Candidate/02_GitHub/STM32CubeFunctionPack_ALLMEMS1_V4.2.0/Drivers/BSP/Components/lsm6dsox/lsm6dsox.c:714:9:LSM6DSOX_ACC_SetFullScale	8	static
C:/MyFolder/01_GitRepoProject/01_Release Candidate/02_GitHub/STM32CubeFunctionPack_ALLMEMS1_V4.2.0/Drivers/BSP/Components/lsm6dsox/lsm6dsox.c:793:9:LSM6DSOX_GYRO_Enable	8	static
C:/MyFolder/01_GitRepoProject/01_Release Candidate/02_GitHub/STM32CubeFunctionPack_ALLMEMS1_V4.2.0/Drivers/BSP/Components/lsm6dsox/lsm6dsox.c:3111:16:LSM6DSOX_GYRO_SetOutputDataRate_When_Enabled	8	static
C:/MyFolder/01_GitRepoProject/01_Release Candidate/02_GitHub/STM32CubeFunctionPack_ALLMEMS1_V4.2.0/Drivers/BSP/Components/lsm6dsox/lsm6dsox.c:159:9:LSM6DSOX_Init	16	static
C:/MyFolder/01_GitRepoProject/01_Release Candidate/02_GitHub/STM32CubeFunctionPack_ALLMEMS1_V4.2.0/Drivers/BSP/Components/lsm6dsox/lsm6dsox.c:1101:9:LSM6DSOX_GYRO_SetFullScale	8	static
C:/MyFolder/01_GitRepoProject/01_Release Candidate/02_GitHub/STM32CubeFunctionPack_ALLMEMS1_V4.2.0/Drivers/BSP/Components/lsm6dsox/lsm6dsox.c:254:9:LSM6DSOX_ReadID	8	static
C:/MyFolder/01_GitRepoProject/01_Release Candidate/02_GitHub/STM32CubeFunctionPack_ALLMEMS1_V4.2.0/Drivers/BSP/Components/lsm6dsox/lsm6dsox.c:317:9:LSM6DSOX_ACC_Disable	16	static
C:/MyFolder/01_GitRepoProject/01_Release Candidate/02_GitHub/STM32CubeFunctionPack_ALLMEMS1_V4.2.0/Drivers/BSP/Components/lsm6dsox/lsm6dsox.c:392:9:LSM6DSOX_ACC_GetOutputDataRate	16	static
C:/MyFolder/01_GitRepoProject/01_Release Candidate/02_GitHub/STM32CubeFunctionPack_ALLMEMS1_V4.2.0/Drivers/BSP/Components/lsm6dsox/lsm6dsox.c:348:9:LSM6DSOX_ACC_GetSensitivity	16	static
C:/MyFolder/01_GitRepoProject/01_Release Candidate/02_GitHub/STM32CubeFunctionPack_ALLMEMS1_V4.2.0/Drivers/BSP/Components/lsm6dsox/lsm6dsox.c:671:9:LSM6DSOX_ACC_GetFullScale	16	static
C:/MyFolder/01_GitRepoProject/01_Release Candidate/02_GitHub/STM32CubeFunctionPack_ALLMEMS1_V4.2.0/Drivers/BSP/Components/lsm6dsox/lsm6dsox.c:739:9:LSM6DSOX_ACC_GetAxesRaw	16	static
C:/MyFolder/01_GitRepoProject/01_Release Candidate/02_GitHub/STM32CubeFunctionPack_ALLMEMS1_V4.2.0/Drivers/BSP/Components/lsm6dsox/lsm6dsox.c:763:9:LSM6DSOX_ACC_GetAxes	32	static
C:/MyFolder/01_GitRepoProject/01_Release Candidate/02_GitHub/STM32CubeFunctionPack_ALLMEMS1_V4.2.0/Drivers/BSP/Components/lsm6dsox/lsm6dsox.c:817:9:LSM6DSOX_GYRO_Disable	16	static
C:/MyFolder/01_GitRepoProject/01_Release Candidate/02_GitHub/STM32CubeFunctionPack_ALLMEMS1_V4.2.0/Drivers/BSP/Components/lsm6dsox/lsm6dsox.c:226:9:LSM6DSOX_DeInit	8	static
C:/MyFolder/01_GitRepoProject/01_Release Candidate/02_GitHub/STM32CubeFunctionPack_ALLMEMS1_V4.2.0/Drivers/BSP/Components/lsm6dsox/lsm6dsox.c:896:9:LSM6DSOX_GYRO_GetOutputDataRate	16	static
C:/MyFolder/01_GitRepoProject/01_Release Candidate/02_GitHub/STM32CubeFunctionPack_ALLMEMS1_V4.2.0/Drivers/BSP/Components/lsm6dsox/lsm6dsox.c:848:9:LSM6DSOX_GYRO_GetSensitivity	16	static
C:/MyFolder/01_GitRepoProject/01_Release Candidate/02_GitHub/STM32CubeFunctionPack_ALLMEMS1_V4.2.0/Drivers/BSP/Components/lsm6dsox/lsm6dsox.c:1054:9:LSM6DSOX_GYRO_GetFullScale	16	static
C:/MyFolder/01_GitRepoProject/01_Release Candidate/02_GitHub/STM32CubeFunctionPack_ALLMEMS1_V4.2.0/Drivers/BSP/Components/lsm6dsox/lsm6dsox.c:1125:9:LSM6DSOX_GYRO_GetAxesRaw	16	static
C:/MyFolder/01_GitRepoProject/01_Release Candidate/02_GitHub/STM32CubeFunctionPack_ALLMEMS1_V4.2.0/Drivers/BSP/Components/lsm6dsox/lsm6dsox.c:1149:9:LSM6DSOX_GYRO_GetAxes	32	static
C:/MyFolder/01_GitRepoProject/01_Release Candidate/02_GitHub/STM32CubeFunctionPack_ALLMEMS1_V4.2.0/Drivers/BSP/Components/lsm6dsox/lsm6dsox.c:480:9:LSM6DSOX_ACC_SetOutputDataRate_With_Mode	32	static
C:/MyFolder/01_GitRepoProject/01_Release Candidate/02_GitHub/STM32CubeFunctionPack_ALLMEMS1_V4.2.0/Drivers/BSP/Components/lsm6dsox/lsm6dsox.c:467:9:LSM6DSOX_ACC_SetOutputDataRate	8	static
C:/MyFolder/01_GitRepoProject/01_Release Candidate/02_GitHub/STM32CubeFunctionPack_ALLMEMS1_V4.2.0/Drivers/BSP/Components/lsm6dsox/lsm6dsox.c:979:9:LSM6DSOX_GYRO_SetOutputDataRate_With_Mode	32	static
C:/MyFolder/01_GitRepoProject/01_Release Candidate/02_GitHub/STM32CubeFunctionPack_ALLMEMS1_V4.2.0/Drivers/BSP/Components/lsm6dsox/lsm6dsox.c:967:9:LSM6DSOX_GYRO_SetOutputDataRate	8	static
C:/MyFolder/01_GitRepoProject/01_Release Candidate/02_GitHub/STM32CubeFunctionPack_ALLMEMS1_V4.2.0/Drivers/BSP/Components/lsm6dsox/lsm6dsox.c:1181:9:LSM6DSOX_Read_Reg	8	static
C:/MyFolder/01_GitRepoProject/01_Release Candidate/02_GitHub/STM32CubeFunctionPack_ALLMEMS1_V4.2.0/Drivers/BSP/Components/lsm6dsox/lsm6dsox.c:1198:9:LSM6DSOX_Write_Reg	16	static
C:/MyFolder/01_GitRepoProject/01_Release Candidate/02_GitHub/STM32CubeFunctionPack_ALLMEMS1_V4.2.0/Drivers/BSP/Components/lsm6dsox/lsm6dsox.c:102:9:LSM6DSOX_RegisterBusIO	8	static
C:/MyFolder/01_GitRepoProject/01_Release Candidate/02_GitHub/STM32CubeFunctionPack_ALLMEMS1_V4.2.0/Drivers/BSP/Components/lsm6dsox/lsm6dsox.c:1214:9:LSM6DSOX_Set_Interrupt_Latch	8	static
C:/MyFolder/01_GitRepoProject/01_Release Candidate/02_GitHub/STM32CubeFunctionPack_ALLMEMS1_V4.2.0/Drivers/BSP/Components/lsm6dsox/lsm6dsox.c:1235:9:LSM6DSOX_ACC_Enable_Free_Fall_Detection	32	static
C:/MyFolder/01_GitRepoProject/01_Release Candidate/02_GitHub/STM32CubeFunctionPack_ALLMEMS1_V4.2.0/Drivers/BSP/Components/lsm6dsox/lsm6dsox.c:1321:9:LSM6DSOX_ACC_Disable_Free_Fall_Detection	24	static
C:/MyFolder/01_GitRepoProject/01_Release Candidate/02_GitHub/STM32CubeFunctionPack_ALLMEMS1_V4.2.0/Drivers/BSP/Components/lsm6dsox/lsm6dsox.c:1372:9:LSM6DSOX_ACC_Set_Free_Fall_Threshold	8	static
C:/MyFolder/01_GitRepoProject/01_Release Candidate/02_GitHub/STM32CubeFunctionPack_ALLMEMS1_V4.2.0/Drivers/BSP/Components/lsm6dsox/lsm6dsox.c:1388:9:LSM6DSOX_ACC_Set_Free_Fall_Duration	8	static
C:/MyFolder/01_GitRepoProject/01_Release Candidate/02_GitHub/STM32CubeFunctionPack_ALLMEMS1_V4.2.0/Drivers/BSP/Components/lsm6dsox/lsm6dsox.c:1403:9:LSM6DSOX_ACC_Enable_Pedometer	32	static
C:/MyFolder/01_GitRepoProject/01_Release Candidate/02_GitHub/STM32CubeFunctionPack_ALLMEMS1_V4.2.0/Drivers/BSP/Components/lsm6dsox/lsm6dsox.c:1470:9:LSM6DSOX_ACC_Disable_Pedometer	24	static
C:/MyFolder/01_GitRepoProject/01_Release Candidate/02_GitHub/STM32CubeFunctionPack_ALLMEMS1_V4.2.0/Drivers/BSP/Components/lsm6dsox/lsm6dsox.c:1511:9:LSM6DSOX_ACC_Get_Step_Count	8	static
C:/MyFolder/01_GitRepoProject/01_Release Candidate/02_GitHub/STM32CubeFunctionPack_ALLMEMS1_V4.2.0/Drivers/BSP/Components/lsm6dsox/lsm6dsox.c:1526:9:LSM6DSOX_ACC_Step_Counter_Reset	8	static
C:/MyFolder/01_GitRepoProject/01_Release Candidate/02_GitHub/STM32CubeFunctionPack_ALLMEMS1_V4.2.0/Drivers/BSP/Components/lsm6dsox/lsm6dsox.c:1542:9:LSM6DSOX_ACC_Enable_Tilt_Detection	40	static
C:/MyFolder/01_GitRepoProject/01_Release Candidate/02_GitHub/STM32CubeFunctionPack_ALLMEMS1_V4.2.0/Drivers/BSP/Components/lsm6dsox/lsm6dsox.c:1629:9:LSM6DSOX_ACC_Disable_Tilt_Detection	32	static
C:/MyFolder/01_GitRepoProject/01_Release Candidate/02_GitHub/STM32CubeFunctionPack_ALLMEMS1_V4.2.0/Drivers/BSP/Components/lsm6dsox/lsm6dsox.c:1683:9:LSM6DSOX_ACC_Enable_Wake_Up_Detection	32	static
C:/MyFolder/01_GitRepoProject/01_Release Candidate/02_GitHub/STM32CubeFunctionPack_ALLMEMS1_V4.2.0/Drivers/BSP/Components/lsm6dsox/lsm6dsox.c:1757:9:LSM6DSOX_ACC_Disable_Wake_Up_Detection	24	static
C:/MyFolder/01_GitRepoProject/01_Release Candidate/02_GitHub/STM32CubeFunctionPack_ALLMEMS1_V4.2.0/Drivers/BSP/Components/lsm6dsox/lsm6dsox.c:1808:9:LSM6DSOX_ACC_Set_Wake_Up_Threshold	8	static
C:/MyFolder/01_GitRepoProject/01_Release Candidate/02_GitHub/STM32CubeFunctionPack_ALLMEMS1_V4.2.0/Drivers/BSP/Components/lsm6dsox/lsm6dsox.c:1825:9:LSM6DSOX_ACC_Set_Wake_Up_Duration	8	static
C:/MyFolder/01_GitRepoProject/01_Release Candidate/02_GitHub/STM32CubeFunctionPack_ALLMEMS1_V4.2.0/Drivers/BSP/Components/lsm6dsox/lsm6dsox.c:1842:9:LSM6DSOX_ACC_Enable_Single_Tap_Detection	32	static
C:/MyFolder/01_GitRepoProject/01_Release Candidate/02_GitHub/STM32CubeFunctionPack_ALLMEMS1_V4.2.0/Drivers/BSP/Components/lsm6dsox/lsm6dsox.c:1944:9:LSM6DSOX_ACC_Disable_Single_Tap_Detection	24	static
C:/MyFolder/01_GitRepoProject/01_Release Candidate/02_GitHub/STM32CubeFunctionPack_ALLMEMS1_V4.2.0/Drivers/BSP/Components/lsm6dsox/lsm6dsox.c:2019:9:LSM6DSOX_ACC_Enable_Double_Tap_Detection	32	static
C:/MyFolder/01_GitRepoProject/01_Release Candidate/02_GitHub/STM32CubeFunctionPack_ALLMEMS1_V4.2.0/Drivers/BSP/Components/lsm6dsox/lsm6dsox.c:2129:9:LSM6DSOX_ACC_Disable_Double_Tap_Detection	24	static
C:/MyFolder/01_GitRepoProject/01_Release Candidate/02_GitHub/STM32CubeFunctionPack_ALLMEMS1_V4.2.0/Drivers/BSP/Components/lsm6dsox/lsm6dsox.c:2216:9:LSM6DSOX_ACC_Set_Tap_Threshold	8	static
C:/MyFolder/01_GitRepoProject/01_Release Candidate/02_GitHub/STM32CubeFunctionPack_ALLMEMS1_V4.2.0/Drivers/BSP/Components/lsm6dsox/lsm6dsox.c:2233:9:LSM6DSOX_ACC_Set_Tap_Shock_Time	8	static
C:/MyFolder/01_GitRepoProject/01_Release Candidate/02_GitHub/STM32CubeFunctionPack_ALLMEMS1_V4.2.0/Drivers/BSP/Components/lsm6dsox/lsm6dsox.c:2250:9:LSM6DSOX_ACC_Set_Tap_Quiet_Time	8	static
C:/MyFolder/01_GitRepoProject/01_Release Candidate/02_GitHub/STM32CubeFunctionPack_ALLMEMS1_V4.2.0/Drivers/BSP/Components/lsm6dsox/lsm6dsox.c:2267:9:LSM6DSOX_ACC_Set_Tap_Duration_Time	8	static
C:/MyFolder/01_GitRepoProject/01_Release Candidate/02_GitHub/STM32CubeFunctionPack_ALLMEMS1_V4.2.0/Drivers/BSP/Components/lsm6dsox/lsm6dsox.c:2284:9:LSM6DSOX_ACC_Enable_6D_Orientation	32	static
C:/MyFolder/01_GitRepoProject/01_Release Candidate/02_GitHub/STM32CubeFunctionPack_ALLMEMS1_V4.2.0/Drivers/BSP/Components/lsm6dsox/lsm6dsox.c:2352:9:LSM6DSOX_ACC_Disable_6D_Orientation	24	static
C:/MyFolder/01_GitRepoProject/01_Release Candidate/02_GitHub/STM32CubeFunctionPack_ALLMEMS1_V4.2.0/Drivers/BSP/Components/lsm6dsox/lsm6dsox.c:2397:9:LSM6DSOX_ACC_Set_6D_Orientation_Threshold	8	static
C:/MyFolder/01_GitRepoProject/01_Release Candidate/02_GitHub/STM32CubeFunctionPack_ALLMEMS1_V4.2.0/Drivers/BSP/Components/lsm6dsox/lsm6dsox.c:2413:9:LSM6DSOX_ACC_Get_6D_Orientation_XL	16	static
C:/MyFolder/01_GitRepoProject/01_Release Candidate/02_GitHub/STM32CubeFunctionPack_ALLMEMS1_V4.2.0/Drivers/BSP/Components/lsm6dsox/lsm6dsox.c:2433:9:LSM6DSOX_ACC_Get_6D_Orientation_XH	16	static
C:/MyFolder/01_GitRepoProject/01_Release Candidate/02_GitHub/STM32CubeFunctionPack_ALLMEMS1_V4.2.0/Drivers/BSP/Components/lsm6dsox/lsm6dsox.c:2453:9:LSM6DSOX_ACC_Get_6D_Orientation_YL	16	static
C:/MyFolder/01_GitRepoProject/01_Release Candidate/02_GitHub/STM32CubeFunctionPack_ALLMEMS1_V4.2.0/Drivers/BSP/Components/lsm6dsox/lsm6dsox.c:2473:9:LSM6DSOX_ACC_Get_6D_Orientation_YH	16	static
C:/MyFolder/01_GitRepoProject/01_Release Candidate/02_GitHub/STM32CubeFunctionPack_ALLMEMS1_V4.2.0/Drivers/BSP/Components/lsm6dsox/lsm6dsox.c:2493:9:LSM6DSOX_ACC_Get_6D_Orientation_ZL	16	static
C:/MyFolder/01_GitRepoProject/01_Release Candidate/02_GitHub/STM32CubeFunctionPack_ALLMEMS1_V4.2.0/Drivers/BSP/Components/lsm6dsox/lsm6dsox.c:2513:9:LSM6DSOX_ACC_Get_6D_Orientation_ZH	16	static
C:/MyFolder/01_GitRepoProject/01_Release Candidate/02_GitHub/STM32CubeFunctionPack_ALLMEMS1_V4.2.0/Drivers/BSP/Components/lsm6dsox/lsm6dsox.c:2533:9:LSM6DSOX_ACC_Get_DRDY_Status	8	static
C:/MyFolder/01_GitRepoProject/01_Release Candidate/02_GitHub/STM32CubeFunctionPack_ALLMEMS1_V4.2.0/Drivers/BSP/Components/lsm6dsox/lsm6dsox.c:2549:9:LSM6DSOX_ACC_Get_Event_Status	48	static
C:/MyFolder/01_GitRepoProject/01_Release Candidate/02_GitHub/STM32CubeFunctionPack_ALLMEMS1_V4.2.0/Drivers/BSP/Components/lsm6dsox/lsm6dsox.c:2683:9:LSM6DSOX_ACC_Set_SelfTest	8	static
C:/MyFolder/01_GitRepoProject/01_Release Candidate/02_GitHub/STM32CubeFunctionPack_ALLMEMS1_V4.2.0/Drivers/BSP/Components/lsm6dsox/lsm6dsox.c:2706:9:LSM6DSOX_GYRO_Get_DRDY_Status	8	static
C:/MyFolder/01_GitRepoProject/01_Release Candidate/02_GitHub/STM32CubeFunctionPack_ALLMEMS1_V4.2.0/Drivers/BSP/Components/lsm6dsox/lsm6dsox.c:2722:9:LSM6DSOX_GYRO_Set_SelfTest	8	static
C:/MyFolder/01_GitRepoProject/01_Release Candidate/02_GitHub/STM32CubeFunctionPack_ALLMEMS1_V4.2.0/Drivers/BSP/Components/lsm6dsox/lsm6dsox.c:2746:9:LSM6DSOX_FIFO_Get_Num_Samples	8	static
C:/MyFolder/01_GitRepoProject/01_Release Candidate/02_GitHub/STM32CubeFunctionPack_ALLMEMS1_V4.2.0/Drivers/BSP/Components/lsm6dsox/lsm6dsox.c:2762:9:LSM6DSOX_FIFO_Get_Full_Status	16	static
C:/MyFolder/01_GitRepoProject/01_Release Candidate/02_GitHub/STM32CubeFunctionPack_ALLMEMS1_V4.2.0/Drivers/BSP/Components/lsm6dsox/lsm6dsox.c:2782:9:LSM6DSOX_FIFO_Set_INT1_FIFO_Full	24	static
C:/MyFolder/01_GitRepoProject/01_Release Candidate/02_GitHub/STM32CubeFunctionPack_ALLMEMS1_V4.2.0/Drivers/BSP/Components/lsm6dsox/lsm6dsox.c:2807:9:LSM6DSOX_FIFO_Set_Watermark_Level	8	static
C:/MyFolder/01_GitRepoProject/01_Release Candidate/02_GitHub/STM32CubeFunctionPack_ALLMEMS1_V4.2.0/Drivers/BSP/Components/lsm6dsox/lsm6dsox.c:2823:9:LSM6DSOX_FIFO_Set_Stop_On_Fth	8	static
C:/MyFolder/01_GitRepoProject/01_Release Candidate/02_GitHub/STM32CubeFunctionPack_ALLMEMS1_V4.2.0/Drivers/BSP/Components/lsm6dsox/lsm6dsox.c:2839:9:LSM6DSOX_FIFO_Set_Mode	8	static
C:/MyFolder/01_GitRepoProject/01_Release Candidate/02_GitHub/STM32CubeFunctionPack_ALLMEMS1_V4.2.0/Drivers/BSP/Components/lsm6dsox/lsm6dsox.c:2877:9:LSM6DSOX_FIFO_Get_Tag	16	static
C:/MyFolder/01_GitRepoProject/01_Release Candidate/02_GitHub/STM32CubeFunctionPack_ALLMEMS1_V4.2.0/Drivers/BSP/Components/lsm6dsox/lsm6dsox.c:2897:9:LSM6DSOX_FIFO_Get_Data	8	static
C:/MyFolder/01_GitRepoProject/01_Release Candidate/02_GitHub/STM32CubeFunctionPack_ALLMEMS1_V4.2.0/Drivers/BSP/Components/lsm6dsox/lsm6dsox.c:2913:9:LSM6DSOX_FIFO_ACC_Get_Axes	56	static
C:/MyFolder/01_GitRepoProject/01_Release Candidate/02_GitHub/STM32CubeFunctionPack_ALLMEMS1_V4.2.0/Drivers/BSP/Components/lsm6dsox/lsm6dsox.c:2951:9:LSM6DSOX_FIFO_ACC_Set_BDR	8	static
C:/MyFolder/01_GitRepoProject/01_Release Candidate/02_GitHub/STM32CubeFunctionPack_ALLMEMS1_V4.2.0/Drivers/BSP/Components/lsm6dsox/lsm6dsox.c:2981:9:LSM6DSOX_FIFO_GYRO_Get_Axes	56	static
C:/MyFolder/01_GitRepoProject/01_Release Candidate/02_GitHub/STM32CubeFunctionPack_ALLMEMS1_V4.2.0/Drivers/BSP/Components/lsm6dsox/lsm6dsox.c:3019:9:LSM6DSOX_FIFO_GYRO_Set_BDR	8	static
C:/MyFolder/01_GitRepoProject/01_Release Candidate/02_GitHub/STM32CubeFunctionPack_ALLMEMS1_V4.2.0/Drivers/BSP/Components/lsm6dsox/lsm6dsox.c:3177:9:LSM6DSOX_ACC_Enable_DRDY_Interrupt	16	static
C:/MyFolder/01_GitRepoProject/01_Release Candidate/02_GitHub/STM32CubeFunctionPack_ALLMEMS1_V4.2.0/Drivers/BSP/Components/lsm6dsox/lsm6dsox.c:3201:9:LSM6DSOX_GYRO_Enable_DRDY_Interrupt	16	static
C:/MyFolder/01_GitRepoProject/01_Release Candidate/02_GitHub/STM32CubeFunctionPack_ALLMEMS1_V4.2.0/Drivers/BSP/Components/lsm6dsox/lsm6dsox.c:3226:9:LSM6DSOX_ACC_Set_Power_Mode	8	static
C:/MyFolder/01_GitRepoProject/01_Release Candidate/02_GitHub/STM32CubeFunctionPack_ALLMEMS1_V4.2.0/Drivers/BSP/Components/lsm6dsox/lsm6dsox.c:3242:9:LSM6DSOX_GYRO_Set_Power_Mode	8	static
C:/MyFolder/01_GitRepoProject/01_Release Candidate/02_GitHub/STM32CubeFunctionPack_ALLMEMS1_V4.2.0/Drivers/BSP/Components/lsm6dsox/lsm6dsox.c:3259:9:LSM6DSOX_ACC_Set_Filter_Mode	16	static
C:/MyFolder/01_GitRepoProject/01_Release Candidate/02_GitHub/STM32CubeFunctionPack_ALLMEMS1_V4.2.0/Drivers/BSP/Components/lsm6dsox/lsm6dsox.c:3293:9:LSM6DSOX_GYRO_Set_Filter_Mode	16	static
C:/MyFolder/01_GitRepoProject/01_Release Candidate/02_GitHub/STM32CubeFunctionPack_ALLMEMS1_V4.2.0/Drivers/BSP/Components/lsm6dsox/lsm6dsox.c:3328:9:LSM6DSOX_ACC_Enable_Inactivity_Detection	32	static
C:/MyFolder/01_GitRepoProject/01_Release Candidate/02_GitHub/STM32CubeFunctionPack_ALLMEMS1_V4.2.0/Drivers/BSP/Components/lsm6dsox/lsm6dsox.c:3420:9:LSM6DSOX_ACC_Disable_Inactivity_Detection	24	static
C:/MyFolder/01_GitRepoProject/01_Release Candidate/02_GitHub/STM32CubeFunctionPack_ALLMEMS1_V4.2.0/Drivers/BSP/Components/lsm6dsox/lsm6dsox.c:3470:9:LSM6DSOX_ACC_Set_Sleep_Duration	8	static
