C:/MyFolder/01_GitRepoProject/01_Release Candidate/02_GitHub/STM32CubeFunctionPack_ALLMEMS1_V4.2.0/Middlewares/ST/BlueNRG-2/hci/bluenrg1_hci_le.c:22:12:hci_disconnect	296	static
C:/MyFolder/01_GitRepoProject/01_Release Candidate/02_GitHub/STM32CubeFunctionPack_ALLMEMS1_V4.2.0/Middlewares/ST/BlueNRG-2/hci/bluenrg1_hci_le.c:49:12:hci_read_remote_version_information	296	static
C:/MyFolder/01_GitRepoProject/01_Release Candidate/02_GitHub/STM32CubeFunctionPack_ALLMEMS1_V4.2.0/Middlewares/ST/BlueNRG-2/hci/bluenrg1_hci_le.c:73:12:hci_set_event_mask	304	static
C:/MyFolder/01_GitRepoProject/01_Release Candidate/02_GitHub/STM32CubeFunctionPack_ALLMEMS1_V4.2.0/Middlewares/ST/BlueNRG-2/hci/bluenrg1_hci_le.c:96:12:hci_reset	40	static
C:/MyFolder/01_GitRepoProject/01_Release Candidate/02_GitHub/STM32CubeFunctionPack_ALLMEMS1_V4.2.0/Middlewares/ST/BlueNRG-2/hci/bluenrg1_hci_le.c:112:12:hci_read_transmit_power_level	304	static
C:/MyFolder/01_GitRepoProject/01_Release Candidate/02_GitHub/STM32CubeFunctionPack_ALLMEMS1_V4.2.0/Middlewares/ST/BlueNRG-2/hci/bluenrg1_hci_le.c:141:12:hci_read_local_version_information	64	static
C:/MyFolder/01_GitRepoProject/01_Release Candidate/02_GitHub/STM32CubeFunctionPack_ALLMEMS1_V4.2.0/Middlewares/ST/BlueNRG-2/hci/bluenrg1_hci_le.c:167:12:hci_read_local_supported_commands	112	static
C:/MyFolder/01_GitRepoProject/01_Release Candidate/02_GitHub/STM32CubeFunctionPack_ALLMEMS1_V4.2.0/Middlewares/ST/BlueNRG-2/hci/bluenrg1_hci_le.c:185:12:hci_read_local_supported_features	48	static
C:/MyFolder/01_GitRepoProject/01_Release Candidate/02_GitHub/STM32CubeFunctionPack_ALLMEMS1_V4.2.0/Middlewares/ST/BlueNRG-2/hci/bluenrg1_hci_le.c:203:12:hci_read_bd_addr	40	static
C:/MyFolder/01_GitRepoProject/01_Release Candidate/02_GitHub/STM32CubeFunctionPack_ALLMEMS1_V4.2.0/Middlewares/ST/BlueNRG-2/hci/bluenrg1_hci_le.c:221:12:hci_read_rssi	296	static
C:/MyFolder/01_GitRepoProject/01_Release Candidate/02_GitHub/STM32CubeFunctionPack_ALLMEMS1_V4.2.0/Middlewares/ST/BlueNRG-2/hci/bluenrg1_hci_le.c:247:12:hci_le_set_event_mask	304	static
C:/MyFolder/01_GitRepoProject/01_Release Candidate/02_GitHub/STM32CubeFunctionPack_ALLMEMS1_V4.2.0/Middlewares/ST/BlueNRG-2/hci/bluenrg1_hci_le.c:270:12:hci_le_read_buffer_size	48	static
C:/MyFolder/01_GitRepoProject/01_Release Candidate/02_GitHub/STM32CubeFunctionPack_ALLMEMS1_V4.2.0/Middlewares/ST/BlueNRG-2/hci/bluenrg1_hci_le.c:290:12:hci_le_read_local_supported_features	48	static
C:/MyFolder/01_GitRepoProject/01_Release Candidate/02_GitHub/STM32CubeFunctionPack_ALLMEMS1_V4.2.0/Middlewares/ST/BlueNRG-2/hci/bluenrg1_hci_le.c:308:12:hci_le_set_random_address	296	static
C:/MyFolder/01_GitRepoProject/01_Release Candidate/02_GitHub/STM32CubeFunctionPack_ALLMEMS1_V4.2.0/Middlewares/ST/BlueNRG-2/hci/bluenrg1_hci_le.c:331:12:hci_le_set_advertising_parameters	304	static
C:/MyFolder/01_GitRepoProject/01_Release Candidate/02_GitHub/STM32CubeFunctionPack_ALLMEMS1_V4.2.0/Middlewares/ST/BlueNRG-2/hci/bluenrg1_hci_le.c:375:12:hci_le_read_advertising_channel_tx_power	40	static
C:/MyFolder/01_GitRepoProject/01_Release Candidate/02_GitHub/STM32CubeFunctionPack_ALLMEMS1_V4.2.0/Middlewares/ST/BlueNRG-2/hci/bluenrg1_hci_le.c:393:12:hci_le_set_advertising_data	304	static
C:/MyFolder/01_GitRepoProject/01_Release Candidate/02_GitHub/STM32CubeFunctionPack_ALLMEMS1_V4.2.0/Middlewares/ST/BlueNRG-2/hci/bluenrg1_hci_le.c:419:12:hci_le_set_scan_response_data	296	static
C:/MyFolder/01_GitRepoProject/01_Release Candidate/02_GitHub/STM32CubeFunctionPack_ALLMEMS1_V4.2.0/Middlewares/ST/BlueNRG-2/hci/bluenrg1_hci_le.c:448:12:hci_le_set_advertise_enable	296	static
C:/MyFolder/01_GitRepoProject/01_Release Candidate/02_GitHub/STM32CubeFunctionPack_ALLMEMS1_V4.2.0/Middlewares/ST/BlueNRG-2/hci/bluenrg1_hci_le.c:471:12:hci_le_set_scan_parameters	304	static
C:/MyFolder/01_GitRepoProject/01_Release Candidate/02_GitHub/STM32CubeFunctionPack_ALLMEMS1_V4.2.0/Middlewares/ST/BlueNRG-2/hci/bluenrg1_hci_le.c:506:12:hci_le_set_scan_enable	296	static
C:/MyFolder/01_GitRepoProject/01_Release Candidate/02_GitHub/STM32CubeFunctionPack_ALLMEMS1_V4.2.0/Middlewares/ST/BlueNRG-2/hci/bluenrg1_hci_le.c:532:12:hci_le_create_connection	304	static
C:/MyFolder/01_GitRepoProject/01_Release Candidate/02_GitHub/STM32CubeFunctionPack_ALLMEMS1_V4.2.0/Middlewares/ST/BlueNRG-2/hci/bluenrg1_hci_le.c:589:12:hci_le_create_connection_cancel	40	static
C:/MyFolder/01_GitRepoProject/01_Release Candidate/02_GitHub/STM32CubeFunctionPack_ALLMEMS1_V4.2.0/Middlewares/ST/BlueNRG-2/hci/bluenrg1_hci_le.c:605:12:hci_le_read_white_list_size	40	static
C:/MyFolder/01_GitRepoProject/01_Release Candidate/02_GitHub/STM32CubeFunctionPack_ALLMEMS1_V4.2.0/Middlewares/ST/BlueNRG-2/hci/bluenrg1_hci_le.c:623:12:hci_le_clear_white_list	40	static
C:/MyFolder/01_GitRepoProject/01_Release Candidate/02_GitHub/STM32CubeFunctionPack_ALLMEMS1_V4.2.0/Middlewares/ST/BlueNRG-2/hci/bluenrg1_hci_le.c:639:12:hci_le_add_device_to_white_list	296	static
C:/MyFolder/01_GitRepoProject/01_Release Candidate/02_GitHub/STM32CubeFunctionPack_ALLMEMS1_V4.2.0/Middlewares/ST/BlueNRG-2/hci/bluenrg1_hci_le.c:665:12:hci_le_remove_device_from_white_list	296	static
C:/MyFolder/01_GitRepoProject/01_Release Candidate/02_GitHub/STM32CubeFunctionPack_ALLMEMS1_V4.2.0/Middlewares/ST/BlueNRG-2/hci/bluenrg1_hci_le.c:691:12:hci_le_connection_update	304	static
C:/MyFolder/01_GitRepoProject/01_Release Candidate/02_GitHub/STM32CubeFunctionPack_ALLMEMS1_V4.2.0/Middlewares/ST/BlueNRG-2/hci/bluenrg1_hci_le.c:733:12:hci_le_set_host_channel_classification	296	static
C:/MyFolder/01_GitRepoProject/01_Release Candidate/02_GitHub/STM32CubeFunctionPack_ALLMEMS1_V4.2.0/Middlewares/ST/BlueNRG-2/hci/bluenrg1_hci_le.c:756:12:hci_le_read_channel_map	312	static
C:/MyFolder/01_GitRepoProject/01_Release Candidate/02_GitHub/STM32CubeFunctionPack_ALLMEMS1_V4.2.0/Middlewares/ST/BlueNRG-2/hci/bluenrg1_hci_le.c:782:12:hci_le_read_remote_used_features	296	static
C:/MyFolder/01_GitRepoProject/01_Release Candidate/02_GitHub/STM32CubeFunctionPack_ALLMEMS1_V4.2.0/Middlewares/ST/BlueNRG-2/hci/bluenrg1_hci_le.c:806:12:hci_le_encrypt	320	static
C:/MyFolder/01_GitRepoProject/01_Release Candidate/02_GitHub/STM32CubeFunctionPack_ALLMEMS1_V4.2.0/Middlewares/ST/BlueNRG-2/hci/bluenrg1_hci_le.c:835:12:hci_le_rand	48	static
C:/MyFolder/01_GitRepoProject/01_Release Candidate/02_GitHub/STM32CubeFunctionPack_ALLMEMS1_V4.2.0/Middlewares/ST/BlueNRG-2/hci/bluenrg1_hci_le.c:853:12:hci_le_start_encryption	304	static
C:/MyFolder/01_GitRepoProject/01_Release Candidate/02_GitHub/STM32CubeFunctionPack_ALLMEMS1_V4.2.0/Middlewares/ST/BlueNRG-2/hci/bluenrg1_hci_le.c:886:12:hci_le_long_term_key_request_reply	296	static
C:/MyFolder/01_GitRepoProject/01_Release Candidate/02_GitHub/STM32CubeFunctionPack_ALLMEMS1_V4.2.0/Middlewares/ST/BlueNRG-2/hci/bluenrg1_hci_le.c:913:12:hci_le_long_term_key_requested_negative_reply	296	static
C:/MyFolder/01_GitRepoProject/01_Release Candidate/02_GitHub/STM32CubeFunctionPack_ALLMEMS1_V4.2.0/Middlewares/ST/BlueNRG-2/hci/bluenrg1_hci_le.c:937:12:hci_le_read_supported_states	48	static
C:/MyFolder/01_GitRepoProject/01_Release Candidate/02_GitHub/STM32CubeFunctionPack_ALLMEMS1_V4.2.0/Middlewares/ST/BlueNRG-2/hci/bluenrg1_hci_le.c:955:12:hci_le_receiver_test	296	static
C:/MyFolder/01_GitRepoProject/01_Release Candidate/02_GitHub/STM32CubeFunctionPack_ALLMEMS1_V4.2.0/Middlewares/ST/BlueNRG-2/hci/bluenrg1_hci_le.c:978:12:hci_le_transmitter_test	304	static
C:/MyFolder/01_GitRepoProject/01_Release Candidate/02_GitHub/STM32CubeFunctionPack_ALLMEMS1_V4.2.0/Middlewares/ST/BlueNRG-2/hci/bluenrg1_hci_le.c:1007:12:hci_le_test_end	40	static
C:/MyFolder/01_GitRepoProject/01_Release Candidate/02_GitHub/STM32CubeFunctionPack_ALLMEMS1_V4.2.0/Middlewares/ST/BlueNRG-2/hci/bluenrg1_hci_le.c:1025:12:hci_le_set_data_length	296	static
C:/MyFolder/01_GitRepoProject/01_Release Candidate/02_GitHub/STM32CubeFunctionPack_ALLMEMS1_V4.2.0/Middlewares/ST/BlueNRG-2/hci/bluenrg1_hci_le.c:1055:12:hci_le_read_suggested_default_data_length	48	static
C:/MyFolder/01_GitRepoProject/01_Release Candidate/02_GitHub/STM32CubeFunctionPack_ALLMEMS1_V4.2.0/Middlewares/ST/BlueNRG-2/hci/bluenrg1_hci_le.c:1075:12:hci_le_write_suggested_default_data_length	296	static
C:/MyFolder/01_GitRepoProject/01_Release Candidate/02_GitHub/STM32CubeFunctionPack_ALLMEMS1_V4.2.0/Middlewares/ST/BlueNRG-2/hci/bluenrg1_hci_le.c:1101:12:hci_le_read_local_p256_public_key	40	static
C:/MyFolder/01_GitRepoProject/01_Release Candidate/02_GitHub/STM32CubeFunctionPack_ALLMEMS1_V4.2.0/Middlewares/ST/BlueNRG-2/hci/bluenrg1_hci_le.c:1118:12:hci_le_generate_dhkey	304	static
C:/MyFolder/01_GitRepoProject/01_Release Candidate/02_GitHub/STM32CubeFunctionPack_ALLMEMS1_V4.2.0/Middlewares/ST/BlueNRG-2/hci/bluenrg1_hci_le.c:1142:12:hci_le_add_device_to_resolving_list	304	static
C:/MyFolder/01_GitRepoProject/01_Release Candidate/02_GitHub/STM32CubeFunctionPack_ALLMEMS1_V4.2.0/Middlewares/ST/BlueNRG-2/hci/bluenrg1_hci_le.c:1174:12:hci_le_remove_device_from_resolving_list	296	static
C:/MyFolder/01_GitRepoProject/01_Release Candidate/02_GitHub/STM32CubeFunctionPack_ALLMEMS1_V4.2.0/Middlewares/ST/BlueNRG-2/hci/bluenrg1_hci_le.c:1200:12:hci_le_clear_resolving_list	40	static
C:/MyFolder/01_GitRepoProject/01_Release Candidate/02_GitHub/STM32CubeFunctionPack_ALLMEMS1_V4.2.0/Middlewares/ST/BlueNRG-2/hci/bluenrg1_hci_le.c:1216:12:hci_le_read_resolving_list_size	40	static
C:/MyFolder/01_GitRepoProject/01_Release Candidate/02_GitHub/STM32CubeFunctionPack_ALLMEMS1_V4.2.0/Middlewares/ST/BlueNRG-2/hci/bluenrg1_hci_le.c:1234:12:hci_le_read_peer_resolvable_address	312	static
C:/MyFolder/01_GitRepoProject/01_Release Candidate/02_GitHub/STM32CubeFunctionPack_ALLMEMS1_V4.2.0/Middlewares/ST/BlueNRG-2/hci/bluenrg1_hci_le.c:1263:12:hci_le_read_local_resolvable_address	312	static
C:/MyFolder/01_GitRepoProject/01_Release Candidate/02_GitHub/STM32CubeFunctionPack_ALLMEMS1_V4.2.0/Middlewares/ST/BlueNRG-2/hci/bluenrg1_hci_le.c:1292:12:hci_le_set_address_resolution_enable	296	static
C:/MyFolder/01_GitRepoProject/01_Release Candidate/02_GitHub/STM32CubeFunctionPack_ALLMEMS1_V4.2.0/Middlewares/ST/BlueNRG-2/hci/bluenrg1_hci_le.c:1315:12:hci_le_set_resolvable_private_address_timeout	296	static
C:/MyFolder/01_GitRepoProject/01_Release Candidate/02_GitHub/STM32CubeFunctionPack_ALLMEMS1_V4.2.0/Middlewares/ST/BlueNRG-2/hci/bluenrg1_hci_le.c:1339:12:hci_le_read_maximum_data_length	64	static
