C:/MyFolder/01_GitRepoProject/01_Release Candidate/02_GitHub/STM32CubeFunctionPack_ALLMEMS1_V4.2.0/Middlewares/ST/BlueNRG-2/hci/bluenrg1_events_cb.c:131:1:hci_disconnection_complete_event	0	static
C:/MyFolder/01_GitRepoProject/01_Release Candidate/02_GitHub/STM32CubeFunctionPack_ALLMEMS1_V4.2.0/Middlewares/ST/BlueNRG-2/hci/bluenrg1_events_cb.c:166:1:hci_encryption_change_event	0	static
C:/MyFolder/01_GitRepoProject/01_Release Candidate/02_GitHub/STM32CubeFunctionPack_ALLMEMS1_V4.2.0/Middlewares/ST/BlueNRG-2/hci/bluenrg1_events_cb.c:202:1:hci_read_remote_version_information_complete_event	0	static
C:/MyFolder/01_GitRepoProject/01_Release Candidate/02_GitHub/STM32CubeFunctionPack_ALLMEMS1_V4.2.0/Middlewares/ST/BlueNRG-2/hci/bluenrg1_events_cb.c:226:1:hci_hardware_error_event	0	static
C:/MyFolder/01_GitRepoProject/01_Release Candidate/02_GitHub/STM32CubeFunctionPack_ALLMEMS1_V4.2.0/Middlewares/ST/BlueNRG-2/hci/bluenrg1_events_cb.c:252:1:hci_number_of_completed_packets_event	0	static
C:/MyFolder/01_GitRepoProject/01_Release Candidate/02_GitHub/STM32CubeFunctionPack_ALLMEMS1_V4.2.0/Middlewares/ST/BlueNRG-2/hci/bluenrg1_events_cb.c:269:1:hci_data_buffer_overflow_event	0	static
C:/MyFolder/01_GitRepoProject/01_Release Candidate/02_GitHub/STM32CubeFunctionPack_ALLMEMS1_V4.2.0/Middlewares/ST/BlueNRG-2/hci/bluenrg1_events_cb.c:294:1:hci_encryption_key_refresh_complete_event	0	static
C:/MyFolder/01_GitRepoProject/01_Release Candidate/02_GitHub/STM32CubeFunctionPack_ALLMEMS1_V4.2.0/Middlewares/ST/BlueNRG-2/hci/bluenrg1_events_cb.c:351:1:hci_le_connection_complete_event	0	static
C:/MyFolder/01_GitRepoProject/01_Release Candidate/02_GitHub/STM32CubeFunctionPack_ALLMEMS1_V4.2.0/Middlewares/ST/BlueNRG-2/hci/bluenrg1_events_cb.c:377:1:hci_le_advertising_report_event	0	static
C:/MyFolder/01_GitRepoProject/01_Release Candidate/02_GitHub/STM32CubeFunctionPack_ALLMEMS1_V4.2.0/Middlewares/ST/BlueNRG-2/hci/bluenrg1_events_cb.c:408:1:hci_le_connection_update_complete_event	0	static
C:/MyFolder/01_GitRepoProject/01_Release Candidate/02_GitHub/STM32CubeFunctionPack_ALLMEMS1_V4.2.0/Middlewares/ST/BlueNRG-2/hci/bluenrg1_events_cb.c:430:1:hci_le_read_remote_used_features_complete_event	0	static
C:/MyFolder/01_GitRepoProject/01_Release Candidate/02_GitHub/STM32CubeFunctionPack_ALLMEMS1_V4.2.0/Middlewares/ST/BlueNRG-2/hci/bluenrg1_events_cb.c:450:1:hci_le_long_term_key_request_event	0	static
C:/MyFolder/01_GitRepoProject/01_Release Candidate/02_GitHub/STM32CubeFunctionPack_ALLMEMS1_V4.2.0/Middlewares/ST/BlueNRG-2/hci/bluenrg1_events_cb.c:473:1:hci_le_data_length_change_event	0	static
C:/MyFolder/01_GitRepoProject/01_Release Candidate/02_GitHub/STM32CubeFunctionPack_ALLMEMS1_V4.2.0/Middlewares/ST/BlueNRG-2/hci/bluenrg1_events_cb.c:490:1:hci_le_read_local_p256_public_key_complete_event	0	static
C:/MyFolder/01_GitRepoProject/01_Release Candidate/02_GitHub/STM32CubeFunctionPack_ALLMEMS1_V4.2.0/Middlewares/ST/BlueNRG-2/hci/bluenrg1_events_cb.c:505:1:hci_le_generate_dhkey_complete_event	0	static
C:/MyFolder/01_GitRepoProject/01_Release Candidate/02_GitHub/STM32CubeFunctionPack_ALLMEMS1_V4.2.0/Middlewares/ST/BlueNRG-2/hci/bluenrg1_events_cb.c:577:1:hci_le_enhanced_connection_complete_event	0	static
C:/MyFolder/01_GitRepoProject/01_Release Candidate/02_GitHub/STM32CubeFunctionPack_ALLMEMS1_V4.2.0/Middlewares/ST/BlueNRG-2/hci/bluenrg1_events_cb.c:608:1:hci_le_direct_advertising_report_event	0	static
C:/MyFolder/01_GitRepoProject/01_Release Candidate/02_GitHub/STM32CubeFunctionPack_ALLMEMS1_V4.2.0/Middlewares/ST/BlueNRG-2/hci/bluenrg1_events_cb.c:630:1:aci_gap_limited_discoverable_event	0	static
C:/MyFolder/01_GitRepoProject/01_Release Candidate/02_GitHub/STM32CubeFunctionPack_ALLMEMS1_V4.2.0/Middlewares/ST/BlueNRG-2/hci/bluenrg1_events_cb.c:665:1:aci_gap_pairing_complete_event	0	static
C:/MyFolder/01_GitRepoProject/01_Release Candidate/02_GitHub/STM32CubeFunctionPack_ALLMEMS1_V4.2.0/Middlewares/ST/BlueNRG-2/hci/bluenrg1_events_cb.c:681:1:aci_gap_pass_key_req_event	0	static
C:/MyFolder/01_GitRepoProject/01_Release Candidate/02_GitHub/STM32CubeFunctionPack_ALLMEMS1_V4.2.0/Middlewares/ST/BlueNRG-2/hci/bluenrg1_events_cb.c:696:1:aci_gap_authorization_req_event	0	static
C:/MyFolder/01_GitRepoProject/01_Release Candidate/02_GitHub/STM32CubeFunctionPack_ALLMEMS1_V4.2.0/Middlewares/ST/BlueNRG-2/hci/bluenrg1_events_cb.c:707:1:aci_gap_slave_security_initiated_event	0	static
C:/MyFolder/01_GitRepoProject/01_Release Candidate/02_GitHub/STM32CubeFunctionPack_ALLMEMS1_V4.2.0/Middlewares/ST/BlueNRG-2/hci/bluenrg1_events_cb.c:721:1:aci_gap_bond_lost_event	0	static
C:/MyFolder/01_GitRepoProject/01_Release Candidate/02_GitHub/STM32CubeFunctionPack_ALLMEMS1_V4.2.0/Middlewares/ST/BlueNRG-2/hci/bluenrg1_events_cb.c:747:1:aci_gap_proc_complete_event	0	static
C:/MyFolder/01_GitRepoProject/01_Release Candidate/02_GitHub/STM32CubeFunctionPack_ALLMEMS1_V4.2.0/Middlewares/ST/BlueNRG-2/hci/bluenrg1_events_cb.c:765:1:aci_gap_addr_not_resolved_event	0	static
C:/MyFolder/01_GitRepoProject/01_Release Candidate/02_GitHub/STM32CubeFunctionPack_ALLMEMS1_V4.2.0/Middlewares/ST/BlueNRG-2/hci/bluenrg1_events_cb.c:779:1:aci_gap_numeric_comparison_value_event	0	static
C:/MyFolder/01_GitRepoProject/01_Release Candidate/02_GitHub/STM32CubeFunctionPack_ALLMEMS1_V4.2.0/Middlewares/ST/BlueNRG-2/hci/bluenrg1_events_cb.c:793:1:aci_gap_keypress_notification_event	0	static
C:/MyFolder/01_GitRepoProject/01_Release Candidate/02_GitHub/STM32CubeFunctionPack_ALLMEMS1_V4.2.0/Middlewares/ST/BlueNRG-2/hci/bluenrg1_events_cb.c:819:1:aci_gatt_attribute_modified_event	0	static
C:/MyFolder/01_GitRepoProject/01_Release Candidate/02_GitHub/STM32CubeFunctionPack_ALLMEMS1_V4.2.0/Middlewares/ST/BlueNRG-2/hci/bluenrg1_events_cb.c:836:1:aci_gatt_proc_timeout_event	0	static
C:/MyFolder/01_GitRepoProject/01_Release Candidate/02_GitHub/STM32CubeFunctionPack_ALLMEMS1_V4.2.0/Middlewares/ST/BlueNRG-2/hci/bluenrg1_events_cb.c:850:1:aci_att_exchange_mtu_resp_event	0	static
C:/MyFolder/01_GitRepoProject/01_Release Candidate/02_GitHub/STM32CubeFunctionPack_ALLMEMS1_V4.2.0/Middlewares/ST/BlueNRG-2/hci/bluenrg1_events_cb.c:868:1:aci_att_find_info_resp_event	0	static
C:/MyFolder/01_GitRepoProject/01_Release Candidate/02_GitHub/STM32CubeFunctionPack_ALLMEMS1_V4.2.0/Middlewares/ST/BlueNRG-2/hci/bluenrg1_events_cb.c:885:1:aci_att_find_by_type_value_resp_event	0	static
C:/MyFolder/01_GitRepoProject/01_Release Candidate/02_GitHub/STM32CubeFunctionPack_ALLMEMS1_V4.2.0/Middlewares/ST/BlueNRG-2/hci/bluenrg1_events_cb.c:903:1:aci_att_read_by_type_resp_event	0	static
C:/MyFolder/01_GitRepoProject/01_Release Candidate/02_GitHub/STM32CubeFunctionPack_ALLMEMS1_V4.2.0/Middlewares/ST/BlueNRG-2/hci/bluenrg1_events_cb.c:920:1:aci_att_read_resp_event	0	static
C:/MyFolder/01_GitRepoProject/01_Release Candidate/02_GitHub/STM32CubeFunctionPack_ALLMEMS1_V4.2.0/Middlewares/ST/BlueNRG-2/hci/bluenrg1_events_cb.c:936:1:aci_att_read_blob_resp_event	0	static
C:/MyFolder/01_GitRepoProject/01_Release Candidate/02_GitHub/STM32CubeFunctionPack_ALLMEMS1_V4.2.0/Middlewares/ST/BlueNRG-2/hci/bluenrg1_events_cb.c:953:1:aci_att_read_multiple_resp_event	0	static
C:/MyFolder/01_GitRepoProject/01_Release Candidate/02_GitHub/STM32CubeFunctionPack_ALLMEMS1_V4.2.0/Middlewares/ST/BlueNRG-2/hci/bluenrg1_events_cb.c:971:1:aci_att_read_by_group_type_resp_event	0	static
C:/MyFolder/01_GitRepoProject/01_Release Candidate/02_GitHub/STM32CubeFunctionPack_ALLMEMS1_V4.2.0/Middlewares/ST/BlueNRG-2/hci/bluenrg1_events_cb.c:990:1:aci_att_prepare_write_resp_event	0	static
C:/MyFolder/01_GitRepoProject/01_Release Candidate/02_GitHub/STM32CubeFunctionPack_ALLMEMS1_V4.2.0/Middlewares/ST/BlueNRG-2/hci/bluenrg1_events_cb.c:1006:1:aci_att_exec_write_resp_event	0	static
C:/MyFolder/01_GitRepoProject/01_Release Candidate/02_GitHub/STM32CubeFunctionPack_ALLMEMS1_V4.2.0/Middlewares/ST/BlueNRG-2/hci/bluenrg1_events_cb.c:1021:1:aci_gatt_indication_event	0	static
C:/MyFolder/01_GitRepoProject/01_Release Candidate/02_GitHub/STM32CubeFunctionPack_ALLMEMS1_V4.2.0/Middlewares/ST/BlueNRG-2/hci/bluenrg1_events_cb.c:1039:1:aci_gatt_notification_event	0	static
C:/MyFolder/01_GitRepoProject/01_Release Candidate/02_GitHub/STM32CubeFunctionPack_ALLMEMS1_V4.2.0/Middlewares/ST/BlueNRG-2/hci/bluenrg1_events_cb.c:1148:1:aci_gatt_proc_complete_event	0	static
C:/MyFolder/01_GitRepoProject/01_Release Candidate/02_GitHub/STM32CubeFunctionPack_ALLMEMS1_V4.2.0/Middlewares/ST/BlueNRG-2/hci/bluenrg1_events_cb.c:1185:1:aci_gatt_error_resp_event	0	static
C:/MyFolder/01_GitRepoProject/01_Release Candidate/02_GitHub/STM32CubeFunctionPack_ALLMEMS1_V4.2.0/Middlewares/ST/BlueNRG-2/hci/bluenrg1_events_cb.c:1210:1:aci_gatt_disc_read_char_by_uuid_resp_event	0	static
C:/MyFolder/01_GitRepoProject/01_Release Candidate/02_GitHub/STM32CubeFunctionPack_ALLMEMS1_V4.2.0/Middlewares/ST/BlueNRG-2/hci/bluenrg1_events_cb.c:1238:1:aci_gatt_write_permit_req_event	0	static
C:/MyFolder/01_GitRepoProject/01_Release Candidate/02_GitHub/STM32CubeFunctionPack_ALLMEMS1_V4.2.0/Middlewares/ST/BlueNRG-2/hci/bluenrg1_events_cb.c:1260:1:aci_gatt_read_permit_req_event	0	static
C:/MyFolder/01_GitRepoProject/01_Release Candidate/02_GitHub/STM32CubeFunctionPack_ALLMEMS1_V4.2.0/Middlewares/ST/BlueNRG-2/hci/bluenrg1_events_cb.c:1281:1:aci_gatt_read_multi_permit_req_event	0	static
C:/MyFolder/01_GitRepoProject/01_Release Candidate/02_GitHub/STM32CubeFunctionPack_ALLMEMS1_V4.2.0/Middlewares/ST/BlueNRG-2/hci/bluenrg1_events_cb.c:1299:1:aci_gatt_tx_pool_available_event	0	static
C:/MyFolder/01_GitRepoProject/01_Release Candidate/02_GitHub/STM32CubeFunctionPack_ALLMEMS1_V4.2.0/Middlewares/ST/BlueNRG-2/hci/bluenrg1_events_cb.c:1312:1:aci_gatt_server_confirmation_event	0	static
C:/MyFolder/01_GitRepoProject/01_Release Candidate/02_GitHub/STM32CubeFunctionPack_ALLMEMS1_V4.2.0/Middlewares/ST/BlueNRG-2/hci/bluenrg1_events_cb.c:1335:1:aci_gatt_prepare_write_permit_req_event	0	static
C:/MyFolder/01_GitRepoProject/01_Release Candidate/02_GitHub/STM32CubeFunctionPack_ALLMEMS1_V4.2.0/Middlewares/ST/BlueNRG-2/hci/bluenrg1_events_cb.c:1362:1:aci_l2cap_connection_update_resp_event	0	static
C:/MyFolder/01_GitRepoProject/01_Release Candidate/02_GitHub/STM32CubeFunctionPack_ALLMEMS1_V4.2.0/Middlewares/ST/BlueNRG-2/hci/bluenrg1_events_cb.c:1380:1:aci_l2cap_proc_timeout_event	0	static
C:/MyFolder/01_GitRepoProject/01_Release Candidate/02_GitHub/STM32CubeFunctionPack_ALLMEMS1_V4.2.0/Middlewares/ST/BlueNRG-2/hci/bluenrg1_events_cb.c:1414:1:aci_l2cap_connection_update_req_event	0	static
C:/MyFolder/01_GitRepoProject/01_Release Candidate/02_GitHub/STM32CubeFunctionPack_ALLMEMS1_V4.2.0/Middlewares/ST/BlueNRG-2/hci/bluenrg1_events_cb.c:1438:1:aci_l2cap_command_reject_event	0	static
C:/MyFolder/01_GitRepoProject/01_Release Candidate/02_GitHub/STM32CubeFunctionPack_ALLMEMS1_V4.2.0/Middlewares/ST/BlueNRG-2/hci/bluenrg1_events_cb.c:1474:1:aci_blue_initialized_event	0	static
C:/MyFolder/01_GitRepoProject/01_Release Candidate/02_GitHub/STM32CubeFunctionPack_ALLMEMS1_V4.2.0/Middlewares/ST/BlueNRG-2/hci/bluenrg1_events_cb.c:1551:1:aci_blue_events_lost_event	0	static
C:/MyFolder/01_GitRepoProject/01_Release Candidate/02_GitHub/STM32CubeFunctionPack_ALLMEMS1_V4.2.0/Middlewares/ST/BlueNRG-2/hci/bluenrg1_events_cb.c:1580:1:aci_blue_crash_info_event	0	static
C:/MyFolder/01_GitRepoProject/01_Release Candidate/02_GitHub/STM32CubeFunctionPack_ALLMEMS1_V4.2.0/Middlewares/ST/BlueNRG-2/hci/bluenrg1_events_cb.c:1626:1:aci_hal_end_of_radio_activity_event	0	static
C:/MyFolder/01_GitRepoProject/01_Release Candidate/02_GitHub/STM32CubeFunctionPack_ALLMEMS1_V4.2.0/Middlewares/ST/BlueNRG-2/hci/bluenrg1_events_cb.c:1655:1:aci_hal_scan_req_report_event	0	static
C:/MyFolder/01_GitRepoProject/01_Release Candidate/02_GitHub/STM32CubeFunctionPack_ALLMEMS1_V4.2.0/Middlewares/ST/BlueNRG-2/hci/bluenrg1_events_cb.c:1673:1:aci_hal_fw_error_event	0	static
