C:/MyFolder/01_GitRepoProject/01_Release Candidate/02_GitHub/STM32CubeFunctionPack_ALLMEMS1_V4.2.0/Middlewares/ST/BlueNRG-2/hci/hci_tl_patterns/Basic/hci_tl.c:55:12:verify_packet	0	static
C:/MyFolder/01_GitRepoProject/01_Release Candidate/02_GitHub/STM32CubeFunctionPack_ALLMEMS1_V4.2.0/Middlewares/ST/BlueNRG-2/hci/hci_tl_patterns/Basic/hci_tl.c:77:13:send_cmd	272	static
C:/MyFolder/01_GitRepoProject/01_Release Candidate/02_GitHub/STM32CubeFunctionPack_ALLMEMS1_V4.2.0/Middlewares/ST/BlueNRG-2/hci/hci_tl_patterns/Basic/hci_tl.c:120:13:free_event_list	16	static
C:/MyFolder/01_GitRepoProject/01_Release Candidate/02_GitHub/STM32CubeFunctionPack_ALLMEMS1_V4.2.0/Middlewares/ST/BlueNRG-2/hci/hci_tl_patterns/Basic/hci_tl.c:103:13:move_list	24	static
C:/MyFolder/01_GitRepoProject/01_Release Candidate/02_GitHub/STM32CubeFunctionPack_ALLMEMS1_V4.2.0/Middlewares/ST/BlueNRG-2/hci/hci_tl_patterns/Basic/hci_tl.c:132:6:hci_init	8	static
C:/MyFolder/01_GitRepoProject/01_Release Candidate/02_GitHub/STM32CubeFunctionPack_ALLMEMS1_V4.2.0/Middlewares/ST/BlueNRG-2/hci/hci_tl_patterns/Basic/hci_tl.c:159:6:hci_register_io_bus	0	static
C:/MyFolder/01_GitRepoProject/01_Release Candidate/02_GitHub/STM32CubeFunctionPack_ALLMEMS1_V4.2.0/Middlewares/ST/BlueNRG-2/hci/hci_tl_patterns/Basic/hci_tl.c:169:5:hci_send_req	32	static
C:/MyFolder/01_GitRepoProject/01_Release Candidate/02_GitHub/STM32CubeFunctionPack_ALLMEMS1_V4.2.0/Middlewares/ST/BlueNRG-2/hci/hci_tl_patterns/Basic/hci_tl.c:309:6:hci_user_evt_proc	16	static
C:/MyFolder/01_GitRepoProject/01_Release Candidate/02_GitHub/STM32CubeFunctionPack_ALLMEMS1_V4.2.0/Middlewares/ST/BlueNRG-2/hci/hci_tl_patterns/Basic/hci_tl.c:327:9:hci_notify_asynch_evt	24	static
